[0.019s] Invoking command in '/home/usuario/Documentos/GitHub/IR2121/Patrolling/src/build/patrolling': CMAKE_PREFIX_PATH=${CMAKE_PREFIX_PATH}:/opt/ros/humble /usr/bin/cmake /home/usuario/Documentos/GitHub/IR2121/Patrolling/src/patrolling -DCMAKE_INSTALL_PREFIX=/home/usuario/Documentos/GitHub/IR2121/Patrolling/src/install/patrolling
[0.298s] -- The C compiler identification is GNU 10.5.0
[0.528s] -- The CXX compiler identification is GNU 10.5.0
[0.548s] -- Detecting C compiler ABI info
[0.863s] -- Detecting C compiler ABI info - done
[0.889s] -- Check for working C compiler: /usr/bin/cc - skipped
[0.889s] -- Detecting C compile features
[0.890s] -- Detecting C compile features - done
[0.900s] -- Detecting CXX compiler ABI info
[1.170s] -- Detecting CXX compiler ABI info - done
[1.201s] -- Check for working CXX compiler: /usr/bin/c++ - skipped
[1.201s] -- Detecting CXX compile features
[1.201s] -- Detecting CXX compile features - done
[1.213s] -- Found ament_cmake: 1.3.12 (/opt/ros/humble/share/ament_cmake/cmake)
[1.337s] -- Found Python3: /usr/bin/python3 (found version "3.10.12") found components: Interpreter 
[1.439s] -- Found rclcpp: 16.0.15 (/opt/ros/humble/share/rclcpp/cmake)
[1.484s] -- Found rosidl_generator_c: 3.1.7 (/opt/ros/humble/share/rosidl_generator_c/cmake)
[1.489s] -- Found rosidl_adapter: 3.1.7 (/opt/ros/humble/share/rosidl_adapter/cmake)
[1.497s] -- Found rosidl_generator_cpp: 3.1.7 (/opt/ros/humble/share/rosidl_generator_cpp/cmake)
[1.508s] -- Using all available rosidl_typesupport_c: rosidl_typesupport_fastrtps_c;rosidl_typesupport_introspection_c
[1.523s] -- Using all available rosidl_typesupport_cpp: rosidl_typesupport_fastrtps_cpp;rosidl_typesupport_introspection_cpp
[1.563s] -- Found rmw_implementation_cmake: 6.1.2 (/opt/ros/humble/share/rmw_implementation_cmake/cmake)
[1.566s] -- Found rmw_fastrtps_cpp: 6.2.9 (/opt/ros/humble/share/rmw_fastrtps_cpp/cmake)
[1.658s] -- Found OpenSSL: /usr/lib/x86_64-linux-gnu/libcrypto.so (found version "3.0.2")  
[1.693s] -- Found FastRTPS: /opt/ros/humble/include  
[1.745s] -- Using RMW implementation 'rmw_fastrtps_cpp' as default
[1.764s] -- Looking for pthread.h
[2.061s] -- Looking for pthread.h - found
[2.070s] -- Performing Test CMAKE_HAVE_LIBC_PTHREAD
[2.378s] -- Performing Test CMAKE_HAVE_LIBC_PTHREAD - Success
[2.387s] -- Found Threads: TRUE  
[2.432s] -- Found geometry_msgs: 4.9.0 (/opt/ros/humble/share/geometry_msgs/cmake)
[2.443s] -- Found ament_lint_auto: 0.12.14 (/opt/ros/humble/share/ament_lint_auto/cmake)
[2.540s] -- Added test 'cppcheck' to perform static code analysis on C / C++ code
[2.540s] -- Configured cppcheck include dirs: 
[2.540s] -- Configured cppcheck exclude dirs and/or files: 
[2.540s] -- Added test 'lint_cmake' to check CMake code style
[2.541s] -- Added test 'uncrustify' to check C / C++ code style
[2.541s] -- Configured uncrustify additional arguments: 
[2.541s] -- Added test 'xmllint' to check XML markup files
[2.550s] -- Configuring done
[2.563s] -- Generating done
[2.618s] -- Build files have been written to: /home/usuario/Documentos/GitHub/IR2121/Patrolling/src/build/patrolling
[2.627s] Invoked command in '/home/usuario/Documentos/GitHub/IR2121/Patrolling/src/build/patrolling' returned '0': CMAKE_PREFIX_PATH=${CMAKE_PREFIX_PATH}:/opt/ros/humble /usr/bin/cmake /home/usuario/Documentos/GitHub/IR2121/Patrolling/src/patrolling -DCMAKE_INSTALL_PREFIX=/home/usuario/Documentos/GitHub/IR2121/Patrolling/src/install/patrolling
[2.634s] Invoking command in '/home/usuario/Documentos/GitHub/IR2121/Patrolling/src/build/patrolling': CMAKE_PREFIX_PATH=${CMAKE_PREFIX_PATH}:/opt/ros/humble /usr/bin/cmake --build /home/usuario/Documentos/GitHub/IR2121/Patrolling/src/build/patrolling -- -j6 -l6
[2.770s] [ 50%] [32mBuilding CXX object CMakeFiles/publisher.dir/src/publisher.cpp.o[0m
[8.290s] [100%] [32m[1mLinking CXX executable publisher[0m
[15.882s] [100%] Built target publisher
[15.894s] Invoked command in '/home/usuario/Documentos/GitHub/IR2121/Patrolling/src/build/patrolling' returned '0': CMAKE_PREFIX_PATH=${CMAKE_PREFIX_PATH}:/opt/ros/humble /usr/bin/cmake --build /home/usuario/Documentos/GitHub/IR2121/Patrolling/src/build/patrolling -- -j6 -l6
[15.917s] Invoking command in '/home/usuario/Documentos/GitHub/IR2121/Patrolling/src/build/patrolling': CMAKE_PREFIX_PATH=${CMAKE_PREFIX_PATH}:/opt/ros/humble /usr/bin/cmake --install /home/usuario/Documentos/GitHub/IR2121/Patrolling/src/build/patrolling
[15.934s] -- Install configuration: ""
[15.934s] -- Installing: /home/usuario/Documentos/GitHub/IR2121/Patrolling/src/install/patrolling/lib/patrolling/publisher
[16.434s] -- Set runtime path of "/home/usuario/Documentos/GitHub/IR2121/Patrolling/src/install/patrolling/lib/patrolling/publisher" to ""
[16.434s] -- Installing: /home/usuario/Documentos/GitHub/IR2121/Patrolling/src/install/patrolling/share/ament_index/resource_index/package_run_dependencies/patrolling
[16.438s] -- Installing: /home/usuario/Documentos/GitHub/IR2121/Patrolling/src/install/patrolling/share/ament_index/resource_index/parent_prefix_path/patrolling
[16.446s] -- Installing: /home/usuario/Documentos/GitHub/IR2121/Patrolling/src/install/patrolling/share/patrolling/environment/ament_prefix_path.sh
[16.446s] -- Installing: /home/usuario/Documentos/GitHub/IR2121/Patrolling/src/install/patrolling/share/patrolling/environment/ament_prefix_path.dsv
[16.449s] -- Installing: /home/usuario/Documentos/GitHub/IR2121/Patrolling/src/install/patrolling/share/patrolling/environment/path.sh
[16.450s] -- Installing: /home/usuario/Documentos/GitHub/IR2121/Patrolling/src/install/patrolling/share/patrolling/environment/path.dsv
[16.453s] -- Installing: /home/usuario/Documentos/GitHub/IR2121/Patrolling/src/install/patrolling/share/patrolling/local_setup.bash
[16.457s] -- Installing: /home/usuario/Documentos/GitHub/IR2121/Patrolling/src/install/patrolling/share/patrolling/local_setup.sh
[16.460s] -- Installing: /home/usuario/Documentos/GitHub/IR2121/Patrolling/src/install/patrolling/share/patrolling/local_setup.zsh
[16.464s] -- Installing: /home/usuario/Documentos/GitHub/IR2121/Patrolling/src/install/patrolling/share/patrolling/local_setup.dsv
[16.467s] -- Installing: /home/usuario/Documentos/GitHub/IR2121/Patrolling/src/install/patrolling/share/patrolling/package.dsv
[16.470s] -- Installing: /home/usuario/Documentos/GitHub/IR2121/Patrolling/src/install/patrolling/share/ament_index/resource_index/packages/patrolling
[16.471s] -- Installing: /home/usuario/Documentos/GitHub/IR2121/Patrolling/src/install/patrolling/share/patrolling/cmake/patrollingConfig.cmake
[16.475s] -- Installing: /home/usuario/Documentos/GitHub/IR2121/Patrolling/src/install/patrolling/share/patrolling/cmake/patrollingConfig-version.cmake
[16.478s] -- Installing: /home/usuario/Documentos/GitHub/IR2121/Patrolling/src/install/patrolling/share/patrolling/package.xml
[16.484s] Invoked command in '/home/usuario/Documentos/GitHub/IR2121/Patrolling/src/build/patrolling' returned '0': CMAKE_PREFIX_PATH=${CMAKE_PREFIX_PATH}:/opt/ros/humble /usr/bin/cmake --install /home/usuario/Documentos/GitHub/IR2121/Patrolling/src/build/patrolling
