[0.034s] Invoking command in '/home/usuario/Documentos/GitHub/IR2121/Patrolling/src/build/patrolling': CMAKE_PREFIX_PATH=${CMAKE_PREFIX_PATH}:/opt/ros/humble /usr/bin/cmake --build /home/usuario/Documentos/GitHub/IR2121/Patrolling/src/build/patrolling -- -j6 -l6
[0.187s] [100%] Built target publisher
[0.199s] Invoked command in '/home/usuario/Documentos/GitHub/IR2121/Patrolling/src/build/patrolling' returned '0': CMAKE_PREFIX_PATH=${CMAKE_PREFIX_PATH}:/opt/ros/humble /usr/bin/cmake --build /home/usuario/Documentos/GitHub/IR2121/Patrolling/src/build/patrolling -- -j6 -l6
[0.218s] Invoking command in '/home/usuario/Documentos/GitHub/IR2121/Patrolling/src/build/patrolling': CMAKE_PREFIX_PATH=${CMAKE_PREFIX_PATH}:/opt/ros/humble /usr/bin/cmake --install /home/usuario/Documentos/GitHub/IR2121/Patrolling/src/build/patrolling
[0.229s] -- Install configuration: ""
[0.376s] -- Up-to-date: /home/usuario/Documentos/GitHub/IR2121/Patrolling/src/install/patrolling/lib/patrolling/publisher
[0.524s] -- Up-to-date: /home/usuario/Documentos/GitHub/IR2121/Patrolling/src/install/patrolling/share/ament_index/resource_index/package_run_dependencies/patrolling
[0.524s] -- Up-to-date: /home/usuario/Documentos/GitHub/IR2121/Patrolling/src/install/patrolling/share/ament_index/resource_index/parent_prefix_path/patrolling
[0.524s] -- Up-to-date: /home/usuario/Documentos/GitHub/IR2121/Patrolling/src/install/patrolling/share/patrolling/environment/ament_prefix_path.sh
[0.524s] -- Up-to-date: /home/usuario/Documentos/GitHub/IR2121/Patrolling/src/install/patrolling/share/patrolling/environment/ament_prefix_path.dsv
[0.525s] -- Up-to-date: /home/usuario/Documentos/GitHub/IR2121/Patrolling/src/install/patrolling/share/patrolling/environment/path.sh
[0.525s] -- Up-to-date: /home/usuario/Documentos/GitHub/IR2121/Patrolling/src/install/patrolling/share/patrolling/environment/path.dsv
[0.525s] -- Up-to-date: /home/usuario/Documentos/GitHub/IR2121/Patrolling/src/install/patrolling/share/patrolling/local_setup.bash
[0.525s] -- Up-to-date: /home/usuario/Documentos/GitHub/IR2121/Patrolling/src/install/patrolling/share/patrolling/local_setup.sh
[0.525s] -- Up-to-date: /home/usuario/Documentos/GitHub/IR2121/Patrolling/src/install/patrolling/share/patrolling/local_setup.zsh
[0.525s] -- Up-to-date: /home/usuario/Documentos/GitHub/IR2121/Patrolling/src/install/patrolling/share/patrolling/local_setup.dsv
[0.525s] -- Up-to-date: /home/usuario/Documentos/GitHub/IR2121/Patrolling/src/install/patrolling/share/patrolling/package.dsv
[0.525s] -- Up-to-date: /home/usuario/Documentos/GitHub/IR2121/Patrolling/src/install/patrolling/share/ament_index/resource_index/packages/patrolling
[0.525s] -- Up-to-date: /home/usuario/Documentos/GitHub/IR2121/Patrolling/src/install/patrolling/share/patrolling/cmake/patrollingConfig.cmake
[0.525s] -- Up-to-date: /home/usuario/Documentos/GitHub/IR2121/Patrolling/src/install/patrolling/share/patrolling/cmake/patrollingConfig-version.cmake
[0.525s] -- Up-to-date: /home/usuario/Documentos/GitHub/IR2121/Patrolling/src/install/patrolling/share/patrolling/package.xml
[0.528s] Invoked command in '/home/usuario/Documentos/GitHub/IR2121/Patrolling/src/build/patrolling' returned '0': CMAKE_PREFIX_PATH=${CMAKE_PREFIX_PATH}:/opt/ros/humble /usr/bin/cmake --install /home/usuario/Documentos/GitHub/IR2121/Patrolling/src/build/patrolling
