[0.041s] Invoking command in '/home/usuario/Descargas/ros2_ws/src/build/warehouse_exercise': CMAKE_PREFIX_PATH=${CMAKE_PREFIX_PATH}:/opt/ros/humble /usr/bin/cmake --build /home/usuario/Descargas/ros2_ws/src/build/warehouse_exercise -- -j6 -l6
[0.123s] Invoked command in '/home/usuario/Descargas/ros2_ws/src/build/warehouse_exercise' returned '0': CMAKE_PREFIX_PATH=${CMAKE_PREFIX_PATH}:/opt/ros/humble /usr/bin/cmake --build /home/usuario/Descargas/ros2_ws/src/build/warehouse_exercise -- -j6 -l6
[0.142s] Invoking command in '/home/usuario/Descargas/ros2_ws/src/build/warehouse_exercise': CMAKE_PREFIX_PATH=${CMAKE_PREFIX_PATH}:/opt/ros/humble /usr/bin/cmake --install /home/usuario/Descargas/ros2_ws/src/build/warehouse_exercise
[0.153s] -- Install configuration: ""
[0.153s] -- Up-to-date: /home/usuario/Descargas/ros2_ws/src/install/warehouse_exercise/share/warehouse_exercise/launch
[0.153s] -- Up-to-date: /home/usuario/Descargas/ros2_ws/src/install/warehouse_exercise/share/warehouse_exercise/launch/navigation2.launch.py
[0.153s] -- Up-to-date: /home/usuario/Descargas/ros2_ws/src/install/warehouse_exercise/share/warehouse_exercise/launch/occupancy_grid.launch.py
[0.153s] -- Up-to-date: /home/usuario/Descargas/ros2_ws/src/install/warehouse_exercise/share/warehouse_exercise/launch/rtabmap.launch.py
[0.153s] -- Up-to-date: /home/usuario/Descargas/ros2_ws/src/install/warehouse_exercise/share/warehouse_exercise/launch/no_roof_small_warehouse.launch.py
[0.153s] -- Up-to-date: /home/usuario/Descargas/ros2_ws/src/install/warehouse_exercise/share/warehouse_exercise/launch/turtlebot3_warehouse.launch.py
[0.153s] -- Up-to-date: /home/usuario/Descargas/ros2_ws/src/install/warehouse_exercise/share/warehouse_exercise/launch/small_warehouse.launch.py
[0.154s] -- Up-to-date: /home/usuario/Descargas/ros2_ws/src/install/warehouse_exercise/share/warehouse_exercise/launch/cartographer.launch.py
[0.154s] -- Up-to-date: /home/usuario/Descargas/ros2_ws/src/install/warehouse_exercise/share/warehouse_exercise/launch/slam_toolbox.launch.py
[0.154s] -- Up-to-date: /home/usuario/Descargas/ros2_ws/src/install/warehouse_exercise/share/warehouse_exercise/models
[0.154s] -- Up-to-date: /home/usuario/Descargas/ros2_ws/src/install/warehouse_exercise/share/warehouse_exercise/models/aws_robomaker_warehouse_RoofB_01
[0.154s] -- Up-to-date: /home/usuario/Descargas/ros2_ws/src/install/warehouse_exercise/share/warehouse_exercise/models/aws_robomaker_warehouse_RoofB_01/meshes
[0.154s] -- Up-to-date: /home/usuario/Descargas/ros2_ws/src/install/warehouse_exercise/share/warehouse_exercise/models/aws_robomaker_warehouse_RoofB_01/meshes/aws_robomaker_warehouse_RoofB_01_collision.DAE
[0.154s] -- Up-to-date: /home/usuario/Descargas/ros2_ws/src/install/warehouse_exercise/share/warehouse_exercise/models/aws_robomaker_warehouse_RoofB_01/meshes/aws_robomaker_warehouse_RoofB_01_visual.DAE
[0.154s] -- Up-to-date: /home/usuario/Descargas/ros2_ws/src/install/warehouse_exercise/share/warehouse_exercise/models/aws_robomaker_warehouse_RoofB_01/materials
[0.154s] -- Up-to-date: /home/usuario/Descargas/ros2_ws/src/install/warehouse_exercise/share/warehouse_exercise/models/aws_robomaker_warehouse_RoofB_01/materials/textures
[0.154s] -- Up-to-date: /home/usuario/Descargas/ros2_ws/src/install/warehouse_exercise/share/warehouse_exercise/models/aws_robomaker_warehouse_RoofB_01/materials/textures/aws_robomaker_warehouse_RoofB_01.png
[0.154s] -- Up-to-date: /home/usuario/Descargas/ros2_ws/src/install/warehouse_exercise/share/warehouse_exercise/models/aws_robomaker_warehouse_RoofB_01/model.config
[0.154s] -- Up-to-date: /home/usuario/Descargas/ros2_ws/src/install/warehouse_exercise/share/warehouse_exercise/models/aws_robomaker_warehouse_RoofB_01/model.sdf
[0.154s] -- Up-to-date: /home/usuario/Descargas/ros2_ws/src/install/warehouse_exercise/share/warehouse_exercise/models/aws_robomaker_warehouse_ShelfE_01
[0.154s] -- Up-to-date: /home/usuario/Descargas/ros2_ws/src/install/warehouse_exercise/share/warehouse_exercise/models/aws_robomaker_warehouse_ShelfE_01/meshes
[0.154s] -- Up-to-date: /home/usuario/Descargas/ros2_ws/src/install/warehouse_exercise/share/warehouse_exercise/models/aws_robomaker_warehouse_ShelfE_01/meshes/aws_robomaker_warehouse_ShelfE_01_collision.DAE
[0.155s] -- Up-to-date: /home/usuario/Descargas/ros2_ws/src/install/warehouse_exercise/share/warehouse_exercise/models/aws_robomaker_warehouse_ShelfE_01/meshes/aws_robomaker_warehouse_ShelfE_01_visual.DAE
[0.155s] -- Up-to-date: /home/usuario/Descargas/ros2_ws/src/install/warehouse_exercise/share/warehouse_exercise/models/aws_robomaker_warehouse_ShelfE_01/materials
[0.155s] -- Up-to-date: /home/usuario/Descargas/ros2_ws/src/install/warehouse_exercise/share/warehouse_exercise/models/aws_robomaker_warehouse_ShelfE_01/materials/.DS_Store
[0.155s] -- Up-to-date: /home/usuario/Descargas/ros2_ws/src/install/warehouse_exercise/share/warehouse_exercise/models/aws_robomaker_warehouse_ShelfE_01/materials/textures
[0.155s] -- Up-to-date: /home/usuario/Descargas/ros2_ws/src/install/warehouse_exercise/share/warehouse_exercise/models/aws_robomaker_warehouse_ShelfE_01/materials/textures/aws_robomaker_warehouse_ShelfE_03.png
[0.155s] -- Up-to-date: /home/usuario/Descargas/ros2_ws/src/install/warehouse_exercise/share/warehouse_exercise/models/aws_robomaker_warehouse_ShelfE_01/materials/textures/aws_robomaker_warehouse_ShelfE_01.png
[0.155s] -- Up-to-date: /home/usuario/Descargas/ros2_ws/src/install/warehouse_exercise/share/warehouse_exercise/models/aws_robomaker_warehouse_ShelfE_01/materials/textures/aws_robomaker_warehouse_ShelfE_04.png
[0.155s] -- Up-to-date: /home/usuario/Descargas/ros2_ws/src/install/warehouse_exercise/share/warehouse_exercise/models/aws_robomaker_warehouse_ShelfE_01/materials/textures/aws_robomaker_warehouse_ShelfE_02.png
[0.155s] -- Up-to-date: /home/usuario/Descargas/ros2_ws/src/install/warehouse_exercise/share/warehouse_exercise/models/aws_robomaker_warehouse_ShelfE_01/.DS_Store
[0.155s] -- Up-to-date: /home/usuario/Descargas/ros2_ws/src/install/warehouse_exercise/share/warehouse_exercise/models/aws_robomaker_warehouse_ShelfE_01/model.config
[0.155s] -- Up-to-date: /home/usuario/Descargas/ros2_ws/src/install/warehouse_exercise/share/warehouse_exercise/models/aws_robomaker_warehouse_ShelfE_01/model.sdf
[0.155s] -- Up-to-date: /home/usuario/Descargas/ros2_ws/src/install/warehouse_exercise/share/warehouse_exercise/models/aws_robomaker_warehouse_ShelfD_01
[0.155s] -- Up-to-date: /home/usuario/Descargas/ros2_ws/src/install/warehouse_exercise/share/warehouse_exercise/models/aws_robomaker_warehouse_ShelfD_01/meshes
[0.155s] -- Up-to-date: /home/usuario/Descargas/ros2_ws/src/install/warehouse_exercise/share/warehouse_exercise/models/aws_robomaker_warehouse_ShelfD_01/meshes/aws_robomaker_warehouse_ShelfD_01_visual.DAE
[0.155s] -- Up-to-date: /home/usuario/Descargas/ros2_ws/src/install/warehouse_exercise/share/warehouse_exercise/models/aws_robomaker_warehouse_ShelfD_01/meshes/aws_robomaker_warehouse_ShelfD_01_collision.DAE
[0.156s] -- Up-to-date: /home/usuario/Descargas/ros2_ws/src/install/warehouse_exercise/share/warehouse_exercise/models/aws_robomaker_warehouse_ShelfD_01/materials
[0.156s] -- Up-to-date: /home/usuario/Descargas/ros2_ws/src/install/warehouse_exercise/share/warehouse_exercise/models/aws_robomaker_warehouse_ShelfD_01/materials/textures
[0.156s] -- Up-to-date: /home/usuario/Descargas/ros2_ws/src/install/warehouse_exercise/share/warehouse_exercise/models/aws_robomaker_warehouse_ShelfD_01/materials/textures/aws_robomaker_warehouse_ShelfD_01.png
[0.156s] -- Up-to-date: /home/usuario/Descargas/ros2_ws/src/install/warehouse_exercise/share/warehouse_exercise/models/aws_robomaker_warehouse_ShelfD_01/materials/textures/aws_robomaker_warehouse_ShelfD_03.png
[0.156s] -- Up-to-date: /home/usuario/Descargas/ros2_ws/src/install/warehouse_exercise/share/warehouse_exercise/models/aws_robomaker_warehouse_ShelfD_01/materials/textures/aws_robomaker_warehouse_ShelfD_02.png
[0.156s] -- Up-to-date: /home/usuario/Descargas/ros2_ws/src/install/warehouse_exercise/share/warehouse_exercise/models/aws_robomaker_warehouse_ShelfD_01/materials/textures/aws_robomaker_warehouse_ShelfD_04.png
[0.156s] -- Up-to-date: /home/usuario/Descargas/ros2_ws/src/install/warehouse_exercise/share/warehouse_exercise/models/aws_robomaker_warehouse_ShelfD_01/model.config
[0.156s] -- Up-to-date: /home/usuario/Descargas/ros2_ws/src/install/warehouse_exercise/share/warehouse_exercise/models/aws_robomaker_warehouse_ShelfD_01/model.sdf
[0.156s] -- Up-to-date: /home/usuario/Descargas/ros2_ws/src/install/warehouse_exercise/share/warehouse_exercise/models/aws_robomaker_warehouse_GroundB_01
[0.156s] -- Up-to-date: /home/usuario/Descargas/ros2_ws/src/install/warehouse_exercise/share/warehouse_exercise/models/aws_robomaker_warehouse_GroundB_01/meshes
[0.156s] -- Up-to-date: /home/usuario/Descargas/ros2_ws/src/install/warehouse_exercise/share/warehouse_exercise/models/aws_robomaker_warehouse_GroundB_01/meshes/aws_robomaker_warehouse_GroundB_01_visual.DAE
[0.156s] -- Up-to-date: /home/usuario/Descargas/ros2_ws/src/install/warehouse_exercise/share/warehouse_exercise/models/aws_robomaker_warehouse_GroundB_01/meshes/aws_robomaker_warehouse_GroundB_01_collision.DAE
[0.156s] -- Up-to-date: /home/usuario/Descargas/ros2_ws/src/install/warehouse_exercise/share/warehouse_exercise/models/aws_robomaker_warehouse_GroundB_01/materials
[0.156s] -- Up-to-date: /home/usuario/Descargas/ros2_ws/src/install/warehouse_exercise/share/warehouse_exercise/models/aws_robomaker_warehouse_GroundB_01/materials/textures
[0.156s] -- Up-to-date: /home/usuario/Descargas/ros2_ws/src/install/warehouse_exercise/share/warehouse_exercise/models/aws_robomaker_warehouse_GroundB_01/materials/textures/aws_robomaker_warehouse_GroundB_01.png
[0.157s] -- Up-to-date: /home/usuario/Descargas/ros2_ws/src/install/warehouse_exercise/share/warehouse_exercise/models/aws_robomaker_warehouse_GroundB_01/materials/textures/aws_robomaker_warehouse_GroundB_02.png
[0.157s] -- Up-to-date: /home/usuario/Descargas/ros2_ws/src/install/warehouse_exercise/share/warehouse_exercise/models/aws_robomaker_warehouse_GroundB_01/model.config
[0.157s] -- Up-to-date: /home/usuario/Descargas/ros2_ws/src/install/warehouse_exercise/share/warehouse_exercise/models/aws_robomaker_warehouse_GroundB_01/model.sdf
[0.157s] -- Up-to-date: /home/usuario/Descargas/ros2_ws/src/install/warehouse_exercise/share/warehouse_exercise/models/aws_robomaker_warehouse_ClutteringA_01
[0.157s] -- Up-to-date: /home/usuario/Descargas/ros2_ws/src/install/warehouse_exercise/share/warehouse_exercise/models/aws_robomaker_warehouse_ClutteringA_01/meshes
[0.157s] -- Up-to-date: /home/usuario/Descargas/ros2_ws/src/install/warehouse_exercise/share/warehouse_exercise/models/aws_robomaker_warehouse_ClutteringA_01/meshes/aws_robomaker_warehouse_ClutteringA_01_visual.DAE
[0.157s] -- Up-to-date: /home/usuario/Descargas/ros2_ws/src/install/warehouse_exercise/share/warehouse_exercise/models/aws_robomaker_warehouse_ClutteringA_01/meshes/aws_robomaker_warehouse_ClutteringA_01_collision.DAE
[0.157s] -- Up-to-date: /home/usuario/Descargas/ros2_ws/src/install/warehouse_exercise/share/warehouse_exercise/models/aws_robomaker_warehouse_ClutteringA_01/materials
[0.157s] -- Up-to-date: /home/usuario/Descargas/ros2_ws/src/install/warehouse_exercise/share/warehouse_exercise/models/aws_robomaker_warehouse_ClutteringA_01/materials/.DS_Store
[0.157s] -- Up-to-date: /home/usuario/Descargas/ros2_ws/src/install/warehouse_exercise/share/warehouse_exercise/models/aws_robomaker_warehouse_ClutteringA_01/materials/textures
[0.157s] -- Up-to-date: /home/usuario/Descargas/ros2_ws/src/install/warehouse_exercise/share/warehouse_exercise/models/aws_robomaker_warehouse_ClutteringA_01/materials/textures/aws_robomaker_warehouse_ClutteringA_02.png
[0.157s] -- Up-to-date: /home/usuario/Descargas/ros2_ws/src/install/warehouse_exercise/share/warehouse_exercise/models/aws_robomaker_warehouse_ClutteringA_01/materials/textures/aws_robomaker_warehouse_ClutteringA_03.png
[0.157s] -- Up-to-date: /home/usuario/Descargas/ros2_ws/src/install/warehouse_exercise/share/warehouse_exercise/models/aws_robomaker_warehouse_ClutteringA_01/materials/textures/aws_robomaker_warehouse_ClutteringA_01.png
[0.157s] -- Up-to-date: /home/usuario/Descargas/ros2_ws/src/install/warehouse_exercise/share/warehouse_exercise/models/aws_robomaker_warehouse_ClutteringA_01/materials/textures/.DS_Store
[0.158s] -- Up-to-date: /home/usuario/Descargas/ros2_ws/src/install/warehouse_exercise/share/warehouse_exercise/models/aws_robomaker_warehouse_ClutteringA_01/.DS_Store
[0.158s] -- Up-to-date: /home/usuario/Descargas/ros2_ws/src/install/warehouse_exercise/share/warehouse_exercise/models/aws_robomaker_warehouse_ClutteringA_01/model.config
[0.158s] -- Up-to-date: /home/usuario/Descargas/ros2_ws/src/install/warehouse_exercise/share/warehouse_exercise/models/aws_robomaker_warehouse_ClutteringA_01/model.sdf
[0.158s] -- Up-to-date: /home/usuario/Descargas/ros2_ws/src/install/warehouse_exercise/share/warehouse_exercise/models/aws_robomaker_warehouse_ClutteringD_01
[0.158s] -- Up-to-date: /home/usuario/Descargas/ros2_ws/src/install/warehouse_exercise/share/warehouse_exercise/models/aws_robomaker_warehouse_ClutteringD_01/meshes
[0.158s] -- Up-to-date: /home/usuario/Descargas/ros2_ws/src/install/warehouse_exercise/share/warehouse_exercise/models/aws_robomaker_warehouse_ClutteringD_01/meshes/aws_robomaker_warehouse_ClutteringD_01_visual.DAE
[0.158s] -- Up-to-date: /home/usuario/Descargas/ros2_ws/src/install/warehouse_exercise/share/warehouse_exercise/models/aws_robomaker_warehouse_ClutteringD_01/meshes/aws_robomaker_warehouse_ClutteringD_01_collision.DAE
[0.158s] -- Up-to-date: /home/usuario/Descargas/ros2_ws/src/install/warehouse_exercise/share/warehouse_exercise/models/aws_robomaker_warehouse_ClutteringD_01/materials
[0.158s] -- Up-to-date: /home/usuario/Descargas/ros2_ws/src/install/warehouse_exercise/share/warehouse_exercise/models/aws_robomaker_warehouse_ClutteringD_01/materials/textures
[0.158s] -- Up-to-date: /home/usuario/Descargas/ros2_ws/src/install/warehouse_exercise/share/warehouse_exercise/models/aws_robomaker_warehouse_ClutteringD_01/materials/textures/aws_robomaker_warehouse_ClutteringD_02.png
[0.158s] -- Up-to-date: /home/usuario/Descargas/ros2_ws/src/install/warehouse_exercise/share/warehouse_exercise/models/aws_robomaker_warehouse_ClutteringD_01/materials/textures/aws_robomaker_warehouse_ClutteringD_01.png
[0.158s] -- Up-to-date: /home/usuario/Descargas/ros2_ws/src/install/warehouse_exercise/share/warehouse_exercise/models/aws_robomaker_warehouse_ClutteringD_01/model.config
[0.158s] -- Up-to-date: /home/usuario/Descargas/ros2_ws/src/install/warehouse_exercise/share/warehouse_exercise/models/aws_robomaker_warehouse_ClutteringD_01/model.sdf
[0.158s] -- Up-to-date: /home/usuario/Descargas/ros2_ws/src/install/warehouse_exercise/share/warehouse_exercise/models/aws_robomaker_warehouse_WallB_01
[0.158s] -- Up-to-date: /home/usuario/Descargas/ros2_ws/src/install/warehouse_exercise/share/warehouse_exercise/models/aws_robomaker_warehouse_WallB_01/meshes
[0.158s] -- Up-to-date: /home/usuario/Descargas/ros2_ws/src/install/warehouse_exercise/share/warehouse_exercise/models/aws_robomaker_warehouse_WallB_01/meshes/aws_robomaker_warehouse_WallB_01_collision.DAE
[0.158s] -- Up-to-date: /home/usuario/Descargas/ros2_ws/src/install/warehouse_exercise/share/warehouse_exercise/models/aws_robomaker_warehouse_WallB_01/meshes/aws_robomaker_warehouse_WallB_01_visual.DAE
[0.159s] -- Up-to-date: /home/usuario/Descargas/ros2_ws/src/install/warehouse_exercise/share/warehouse_exercise/models/aws_robomaker_warehouse_WallB_01/materials
[0.159s] -- Up-to-date: /home/usuario/Descargas/ros2_ws/src/install/warehouse_exercise/share/warehouse_exercise/models/aws_robomaker_warehouse_WallB_01/materials/textures
[0.159s] -- Up-to-date: /home/usuario/Descargas/ros2_ws/src/install/warehouse_exercise/share/warehouse_exercise/models/aws_robomaker_warehouse_WallB_01/materials/textures/aws_robomaker_warehouse_WallB_01.png
[0.159s] -- Up-to-date: /home/usuario/Descargas/ros2_ws/src/install/warehouse_exercise/share/warehouse_exercise/models/aws_robomaker_warehouse_WallB_01/model.config
[0.159s] -- Up-to-date: /home/usuario/Descargas/ros2_ws/src/install/warehouse_exercise/share/warehouse_exercise/models/aws_robomaker_warehouse_WallB_01/model.sdf
[0.159s] -- Up-to-date: /home/usuario/Descargas/ros2_ws/src/install/warehouse_exercise/share/warehouse_exercise/models/.DS_Store
[0.159s] -- Up-to-date: /home/usuario/Descargas/ros2_ws/src/install/warehouse_exercise/share/warehouse_exercise/models/aws_robomaker_warehouse_Lamp_01
[0.159s] -- Up-to-date: /home/usuario/Descargas/ros2_ws/src/install/warehouse_exercise/share/warehouse_exercise/models/aws_robomaker_warehouse_Lamp_01/meshes
[0.159s] -- Up-to-date: /home/usuario/Descargas/ros2_ws/src/install/warehouse_exercise/share/warehouse_exercise/models/aws_robomaker_warehouse_Lamp_01/meshes/aws_robomaker_warehouse_Lamp_01_visual.DAE
[0.159s] -- Up-to-date: /home/usuario/Descargas/ros2_ws/src/install/warehouse_exercise/share/warehouse_exercise/models/aws_robomaker_warehouse_Lamp_01/meshes/aws_robomaker_warehouse_Lamp_01_collision.DAE
[0.159s] -- Up-to-date: /home/usuario/Descargas/ros2_ws/src/install/warehouse_exercise/share/warehouse_exercise/models/aws_robomaker_warehouse_Lamp_01/materials
[0.159s] -- Up-to-date: /home/usuario/Descargas/ros2_ws/src/install/warehouse_exercise/share/warehouse_exercise/models/aws_robomaker_warehouse_Lamp_01/materials/textures
[0.159s] -- Up-to-date: /home/usuario/Descargas/ros2_ws/src/install/warehouse_exercise/share/warehouse_exercise/models/aws_robomaker_warehouse_Lamp_01/materials/textures/aws_robomaker_warehouse_Lamp_01.png
[0.159s] -- Up-to-date: /home/usuario/Descargas/ros2_ws/src/install/warehouse_exercise/share/warehouse_exercise/models/aws_robomaker_warehouse_Lamp_01/model.config
[0.159s] -- Up-to-date: /home/usuario/Descargas/ros2_ws/src/install/warehouse_exercise/share/warehouse_exercise/models/aws_robomaker_warehouse_Lamp_01/model.sdf
[0.159s] -- Up-to-date: /home/usuario/Descargas/ros2_ws/src/install/warehouse_exercise/share/warehouse_exercise/models/aws_robomaker_warehouse_ClutteringC_01
[0.159s] -- Up-to-date: /home/usuario/Descargas/ros2_ws/src/install/warehouse_exercise/share/warehouse_exercise/models/aws_robomaker_warehouse_ClutteringC_01/meshes
[0.159s] -- Up-to-date: /home/usuario/Descargas/ros2_ws/src/install/warehouse_exercise/share/warehouse_exercise/models/aws_robomaker_warehouse_ClutteringC_01/meshes/aws_robomaker_warehouse_ClutteringC_01_visual.DAE
[0.160s] -- Up-to-date: /home/usuario/Descargas/ros2_ws/src/install/warehouse_exercise/share/warehouse_exercise/models/aws_robomaker_warehouse_ClutteringC_01/meshes/aws_robomaker_warehouse_ClutteringC_01_collision.DAE
[0.160s] -- Up-to-date: /home/usuario/Descargas/ros2_ws/src/install/warehouse_exercise/share/warehouse_exercise/models/aws_robomaker_warehouse_ClutteringC_01/materials
[0.160s] -- Up-to-date: /home/usuario/Descargas/ros2_ws/src/install/warehouse_exercise/share/warehouse_exercise/models/aws_robomaker_warehouse_ClutteringC_01/materials/textures
[0.160s] -- Up-to-date: /home/usuario/Descargas/ros2_ws/src/install/warehouse_exercise/share/warehouse_exercise/models/aws_robomaker_warehouse_ClutteringC_01/materials/textures/aws_robomaker_warehouse_ClutteringC_02.png
[0.160s] -- Up-to-date: /home/usuario/Descargas/ros2_ws/src/install/warehouse_exercise/share/warehouse_exercise/models/aws_robomaker_warehouse_ClutteringC_01/materials/textures/aws_robomaker_warehouse_ClutteringC_01.png
[0.160s] -- Up-to-date: /home/usuario/Descargas/ros2_ws/src/install/warehouse_exercise/share/warehouse_exercise/models/aws_robomaker_warehouse_ClutteringC_01/model.config
[0.160s] -- Up-to-date: /home/usuario/Descargas/ros2_ws/src/install/warehouse_exercise/share/warehouse_exercise/models/aws_robomaker_warehouse_ClutteringC_01/model.sdf
[0.160s] -- Up-to-date: /home/usuario/Descargas/ros2_ws/src/install/warehouse_exercise/share/warehouse_exercise/models/aws_robomaker_warehouse_PalletJackB_01
[0.160s] -- Up-to-date: /home/usuario/Descargas/ros2_ws/src/install/warehouse_exercise/share/warehouse_exercise/models/aws_robomaker_warehouse_PalletJackB_01/meshes
[0.160s] -- Up-to-date: /home/usuario/Descargas/ros2_ws/src/install/warehouse_exercise/share/warehouse_exercise/models/aws_robomaker_warehouse_PalletJackB_01/meshes/aws_robomaker_warehouse_PalletJackB_01_collision.DAE
[0.160s] -- Up-to-date: /home/usuario/Descargas/ros2_ws/src/install/warehouse_exercise/share/warehouse_exercise/models/aws_robomaker_warehouse_PalletJackB_01/meshes/aws_robomaker_warehouse_PalletJackB_01_visual.DAE
[0.160s] -- Up-to-date: /home/usuario/Descargas/ros2_ws/src/install/warehouse_exercise/share/warehouse_exercise/models/aws_robomaker_warehouse_PalletJackB_01/materials
[0.160s] -- Up-to-date: /home/usuario/Descargas/ros2_ws/src/install/warehouse_exercise/share/warehouse_exercise/models/aws_robomaker_warehouse_PalletJackB_01/materials/.DS_Store
[0.160s] -- Up-to-date: /home/usuario/Descargas/ros2_ws/src/install/warehouse_exercise/share/warehouse_exercise/models/aws_robomaker_warehouse_PalletJackB_01/materials/textures
[0.160s] -- Up-to-date: /home/usuario/Descargas/ros2_ws/src/install/warehouse_exercise/share/warehouse_exercise/models/aws_robomaker_warehouse_PalletJackB_01/materials/textures/aws_robomaker_warehouse_PalletJackB_02.png
[0.160s] -- Up-to-date: /home/usuario/Descargas/ros2_ws/src/install/warehouse_exercise/share/warehouse_exercise/models/aws_robomaker_warehouse_PalletJackB_01/materials/textures/aws_robomaker_warehouse_PalletJackB_01.png
[0.160s] -- Up-to-date: /home/usuario/Descargas/ros2_ws/src/install/warehouse_exercise/share/warehouse_exercise/models/aws_robomaker_warehouse_PalletJackB_01/.DS_Store
[0.160s] -- Up-to-date: /home/usuario/Descargas/ros2_ws/src/install/warehouse_exercise/share/warehouse_exercise/models/aws_robomaker_warehouse_PalletJackB_01/model.config
[0.160s] -- Up-to-date: /home/usuario/Descargas/ros2_ws/src/install/warehouse_exercise/share/warehouse_exercise/models/aws_robomaker_warehouse_PalletJackB_01/model.sdf
[0.160s] -- Up-to-date: /home/usuario/Descargas/ros2_ws/src/install/warehouse_exercise/share/warehouse_exercise/models/aws_robomaker_warehouse_Bucket_01
[0.160s] -- Up-to-date: /home/usuario/Descargas/ros2_ws/src/install/warehouse_exercise/share/warehouse_exercise/models/aws_robomaker_warehouse_Bucket_01/meshes
[0.161s] -- Up-to-date: /home/usuario/Descargas/ros2_ws/src/install/warehouse_exercise/share/warehouse_exercise/models/aws_robomaker_warehouse_Bucket_01/meshes/aws_robomaker_warehouse_Bucket_01_visual.DAE
[0.161s] -- Up-to-date: /home/usuario/Descargas/ros2_ws/src/install/warehouse_exercise/share/warehouse_exercise/models/aws_robomaker_warehouse_Bucket_01/meshes/aws_robomaker_warehouse_Bucket_01_collision.DAE
[0.161s] -- Up-to-date: /home/usuario/Descargas/ros2_ws/src/install/warehouse_exercise/share/warehouse_exercise/models/aws_robomaker_warehouse_Bucket_01/materials
[0.161s] -- Up-to-date: /home/usuario/Descargas/ros2_ws/src/install/warehouse_exercise/share/warehouse_exercise/models/aws_robomaker_warehouse_Bucket_01/materials/.DS_Store
[0.161s] -- Up-to-date: /home/usuario/Descargas/ros2_ws/src/install/warehouse_exercise/share/warehouse_exercise/models/aws_robomaker_warehouse_Bucket_01/materials/textures
[0.161s] -- Up-to-date: /home/usuario/Descargas/ros2_ws/src/install/warehouse_exercise/share/warehouse_exercise/models/aws_robomaker_warehouse_Bucket_01/materials/textures/aws_robomaker_warehouse_Bucket_01.png
[0.161s] -- Up-to-date: /home/usuario/Descargas/ros2_ws/src/install/warehouse_exercise/share/warehouse_exercise/models/aws_robomaker_warehouse_Bucket_01/.DS_Store
[0.161s] -- Up-to-date: /home/usuario/Descargas/ros2_ws/src/install/warehouse_exercise/share/warehouse_exercise/models/aws_robomaker_warehouse_Bucket_01/model.config
[0.161s] -- Up-to-date: /home/usuario/Descargas/ros2_ws/src/install/warehouse_exercise/share/warehouse_exercise/models/aws_robomaker_warehouse_Bucket_01/model.sdf
[0.161s] -- Up-to-date: /home/usuario/Descargas/ros2_ws/src/install/warehouse_exercise/share/warehouse_exercise/models/aws_robomaker_warehouse_DeskC_01
[0.161s] -- Up-to-date: /home/usuario/Descargas/ros2_ws/src/install/warehouse_exercise/share/warehouse_exercise/models/aws_robomaker_warehouse_DeskC_01/meshes
[0.161s] -- Up-to-date: /home/usuario/Descargas/ros2_ws/src/install/warehouse_exercise/share/warehouse_exercise/models/aws_robomaker_warehouse_DeskC_01/meshes/aws_robomaker_warehouse_DeskC_01_collision.DAE
[0.161s] -- Up-to-date: /home/usuario/Descargas/ros2_ws/src/install/warehouse_exercise/share/warehouse_exercise/models/aws_robomaker_warehouse_DeskC_01/meshes/aws_robomaker_warehouse_DeskC_01_visual.DAE
[0.161s] -- Up-to-date: /home/usuario/Descargas/ros2_ws/src/install/warehouse_exercise/share/warehouse_exercise/models/aws_robomaker_warehouse_DeskC_01/materials
[0.161s] -- Up-to-date: /home/usuario/Descargas/ros2_ws/src/install/warehouse_exercise/share/warehouse_exercise/models/aws_robomaker_warehouse_DeskC_01/materials/.DS_Store
[0.161s] -- Up-to-date: /home/usuario/Descargas/ros2_ws/src/install/warehouse_exercise/share/warehouse_exercise/models/aws_robomaker_warehouse_DeskC_01/materials/textures
[0.161s] -- Up-to-date: /home/usuario/Descargas/ros2_ws/src/install/warehouse_exercise/share/warehouse_exercise/models/aws_robomaker_warehouse_DeskC_01/materials/textures/aws_robomaker_warehouse_DeskC_03.png
[0.161s] -- Up-to-date: /home/usuario/Descargas/ros2_ws/src/install/warehouse_exercise/share/warehouse_exercise/models/aws_robomaker_warehouse_DeskC_01/materials/textures/aws_robomaker_warehouse_DeskC_01.png
[0.161s] -- Up-to-date: /home/usuario/Descargas/ros2_ws/src/install/warehouse_exercise/share/warehouse_exercise/models/aws_robomaker_warehouse_DeskC_01/materials/textures/aws_robomaker_warehouse_DeskC_02.png
[0.162s] -- Up-to-date: /home/usuario/Descargas/ros2_ws/src/install/warehouse_exercise/share/warehouse_exercise/models/aws_robomaker_warehouse_DeskC_01/materials/textures/aws_robomaker_warehouse_DeskC_03.psd
[0.162s] -- Up-to-date: /home/usuario/Descargas/ros2_ws/src/install/warehouse_exercise/share/warehouse_exercise/models/aws_robomaker_warehouse_DeskC_01/materials/textures/aws_robomaker_warehouse_DeskC_04.png
[0.162s] -- Up-to-date: /home/usuario/Descargas/ros2_ws/src/install/warehouse_exercise/share/warehouse_exercise/models/aws_robomaker_warehouse_DeskC_01/model.config
[0.162s] -- Up-to-date: /home/usuario/Descargas/ros2_ws/src/install/warehouse_exercise/share/warehouse_exercise/models/aws_robomaker_warehouse_DeskC_01/model.sdf
[0.162s] -- Up-to-date: /home/usuario/Descargas/ros2_ws/src/install/warehouse_exercise/share/warehouse_exercise/models/aws_robomaker_warehouse_ShelfF_01
[0.162s] -- Up-to-date: /home/usuario/Descargas/ros2_ws/src/install/warehouse_exercise/share/warehouse_exercise/models/aws_robomaker_warehouse_ShelfF_01/meshes
[0.162s] -- Up-to-date: /home/usuario/Descargas/ros2_ws/src/install/warehouse_exercise/share/warehouse_exercise/models/aws_robomaker_warehouse_ShelfF_01/meshes/aws_robomaker_warehouse_ShelfF_01_collision.DAE
[0.162s] -- Up-to-date: /home/usuario/Descargas/ros2_ws/src/install/warehouse_exercise/share/warehouse_exercise/models/aws_robomaker_warehouse_ShelfF_01/meshes/aws_robomaker_warehouse_ShelfF_01_visual.DAE
[0.162s] -- Up-to-date: /home/usuario/Descargas/ros2_ws/src/install/warehouse_exercise/share/warehouse_exercise/models/aws_robomaker_warehouse_ShelfF_01/materials
[0.162s] -- Up-to-date: /home/usuario/Descargas/ros2_ws/src/install/warehouse_exercise/share/warehouse_exercise/models/aws_robomaker_warehouse_ShelfF_01/materials/textures
[0.162s] -- Up-to-date: /home/usuario/Descargas/ros2_ws/src/install/warehouse_exercise/share/warehouse_exercise/models/aws_robomaker_warehouse_ShelfF_01/materials/textures/aws_robomaker_warehouse_ShelfF_03.png
[0.162s] -- Up-to-date: /home/usuario/Descargas/ros2_ws/src/install/warehouse_exercise/share/warehouse_exercise/models/aws_robomaker_warehouse_ShelfF_01/materials/textures/aws_robomaker_warehouse_ShelfF_01.png
[0.162s] -- Up-to-date: /home/usuario/Descargas/ros2_ws/src/install/warehouse_exercise/share/warehouse_exercise/models/aws_robomaker_warehouse_ShelfF_01/materials/textures/aws_robomaker_warehouse_ShelfF_02.png
[0.162s] -- Up-to-date: /home/usuario/Descargas/ros2_ws/src/install/warehouse_exercise/share/warehouse_exercise/models/aws_robomaker_warehouse_ShelfF_01/model.config
[0.162s] -- Up-to-date: /home/usuario/Descargas/ros2_ws/src/install/warehouse_exercise/share/warehouse_exercise/models/aws_robomaker_warehouse_ShelfF_01/model.sdf
[0.162s] -- Up-to-date: /home/usuario/Descargas/ros2_ws/src/install/warehouse_exercise/share/warehouse_exercise/models/aws_robomaker_warehouse_TrashCanC_01
[0.162s] -- Up-to-date: /home/usuario/Descargas/ros2_ws/src/install/warehouse_exercise/share/warehouse_exercise/models/aws_robomaker_warehouse_TrashCanC_01/meshes
[0.162s] -- Up-to-date: /home/usuario/Descargas/ros2_ws/src/install/warehouse_exercise/share/warehouse_exercise/models/aws_robomaker_warehouse_TrashCanC_01/meshes/aws_robomaker_warehouse_TrashCanC_01_collision.DAE
[0.162s] -- Up-to-date: /home/usuario/Descargas/ros2_ws/src/install/warehouse_exercise/share/warehouse_exercise/models/aws_robomaker_warehouse_TrashCanC_01/meshes/aws_robomaker_warehouse_TrashCanC_01_visual.DAE
[0.162s] -- Up-to-date: /home/usuario/Descargas/ros2_ws/src/install/warehouse_exercise/share/warehouse_exercise/models/aws_robomaker_warehouse_TrashCanC_01/materials
[0.162s] -- Up-to-date: /home/usuario/Descargas/ros2_ws/src/install/warehouse_exercise/share/warehouse_exercise/models/aws_robomaker_warehouse_TrashCanC_01/materials/textures
[0.163s] -- Up-to-date: /home/usuario/Descargas/ros2_ws/src/install/warehouse_exercise/share/warehouse_exercise/models/aws_robomaker_warehouse_TrashCanC_01/materials/textures/aws_robomaker_warehouse_TrashCanC_01.png
[0.163s] -- Up-to-date: /home/usuario/Descargas/ros2_ws/src/install/warehouse_exercise/share/warehouse_exercise/models/aws_robomaker_warehouse_TrashCanC_01/model.config
[0.163s] -- Up-to-date: /home/usuario/Descargas/ros2_ws/src/install/warehouse_exercise/share/warehouse_exercise/models/aws_robomaker_warehouse_TrashCanC_01/model.sdf
[0.163s] -- Up-to-date: /home/usuario/Descargas/ros2_ws/src/install/warehouse_exercise/share/warehouse_exercise/worlds
[0.163s] -- Up-to-date: /home/usuario/Descargas/ros2_ws/src/install/warehouse_exercise/share/warehouse_exercise/worlds/no_roof_small_warehouse
[0.163s] -- Up-to-date: /home/usuario/Descargas/ros2_ws/src/install/warehouse_exercise/share/warehouse_exercise/worlds/no_roof_small_warehouse/no_roof_small_warehouse.world
[0.163s] -- Up-to-date: /home/usuario/Descargas/ros2_ws/src/install/warehouse_exercise/share/warehouse_exercise/worlds/small_warehouse
[0.163s] -- Up-to-date: /home/usuario/Descargas/ros2_ws/src/install/warehouse_exercise/share/warehouse_exercise/worlds/small_warehouse/small_warehouse.world
[0.163s] -- Up-to-date: /home/usuario/Descargas/ros2_ws/src/install/warehouse_exercise/share/warehouse_exercise/maps
[0.163s] -- Up-to-date: /home/usuario/Descargas/ros2_ws/src/install/warehouse_exercise/share/warehouse_exercise/maps/.DS_Store
[0.163s] -- Up-to-date: /home/usuario/Descargas/ros2_ws/src/install/warehouse_exercise/share/warehouse_exercise/rviz
[0.163s] -- Up-to-date: /home/usuario/Descargas/ros2_ws/src/install/warehouse_exercise/share/warehouse_exercise/rviz/tb3_navigation2.rviz
[0.163s] -- Up-to-date: /home/usuario/Descargas/ros2_ws/src/install/warehouse_exercise/share/warehouse_exercise/param
[0.163s] -- Up-to-date: /home/usuario/Descargas/ros2_ws/src/install/warehouse_exercise/share/warehouse_exercise/param/burger.yaml
[0.163s] -- Up-to-date: /home/usuario/Descargas/ros2_ws/src/install/warehouse_exercise/share/warehouse_exercise/param/waffle_pi.yaml
[0.163s] -- Up-to-date: /home/usuario/Descargas/ros2_ws/src/install/warehouse_exercise/share/warehouse_exercise/param/waffle.yaml
[0.163s] -- Up-to-date: /home/usuario/Descargas/ros2_ws/src/install/warehouse_exercise/share/warehouse_exercise/environment/aws_robomaker_small_warehouse_world.dsv
[0.163s] -- Up-to-date: /home/usuario/Descargas/ros2_ws/src/install/warehouse_exercise/share/ament_index/resource_index/package_run_dependencies/warehouse_exercise
[0.163s] -- Up-to-date: /home/usuario/Descargas/ros2_ws/src/install/warehouse_exercise/share/ament_index/resource_index/parent_prefix_path/warehouse_exercise
[0.163s] -- Up-to-date: /home/usuario/Descargas/ros2_ws/src/install/warehouse_exercise/share/warehouse_exercise/environment/ament_prefix_path.sh
[0.163s] -- Up-to-date: /home/usuario/Descargas/ros2_ws/src/install/warehouse_exercise/share/warehouse_exercise/environment/ament_prefix_path.dsv
[0.163s] -- Up-to-date: /home/usuario/Descargas/ros2_ws/src/install/warehouse_exercise/share/warehouse_exercise/environment/path.sh
[0.164s] -- Up-to-date: /home/usuario/Descargas/ros2_ws/src/install/warehouse_exercise/share/warehouse_exercise/environment/path.dsv
[0.164s] -- Up-to-date: /home/usuario/Descargas/ros2_ws/src/install/warehouse_exercise/share/warehouse_exercise/local_setup.bash
[0.164s] -- Up-to-date: /home/usuario/Descargas/ros2_ws/src/install/warehouse_exercise/share/warehouse_exercise/local_setup.sh
[0.164s] -- Up-to-date: /home/usuario/Descargas/ros2_ws/src/install/warehouse_exercise/share/warehouse_exercise/local_setup.zsh
[0.164s] -- Up-to-date: /home/usuario/Descargas/ros2_ws/src/install/warehouse_exercise/share/warehouse_exercise/local_setup.dsv
[0.164s] -- Installing: /home/usuario/Descargas/ros2_ws/src/install/warehouse_exercise/share/warehouse_exercise/package.dsv
[0.164s] -- Up-to-date: /home/usuario/Descargas/ros2_ws/src/install/warehouse_exercise/share/ament_index/resource_index/packages/warehouse_exercise
[0.164s] -- Up-to-date: /home/usuario/Descargas/ros2_ws/src/install/warehouse_exercise/share/warehouse_exercise/cmake/ament_cmake_export_dependencies-extras.cmake
[0.164s] -- Up-to-date: /home/usuario/Descargas/ros2_ws/src/install/warehouse_exercise/share/warehouse_exercise/cmake/warehouse_exerciseConfig.cmake
[0.164s] -- Up-to-date: /home/usuario/Descargas/ros2_ws/src/install/warehouse_exercise/share/warehouse_exercise/cmake/warehouse_exerciseConfig-version.cmake
[0.164s] -- Up-to-date: /home/usuario/Descargas/ros2_ws/src/install/warehouse_exercise/share/warehouse_exercise/package.xml
[0.170s] Invoked command in '/home/usuario/Descargas/ros2_ws/src/build/warehouse_exercise' returned '0': CMAKE_PREFIX_PATH=${CMAKE_PREFIX_PATH}:/opt/ros/humble /usr/bin/cmake --install /home/usuario/Descargas/ros2_ws/src/build/warehouse_exercise
