[0.147s] DEBUG:colcon:Command line arguments: ['/usr/bin/colcon', 'build']
[0.148s] DEBUG:colcon:Parsed command line arguments: Namespace(log_base=None, log_level=None, verb_name='build', build_base='build', install_base='install', merge_install=False, symlink_install=False, test_result_base=None, continue_on_error=False, executor='parallel', parallel_workers=6, event_handlers=None, ignore_user_meta=False, metas=['./colcon.meta'], base_paths=['.'], packages_ignore=None, packages_ignore_regex=None, paths=None, packages_up_to=None, packages_up_to_regex=None, packages_above=None, packages_above_and_dependencies=None, packages_above_depth=None, packages_select_by_dep=None, packages_skip_by_dep=None, packages_skip_up_to=None, packages_select_build_failed=False, packages_skip_build_finished=False, packages_select_test_failures=False, packages_skip_test_passed=False, packages_select=None, packages_skip=None, packages_select_regex=None, packages_skip_regex=None, packages_start=None, packages_end=None, allow_overriding=[], cmake_args=None, cmake_target=None, cmake_target_skip_unavailable=False, cmake_clean_cache=False, cmake_clean_first=False, cmake_force_configure=False, ament_cmake_args=None, catkin_cmake_args=None, catkin_skip_building_tests=False, mixin_files=None, mixin=None, verb_parser=<colcon_mixin.mixin.mixin_argument.MixinArgumentDecorator object at 0x7cb600cddae0>, verb_extension=<colcon_core.verb.build.BuildVerb object at 0x7cb600dc3610>, main=<bound method BuildVerb.main of <colcon_core.verb.build.BuildVerb object at 0x7cb600dc3610>>, mixin_verb=('build',))
[0.339s] Level 1:colcon.colcon_core.package_discovery:discover_packages(colcon_meta) check parameters
[0.339s] Level 1:colcon.colcon_core.package_discovery:discover_packages(recursive) check parameters
[0.339s] Level 1:colcon.colcon_core.package_discovery:discover_packages(ignore) check parameters
[0.339s] Level 1:colcon.colcon_core.package_discovery:discover_packages(path) check parameters
[0.339s] Level 1:colcon.colcon_core.package_discovery:discover_packages(colcon_meta) discover
[0.339s] Level 1:colcon.colcon_core.package_discovery:discover_packages(recursive) discover
[0.339s] INFO:colcon.colcon_core.package_discovery:Crawling recursively for packages in '/home/usuario/Descargas/ros2_ws'
[0.340s] Level 1:colcon.colcon_core.package_identification:_identify(.) by extensions ['ignore', 'ignore_ament_install']
[0.340s] Level 1:colcon.colcon_core.package_identification:_identify(.) by extension 'ignore'
[0.340s] Level 1:colcon.colcon_core.package_identification:_identify(.) by extension 'ignore_ament_install'
[0.340s] Level 1:colcon.colcon_core.package_identification:_identify(.) by extensions ['colcon_pkg']
[0.340s] Level 1:colcon.colcon_core.package_identification:_identify(.) by extension 'colcon_pkg'
[0.340s] Level 1:colcon.colcon_core.package_identification:_identify(.) by extensions ['colcon_meta']
[0.340s] Level 1:colcon.colcon_core.package_identification:_identify(.) by extension 'colcon_meta'
[0.340s] Level 1:colcon.colcon_core.package_identification:_identify(.) by extensions ['ros']
[0.340s] Level 1:colcon.colcon_core.package_identification:_identify(.) by extension 'ros'
[0.348s] Level 1:colcon.colcon_core.package_identification:_identify(.) by extensions ['cmake', 'python']
[0.348s] Level 1:colcon.colcon_core.package_identification:_identify(.) by extension 'cmake'
[0.348s] Level 1:colcon.colcon_core.package_identification:_identify(.) by extension 'python'
[0.348s] Level 1:colcon.colcon_core.package_identification:_identify(.) by extensions ['python_setup_py']
[0.348s] Level 1:colcon.colcon_core.package_identification:_identify(.) by extension 'python_setup_py'
[0.348s] Level 1:colcon.colcon_core.package_identification:_identify(build) by extensions ['ignore', 'ignore_ament_install']
[0.348s] Level 1:colcon.colcon_core.package_identification:_identify(build) by extension 'ignore'
[0.348s] Level 1:colcon.colcon_core.package_identification:_identify(build) ignored
[0.348s] Level 1:colcon.colcon_core.package_identification:_identify(entregas) by extensions ['ignore', 'ignore_ament_install']
[0.348s] Level 1:colcon.colcon_core.package_identification:_identify(entregas) by extension 'ignore'
[0.348s] Level 1:colcon.colcon_core.package_identification:_identify(entregas) by extension 'ignore_ament_install'
[0.348s] Level 1:colcon.colcon_core.package_identification:_identify(entregas) by extensions ['colcon_pkg']
[0.348s] Level 1:colcon.colcon_core.package_identification:_identify(entregas) by extension 'colcon_pkg'
[0.349s] Level 1:colcon.colcon_core.package_identification:_identify(entregas) by extensions ['colcon_meta']
[0.349s] Level 1:colcon.colcon_core.package_identification:_identify(entregas) by extension 'colcon_meta'
[0.349s] Level 1:colcon.colcon_core.package_identification:_identify(entregas) by extensions ['ros']
[0.349s] Level 1:colcon.colcon_core.package_identification:_identify(entregas) by extension 'ros'
[0.349s] Level 1:colcon.colcon_core.package_identification:_identify(entregas) by extensions ['cmake', 'python']
[0.349s] Level 1:colcon.colcon_core.package_identification:_identify(entregas) by extension 'cmake'
[0.349s] Level 1:colcon.colcon_core.package_identification:_identify(entregas) by extension 'python'
[0.349s] Level 1:colcon.colcon_core.package_identification:_identify(entregas) by extensions ['python_setup_py']
[0.349s] Level 1:colcon.colcon_core.package_identification:_identify(entregas) by extension 'python_setup_py'
[0.349s] Level 1:colcon.colcon_core.package_identification:_identify(entregas/room_exercise) by extensions ['ignore', 'ignore_ament_install']
[0.349s] Level 1:colcon.colcon_core.package_identification:_identify(entregas/room_exercise) by extension 'ignore'
[0.349s] Level 1:colcon.colcon_core.package_identification:_identify(entregas/room_exercise) by extension 'ignore_ament_install'
[0.349s] Level 1:colcon.colcon_core.package_identification:_identify(entregas/room_exercise) by extensions ['colcon_pkg']
[0.349s] Level 1:colcon.colcon_core.package_identification:_identify(entregas/room_exercise) by extension 'colcon_pkg'
[0.349s] Level 1:colcon.colcon_core.package_identification:_identify(entregas/room_exercise) by extensions ['colcon_meta']
[0.349s] Level 1:colcon.colcon_core.package_identification:_identify(entregas/room_exercise) by extension 'colcon_meta'
[0.349s] Level 1:colcon.colcon_core.package_identification:_identify(entregas/room_exercise) by extensions ['ros']
[0.349s] Level 1:colcon.colcon_core.package_identification:_identify(entregas/room_exercise) by extension 'ros'
[0.349s] Level 1:colcon.colcon_core.package_identification:_identify(entregas/room_exercise) by extensions ['cmake', 'python']
[0.349s] Level 1:colcon.colcon_core.package_identification:_identify(entregas/room_exercise) by extension 'cmake'
[0.349s] Level 1:colcon.colcon_core.package_identification:_identify(entregas/room_exercise) by extension 'python'
[0.349s] Level 1:colcon.colcon_core.package_identification:_identify(entregas/room_exercise) by extensions ['python_setup_py']
[0.349s] Level 1:colcon.colcon_core.package_identification:_identify(entregas/room_exercise) by extension 'python_setup_py'
[0.349s] Level 1:colcon.colcon_core.package_identification:_identify(install) by extensions ['ignore', 'ignore_ament_install']
[0.349s] Level 1:colcon.colcon_core.package_identification:_identify(install) by extension 'ignore'
[0.350s] Level 1:colcon.colcon_core.package_identification:_identify(install) ignored
[0.350s] Level 1:colcon.colcon_core.package_identification:_identify(log) by extensions ['ignore', 'ignore_ament_install']
[0.350s] Level 1:colcon.colcon_core.package_identification:_identify(log) by extension 'ignore'
[0.350s] Level 1:colcon.colcon_core.package_identification:_identify(log) ignored
[0.350s] Level 1:colcon.colcon_core.package_identification:_identify(src) by extensions ['ignore', 'ignore_ament_install']
[0.350s] Level 1:colcon.colcon_core.package_identification:_identify(src) by extension 'ignore'
[0.350s] Level 1:colcon.colcon_core.package_identification:_identify(src) by extension 'ignore_ament_install'
[0.350s] Level 1:colcon.colcon_core.package_identification:_identify(src) by extensions ['colcon_pkg']
[0.350s] Level 1:colcon.colcon_core.package_identification:_identify(src) by extension 'colcon_pkg'
[0.350s] Level 1:colcon.colcon_core.package_identification:_identify(src) by extensions ['colcon_meta']
[0.350s] Level 1:colcon.colcon_core.package_identification:_identify(src) by extension 'colcon_meta'
[0.350s] Level 1:colcon.colcon_core.package_identification:_identify(src) by extensions ['ros']
[0.350s] Level 1:colcon.colcon_core.package_identification:_identify(src) by extension 'ros'
[0.350s] Level 1:colcon.colcon_core.package_identification:_identify(src) by extensions ['cmake', 'python']
[0.350s] Level 1:colcon.colcon_core.package_identification:_identify(src) by extension 'cmake'
[0.350s] Level 1:colcon.colcon_core.package_identification:_identify(src) by extension 'python'
[0.350s] Level 1:colcon.colcon_core.package_identification:_identify(src) by extensions ['python_setup_py']
[0.350s] Level 1:colcon.colcon_core.package_identification:_identify(src) by extension 'python_setup_py'
[0.350s] Level 1:colcon.colcon_core.package_identification:_identify(src/warehouse_exercise) by extensions ['ignore', 'ignore_ament_install']
[0.350s] Level 1:colcon.colcon_core.package_identification:_identify(src/warehouse_exercise) by extension 'ignore'
[0.350s] Level 1:colcon.colcon_core.package_identification:_identify(src/warehouse_exercise) by extension 'ignore_ament_install'
[0.351s] Level 1:colcon.colcon_core.package_identification:_identify(src/warehouse_exercise) by extensions ['colcon_pkg']
[0.351s] Level 1:colcon.colcon_core.package_identification:_identify(src/warehouse_exercise) by extension 'colcon_pkg'
[0.351s] Level 1:colcon.colcon_core.package_identification:_identify(src/warehouse_exercise) by extensions ['colcon_meta']
[0.351s] Level 1:colcon.colcon_core.package_identification:_identify(src/warehouse_exercise) by extension 'colcon_meta'
[0.351s] Level 1:colcon.colcon_core.package_identification:_identify(src/warehouse_exercise) by extensions ['ros']
[0.351s] Level 1:colcon.colcon_core.package_identification:_identify(src/warehouse_exercise) by extension 'ros'
[0.356s] DEBUG:colcon.colcon_core.package_identification:Package 'src/warehouse_exercise' with type 'ros.ament_cmake' and name 'warehouse_exercise'
[0.356s] Level 1:colcon.colcon_core.package_discovery:discover_packages(recursive) using defaults
[0.356s] Level 1:colcon.colcon_core.package_discovery:discover_packages(ignore) discover
[0.356s] Level 1:colcon.colcon_core.package_discovery:discover_packages(ignore) using defaults
[0.356s] Level 1:colcon.colcon_core.package_discovery:discover_packages(path) discover
[0.356s] Level 1:colcon.colcon_core.package_discovery:discover_packages(path) using defaults
[0.380s] Level 1:colcon.colcon_core.package_discovery:discover_packages(prefix_path) check parameters
[0.380s] Level 1:colcon.colcon_core.package_discovery:discover_packages(prefix_path) discover
[0.387s] DEBUG:colcon.colcon_installed_package_information.package_discovery:Found 2 installed packages in /home/usuario/Descargas/ros2_ws/install
[0.389s] DEBUG:colcon.colcon_installed_package_information.package_discovery:Found 465 installed packages in /opt/ros/humble
[0.390s] Level 1:colcon.colcon_core.package_discovery:discover_packages(prefix_path) using defaults
[0.436s] Level 5:colcon.colcon_core.verb:set package 'warehouse_exercise' build argument 'cmake_args' from command line to 'None'
[0.436s] Level 5:colcon.colcon_core.verb:set package 'warehouse_exercise' build argument 'cmake_target' from command line to 'None'
[0.436s] Level 5:colcon.colcon_core.verb:set package 'warehouse_exercise' build argument 'cmake_target_skip_unavailable' from command line to 'False'
[0.436s] Level 5:colcon.colcon_core.verb:set package 'warehouse_exercise' build argument 'cmake_clean_cache' from command line to 'False'
[0.436s] Level 5:colcon.colcon_core.verb:set package 'warehouse_exercise' build argument 'cmake_clean_first' from command line to 'False'
[0.436s] Level 5:colcon.colcon_core.verb:set package 'warehouse_exercise' build argument 'cmake_force_configure' from command line to 'False'
[0.436s] Level 5:colcon.colcon_core.verb:set package 'warehouse_exercise' build argument 'ament_cmake_args' from command line to 'None'
[0.436s] Level 5:colcon.colcon_core.verb:set package 'warehouse_exercise' build argument 'catkin_cmake_args' from command line to 'None'
[0.436s] Level 5:colcon.colcon_core.verb:set package 'warehouse_exercise' build argument 'catkin_skip_building_tests' from command line to 'False'
[0.436s] DEBUG:colcon.colcon_core.verb:Building package 'warehouse_exercise' with the following arguments: {'ament_cmake_args': None, 'build_base': '/home/usuario/Descargas/ros2_ws/build/warehouse_exercise', 'catkin_cmake_args': None, 'catkin_skip_building_tests': False, 'cmake_args': None, 'cmake_clean_cache': False, 'cmake_clean_first': False, 'cmake_force_configure': False, 'cmake_target': None, 'cmake_target_skip_unavailable': False, 'install_base': '/home/usuario/Descargas/ros2_ws/install/warehouse_exercise', 'merge_install': False, 'path': '/home/usuario/Descargas/ros2_ws/src/warehouse_exercise', 'symlink_install': False, 'test_result_base': None}
[0.437s] INFO:colcon.colcon_core.executor:Executing jobs using 'parallel' executor
[0.437s] DEBUG:colcon.colcon_parallel_executor.executor.parallel:run_until_complete
[0.438s] INFO:colcon.colcon_ros.task.ament_cmake.build:Building ROS package in '/home/usuario/Descargas/ros2_ws/src/warehouse_exercise' with build type 'ament_cmake'
[0.438s] INFO:colcon.colcon_cmake.task.cmake.build:Building CMake package in '/home/usuario/Descargas/ros2_ws/src/warehouse_exercise'
[0.439s] INFO:colcon.colcon_core.plugin_system:Skipping extension 'colcon_core.shell.bat': Not used on non-Windows systems
[0.439s] INFO:colcon.colcon_core.shell:Skip shell extension 'powershell' for command environment: Not usable outside of PowerShell
[0.439s] DEBUG:colcon.colcon_core.shell:Skip shell extension 'dsv' for command environment
[0.469s] DEBUG:colcon.colcon_core.event_handler.log_command:Invoking command in '/home/usuario/Descargas/ros2_ws/build/warehouse_exercise': CMAKE_PREFIX_PATH=${CMAKE_PREFIX_PATH}:/opt/ros/humble /usr/bin/cmake /home/usuario/Descargas/ros2_ws/src/warehouse_exercise -DCMAKE_INSTALL_PREFIX=/home/usuario/Descargas/ros2_ws/install/warehouse_exercise
[3.259s] DEBUG:colcon.colcon_core.event_handler.log_command:Invoked command in '/home/usuario/Descargas/ros2_ws/build/warehouse_exercise' returned '0': CMAKE_PREFIX_PATH=${CMAKE_PREFIX_PATH}:/opt/ros/humble /usr/bin/cmake /home/usuario/Descargas/ros2_ws/src/warehouse_exercise -DCMAKE_INSTALL_PREFIX=/home/usuario/Descargas/ros2_ws/install/warehouse_exercise
[3.267s] DEBUG:colcon.colcon_core.event_handler.log_command:Invoking command in '/home/usuario/Descargas/ros2_ws/build/warehouse_exercise': CMAKE_PREFIX_PATH=${CMAKE_PREFIX_PATH}:/opt/ros/humble /usr/bin/cmake --build /home/usuario/Descargas/ros2_ws/build/warehouse_exercise -- -j6 -l6
[3.368s] DEBUG:colcon.colcon_core.event_handler.log_command:Invoked command in '/home/usuario/Descargas/ros2_ws/build/warehouse_exercise' returned '0': CMAKE_PREFIX_PATH=${CMAKE_PREFIX_PATH}:/opt/ros/humble /usr/bin/cmake --build /home/usuario/Descargas/ros2_ws/build/warehouse_exercise -- -j6 -l6
[3.392s] DEBUG:colcon.colcon_core.event_handler.log_command:Invoking command in '/home/usuario/Descargas/ros2_ws/build/warehouse_exercise': CMAKE_PREFIX_PATH=${CMAKE_PREFIX_PATH}:/opt/ros/humble /usr/bin/cmake --install /home/usuario/Descargas/ros2_ws/build/warehouse_exercise
[7.469s] Level 1:colcon.colcon_core.environment:create_environment_scripts_only(warehouse_exercise)
[7.470s] DEBUG:colcon.colcon_core.event_handler.log_command:Invoked command in '/home/usuario/Descargas/ros2_ws/build/warehouse_exercise' returned '0': CMAKE_PREFIX_PATH=${CMAKE_PREFIX_PATH}:/opt/ros/humble /usr/bin/cmake --install /home/usuario/Descargas/ros2_ws/build/warehouse_exercise
[7.471s] Level 1:colcon.colcon_core.environment:checking '/home/usuario/Descargas/ros2_ws/install/warehouse_exercise' for CMake module files
[7.472s] Level 1:colcon.colcon_core.environment:checking '/home/usuario/Descargas/ros2_ws/install/warehouse_exercise' for CMake config files
[7.472s] Level 1:colcon.colcon_core.shell:create_environment_hook('warehouse_exercise', 'cmake_prefix_path')
[7.472s] INFO:colcon.colcon_core.shell:Creating environment hook '/home/usuario/Descargas/ros2_ws/install/warehouse_exercise/share/warehouse_exercise/hook/cmake_prefix_path.ps1'
[7.472s] INFO:colcon.colcon_core.shell:Creating environment descriptor '/home/usuario/Descargas/ros2_ws/install/warehouse_exercise/share/warehouse_exercise/hook/cmake_prefix_path.dsv'
[7.473s] INFO:colcon.colcon_core.shell:Creating environment hook '/home/usuario/Descargas/ros2_ws/install/warehouse_exercise/share/warehouse_exercise/hook/cmake_prefix_path.sh'
[7.474s] Level 1:colcon.colcon_core.environment:checking '/home/usuario/Descargas/ros2_ws/install/warehouse_exercise/bin'
[7.474s] Level 1:colcon.colcon_core.environment:checking '/home/usuario/Descargas/ros2_ws/install/warehouse_exercise/lib/pkgconfig/warehouse_exercise.pc'
[7.474s] Level 1:colcon.colcon_core.environment:checking '/home/usuario/Descargas/ros2_ws/install/warehouse_exercise/lib/python3.10/site-packages'
[7.474s] Level 1:colcon.colcon_core.environment:checking '/home/usuario/Descargas/ros2_ws/install/warehouse_exercise/bin'
[7.475s] INFO:colcon.colcon_core.shell:Creating package script '/home/usuario/Descargas/ros2_ws/install/warehouse_exercise/share/warehouse_exercise/package.ps1'
[7.481s] INFO:colcon.colcon_core.shell:Creating package descriptor '/home/usuario/Descargas/ros2_ws/install/warehouse_exercise/share/warehouse_exercise/package.dsv'
[7.482s] INFO:colcon.colcon_core.shell:Creating package script '/home/usuario/Descargas/ros2_ws/install/warehouse_exercise/share/warehouse_exercise/package.sh'
[7.487s] INFO:colcon.colcon_core.shell:Creating package script '/home/usuario/Descargas/ros2_ws/install/warehouse_exercise/share/warehouse_exercise/package.bash'
[7.493s] INFO:colcon.colcon_core.shell:Creating package script '/home/usuario/Descargas/ros2_ws/install/warehouse_exercise/share/warehouse_exercise/package.zsh'
[7.498s] Level 1:colcon.colcon_core.environment:create_file_with_runtime_dependencies(/home/usuario/Descargas/ros2_ws/install/warehouse_exercise/share/colcon-core/packages/warehouse_exercise)
[7.503s] Level 1:colcon.colcon_core.environment:create_environment_scripts_only(warehouse_exercise)
[7.503s] Level 1:colcon.colcon_core.environment:checking '/home/usuario/Descargas/ros2_ws/install/warehouse_exercise' for CMake module files
[7.503s] Level 1:colcon.colcon_core.environment:checking '/home/usuario/Descargas/ros2_ws/install/warehouse_exercise' for CMake config files
[7.504s] Level 1:colcon.colcon_core.shell:create_environment_hook('warehouse_exercise', 'cmake_prefix_path')
[7.504s] INFO:colcon.colcon_core.shell:Creating environment hook '/home/usuario/Descargas/ros2_ws/install/warehouse_exercise/share/warehouse_exercise/hook/cmake_prefix_path.ps1'
[7.505s] INFO:colcon.colcon_core.shell:Creating environment descriptor '/home/usuario/Descargas/ros2_ws/install/warehouse_exercise/share/warehouse_exercise/hook/cmake_prefix_path.dsv'
[7.506s] INFO:colcon.colcon_core.shell:Creating environment hook '/home/usuario/Descargas/ros2_ws/install/warehouse_exercise/share/warehouse_exercise/hook/cmake_prefix_path.sh'
[7.507s] Level 1:colcon.colcon_core.environment:checking '/home/usuario/Descargas/ros2_ws/install/warehouse_exercise/bin'
[7.507s] Level 1:colcon.colcon_core.environment:checking '/home/usuario/Descargas/ros2_ws/install/warehouse_exercise/lib/pkgconfig/warehouse_exercise.pc'
[7.507s] Level 1:colcon.colcon_core.environment:checking '/home/usuario/Descargas/ros2_ws/install/warehouse_exercise/lib/python3.10/site-packages'
[7.507s] Level 1:colcon.colcon_core.environment:checking '/home/usuario/Descargas/ros2_ws/install/warehouse_exercise/bin'
[7.507s] INFO:colcon.colcon_core.shell:Creating package script '/home/usuario/Descargas/ros2_ws/install/warehouse_exercise/share/warehouse_exercise/package.ps1'
[7.513s] INFO:colcon.colcon_core.shell:Creating package descriptor '/home/usuario/Descargas/ros2_ws/install/warehouse_exercise/share/warehouse_exercise/package.dsv'
[7.517s] INFO:colcon.colcon_core.shell:Creating package script '/home/usuario/Descargas/ros2_ws/install/warehouse_exercise/share/warehouse_exercise/package.sh'
[7.523s] INFO:colcon.colcon_core.shell:Creating package script '/home/usuario/Descargas/ros2_ws/install/warehouse_exercise/share/warehouse_exercise/package.bash'
[7.524s] INFO:colcon.colcon_core.shell:Creating package script '/home/usuario/Descargas/ros2_ws/install/warehouse_exercise/share/warehouse_exercise/package.zsh'
[7.525s] Level 1:colcon.colcon_core.environment:create_file_with_runtime_dependencies(/home/usuario/Descargas/ros2_ws/install/warehouse_exercise/share/colcon-core/packages/warehouse_exercise)
[7.525s] DEBUG:colcon.colcon_parallel_executor.executor.parallel:closing loop
[7.526s] DEBUG:colcon.colcon_parallel_executor.executor.parallel:loop closed
[7.526s] DEBUG:colcon.colcon_parallel_executor.executor.parallel:run_until_complete finished with '0'
[7.526s] DEBUG:colcon.colcon_core.event_reactor:joining thread
[7.531s] INFO:colcon.colcon_core.plugin_system:Skipping extension 'colcon_notification.desktop_notification.terminal_notifier': Not used on non-Darwin systems
[7.531s] INFO:colcon.colcon_core.plugin_system:Skipping extension 'colcon_notification.desktop_notification.win32': Not used on non-Windows systems
[7.532s] INFO:colcon.colcon_notification.desktop_notification:Sending desktop notification using 'notify2'
[7.539s] DEBUG:colcon.colcon_core.event_reactor:joined thread
[7.539s] INFO:colcon.colcon_core.shell:Creating prefix script '/home/usuario/Descargas/ros2_ws/install/local_setup.ps1'
[7.541s] INFO:colcon.colcon_core.shell:Creating prefix util module '/home/usuario/Descargas/ros2_ws/install/_local_setup_util_ps1.py'
[7.543s] INFO:colcon.colcon_core.shell:Creating prefix chain script '/home/usuario/Descargas/ros2_ws/install/setup.ps1'
[7.546s] INFO:colcon.colcon_core.shell:Creating prefix script '/home/usuario/Descargas/ros2_ws/install/local_setup.sh'
[7.547s] INFO:colcon.colcon_core.shell:Creating prefix util module '/home/usuario/Descargas/ros2_ws/install/_local_setup_util_sh.py'
[7.549s] INFO:colcon.colcon_core.shell:Creating prefix chain script '/home/usuario/Descargas/ros2_ws/install/setup.sh'
[7.557s] INFO:colcon.colcon_core.shell:Creating prefix script '/home/usuario/Descargas/ros2_ws/install/local_setup.bash'
[7.558s] INFO:colcon.colcon_core.shell:Creating prefix chain script '/home/usuario/Descargas/ros2_ws/install/setup.bash'
[7.561s] INFO:colcon.colcon_core.shell:Creating prefix script '/home/usuario/Descargas/ros2_ws/install/local_setup.zsh'
[7.562s] INFO:colcon.colcon_core.shell:Creating prefix chain script '/home/usuario/Descargas/ros2_ws/install/setup.zsh'
