[0.049s] Invoking command in '/home/usuario/Documentos/GitHub/IR2121/Patrolling/build/patrolling': CMAKE_PREFIX_PATH=/opt/ros/humble /usr/bin/cmake --build /home/usuario/Documentos/GitHub/IR2121/Patrolling/build/patrolling -- -j6 -l6
[0.207s] -- Found ament_cmake: 1.3.12 (/opt/ros/humble/share/ament_cmake/cmake)
[0.370s] -- Found rclcpp: 16.0.15 (/opt/ros/humble/share/rclcpp/cmake)
[0.414s] -- Found rosidl_generator_c: 3.1.7 (/opt/ros/humble/share/rosidl_generator_c/cmake)
[0.417s] -- Found rosidl_adapter: 3.1.7 (/opt/ros/humble/share/rosidl_adapter/cmake)
[0.425s] -- Found rosidl_generator_cpp: 3.1.7 (/opt/ros/humble/share/rosidl_generator_cpp/cmake)
[0.436s] -- Using all available rosidl_typesupport_c: rosidl_typesupport_fastrtps_c;rosidl_typesupport_introspection_c
[0.451s] -- Using all available rosidl_typesupport_cpp: rosidl_typesupport_fastrtps_cpp;rosidl_typesupport_introspection_cpp
[0.492s] -- Found rmw_implementation_cmake: 6.1.2 (/opt/ros/humble/share/rmw_implementation_cmake/cmake)
[0.494s] -- Found rmw_fastrtps_cpp: 6.2.9 (/opt/ros/humble/share/rmw_fastrtps_cpp/cmake)
[0.634s] -- Using RMW implementation 'rmw_fastrtps_cpp' as default
[0.689s] -- Found geometry_msgs: 4.9.0 (/opt/ros/humble/share/geometry_msgs/cmake)
[0.704s] -- Found ament_lint_auto: 0.12.14 (/opt/ros/humble/share/ament_lint_auto/cmake)
[0.871s] -- Added test 'cppcheck' to perform static code analysis on C / C++ code
[0.871s] -- Configured cppcheck include dirs: 
[0.871s] -- Configured cppcheck exclude dirs and/or files: 
[0.872s] -- Added test 'lint_cmake' to check CMake code style
[0.873s] -- Added test 'uncrustify' to check C / C++ code style
[0.873s] -- Configured uncrustify additional arguments: 
[0.874s] -- Added test 'xmllint' to check XML markup files
[0.906s] -- Configuring done
[1.072s] -- Generating done
[1.129s] -- Build files have been written to: /home/usuario/Documentos/GitHub/IR2121/Patrolling/build/patrolling
[1.219s] [35m[1mConsolidate compiler generated dependencies of target publisher[0m
[1.316s] [ 50%] [32mBuilding CXX object CMakeFiles/publisher.dir/src/publisher.cpp.o[0m
[68.102s] [100%] [32m[1mLinking CXX executable publisher[0m
[120.079s] [100%] Built target publisher
[120.091s] Invoked command in '/home/usuario/Documentos/GitHub/IR2121/Patrolling/build/patrolling' returned '0': CMAKE_PREFIX_PATH=/opt/ros/humble /usr/bin/cmake --build /home/usuario/Documentos/GitHub/IR2121/Patrolling/build/patrolling -- -j6 -l6
[120.104s] Invoking command in '/home/usuario/Documentos/GitHub/IR2121/Patrolling/build/patrolling': CMAKE_PREFIX_PATH=/opt/ros/humble /usr/bin/cmake --install /home/usuario/Documentos/GitHub/IR2121/Patrolling/build/patrolling
[120.116s] -- Install configuration: ""
[120.310s] -- Installing: /home/usuario/Documentos/GitHub/IR2121/Patrolling/install/patrolling/lib/patrolling/publisher
[120.849s] -- Set runtime path of "/home/usuario/Documentos/GitHub/IR2121/Patrolling/install/patrolling/lib/patrolling/publisher" to ""
[120.849s] -- Up-to-date: /home/usuario/Documentos/GitHub/IR2121/Patrolling/install/patrolling/share/ament_index/resource_index/package_run_dependencies/patrolling
[120.849s] -- Up-to-date: /home/usuario/Documentos/GitHub/IR2121/Patrolling/install/patrolling/share/ament_index/resource_index/parent_prefix_path/patrolling
[120.849s] -- Installing: /home/usuario/Documentos/GitHub/IR2121/Patrolling/install/patrolling/share/patrolling/environment/ament_prefix_path.sh
[120.850s] -- Installing: /home/usuario/Documentos/GitHub/IR2121/Patrolling/install/patrolling/share/patrolling/environment/ament_prefix_path.dsv
[120.854s] -- Installing: /home/usuario/Documentos/GitHub/IR2121/Patrolling/install/patrolling/share/patrolling/environment/path.sh
[120.855s] -- Installing: /home/usuario/Documentos/GitHub/IR2121/Patrolling/install/patrolling/share/patrolling/environment/path.dsv
[120.858s] -- Up-to-date: /home/usuario/Documentos/GitHub/IR2121/Patrolling/install/patrolling/share/patrolling/local_setup.bash
[120.858s] -- Up-to-date: /home/usuario/Documentos/GitHub/IR2121/Patrolling/install/patrolling/share/patrolling/local_setup.sh
[120.858s] -- Up-to-date: /home/usuario/Documentos/GitHub/IR2121/Patrolling/install/patrolling/share/patrolling/local_setup.zsh
[120.858s] -- Installing: /home/usuario/Documentos/GitHub/IR2121/Patrolling/install/patrolling/share/patrolling/local_setup.dsv
[120.861s] -- Installing: /home/usuario/Documentos/GitHub/IR2121/Patrolling/install/patrolling/share/patrolling/package.dsv
[120.865s] -- Up-to-date: /home/usuario/Documentos/GitHub/IR2121/Patrolling/install/patrolling/share/ament_index/resource_index/packages/patrolling
[120.865s] -- Up-to-date: /home/usuario/Documentos/GitHub/IR2121/Patrolling/install/patrolling/share/patrolling/cmake/patrollingConfig.cmake
[120.865s] -- Up-to-date: /home/usuario/Documentos/GitHub/IR2121/Patrolling/install/patrolling/share/patrolling/cmake/patrollingConfig-version.cmake
[120.865s] -- Up-to-date: /home/usuario/Documentos/GitHub/IR2121/Patrolling/install/patrolling/share/patrolling/package.xml
[120.873s] Invoked command in '/home/usuario/Documentos/GitHub/IR2121/Patrolling/build/patrolling' returned '0': CMAKE_PREFIX_PATH=/opt/ros/humble /usr/bin/cmake --install /home/usuario/Documentos/GitHub/IR2121/Patrolling/build/patrolling
