[0.141s] DEBUG:colcon:Command line arguments: ['/usr/bin/colcon', 'build']
[0.141s] DEBUG:colcon:Parsed command line arguments: Namespace(log_base=None, log_level=None, verb_name='build', build_base='build', install_base='install', merge_install=False, symlink_install=False, test_result_base=None, continue_on_error=False, executor='parallel', parallel_workers=6, event_handlers=None, ignore_user_meta=False, metas=['./colcon.meta'], base_paths=['.'], packages_ignore=None, packages_ignore_regex=None, paths=None, packages_up_to=None, packages_up_to_regex=None, packages_above=None, packages_above_and_dependencies=None, packages_above_depth=None, packages_select_by_dep=None, packages_skip_by_dep=None, packages_skip_up_to=None, packages_select_build_failed=False, packages_skip_build_finished=False, packages_select_test_failures=False, packages_skip_test_passed=False, packages_select=None, packages_skip=None, packages_select_regex=None, packages_skip_regex=None, packages_start=None, packages_end=None, allow_overriding=[], cmake_args=None, cmake_target=None, cmake_target_skip_unavailable=False, cmake_clean_cache=False, cmake_clean_first=False, cmake_force_configure=False, ament_cmake_args=None, catkin_cmake_args=None, catkin_skip_building_tests=False, mixin_files=None, mixin=None, verb_parser=<colcon_mixin.mixin.mixin_argument.MixinArgumentDecorator object at 0x7879b38a05e0>, verb_extension=<colcon_core.verb.build.BuildVerb object at 0x7879b39a9ff0>, main=<bound method BuildVerb.main of <colcon_core.verb.build.BuildVerb object at 0x7879b39a9ff0>>, mixin_verb=('build',))
[0.286s] Level 1:colcon.colcon_core.package_discovery:discover_packages(colcon_meta) check parameters
[0.286s] Level 1:colcon.colcon_core.package_discovery:discover_packages(recursive) check parameters
[0.286s] Level 1:colcon.colcon_core.package_discovery:discover_packages(ignore) check parameters
[0.287s] Level 1:colcon.colcon_core.package_discovery:discover_packages(path) check parameters
[0.287s] Level 1:colcon.colcon_core.package_discovery:discover_packages(colcon_meta) discover
[0.287s] Level 1:colcon.colcon_core.package_discovery:discover_packages(recursive) discover
[0.287s] INFO:colcon.colcon_core.package_discovery:Crawling recursively for packages in '/home/usuario/Descargas/ros2_ws/src'
[0.287s] Level 1:colcon.colcon_core.package_identification:_identify(.) by extensions ['ignore', 'ignore_ament_install']
[0.287s] Level 1:colcon.colcon_core.package_identification:_identify(.) by extension 'ignore'
[0.287s] Level 1:colcon.colcon_core.package_identification:_identify(.) by extension 'ignore_ament_install'
[0.287s] Level 1:colcon.colcon_core.package_identification:_identify(.) by extensions ['colcon_pkg']
[0.287s] Level 1:colcon.colcon_core.package_identification:_identify(.) by extension 'colcon_pkg'
[0.287s] Level 1:colcon.colcon_core.package_identification:_identify(.) by extensions ['colcon_meta']
[0.287s] Level 1:colcon.colcon_core.package_identification:_identify(.) by extension 'colcon_meta'
[0.287s] Level 1:colcon.colcon_core.package_identification:_identify(.) by extensions ['ros']
[0.287s] Level 1:colcon.colcon_core.package_identification:_identify(.) by extension 'ros'
[0.295s] Level 1:colcon.colcon_core.package_identification:_identify(.) by extensions ['cmake', 'python']
[0.295s] Level 1:colcon.colcon_core.package_identification:_identify(.) by extension 'cmake'
[0.295s] Level 1:colcon.colcon_core.package_identification:_identify(.) by extension 'python'
[0.295s] Level 1:colcon.colcon_core.package_identification:_identify(.) by extensions ['python_setup_py']
[0.295s] Level 1:colcon.colcon_core.package_identification:_identify(.) by extension 'python_setup_py'
[0.296s] Level 1:colcon.colcon_core.package_identification:_identify(build) by extensions ['ignore', 'ignore_ament_install']
[0.296s] Level 1:colcon.colcon_core.package_identification:_identify(build) by extension 'ignore'
[0.296s] Level 1:colcon.colcon_core.package_identification:_identify(build) ignored
[0.296s] Level 1:colcon.colcon_core.package_identification:_identify(install) by extensions ['ignore', 'ignore_ament_install']
[0.296s] Level 1:colcon.colcon_core.package_identification:_identify(install) by extension 'ignore'
[0.296s] Level 1:colcon.colcon_core.package_identification:_identify(install) ignored
[0.296s] Level 1:colcon.colcon_core.package_identification:_identify(log) by extensions ['ignore', 'ignore_ament_install']
[0.296s] Level 1:colcon.colcon_core.package_identification:_identify(log) by extension 'ignore'
[0.296s] Level 1:colcon.colcon_core.package_identification:_identify(log) ignored
[0.296s] Level 1:colcon.colcon_core.package_identification:_identify(warehouse_exercise) by extensions ['ignore', 'ignore_ament_install']
[0.296s] Level 1:colcon.colcon_core.package_identification:_identify(warehouse_exercise) by extension 'ignore'
[0.296s] Level 1:colcon.colcon_core.package_identification:_identify(warehouse_exercise) by extension 'ignore_ament_install'
[0.296s] Level 1:colcon.colcon_core.package_identification:_identify(warehouse_exercise) by extensions ['colcon_pkg']
[0.296s] Level 1:colcon.colcon_core.package_identification:_identify(warehouse_exercise) by extension 'colcon_pkg'
[0.296s] Level 1:colcon.colcon_core.package_identification:_identify(warehouse_exercise) by extensions ['colcon_meta']
[0.296s] Level 1:colcon.colcon_core.package_identification:_identify(warehouse_exercise) by extension 'colcon_meta'
[0.296s] Level 1:colcon.colcon_core.package_identification:_identify(warehouse_exercise) by extensions ['ros']
[0.296s] Level 1:colcon.colcon_core.package_identification:_identify(warehouse_exercise) by extension 'ros'
[0.302s] DEBUG:colcon.colcon_core.package_identification:Package 'warehouse_exercise' with type 'ros.ament_cmake' and name 'warehouse_exercise'
[0.302s] Level 1:colcon.colcon_core.package_discovery:discover_packages(recursive) using defaults
[0.302s] Level 1:colcon.colcon_core.package_discovery:discover_packages(ignore) discover
[0.302s] Level 1:colcon.colcon_core.package_discovery:discover_packages(ignore) using defaults
[0.302s] Level 1:colcon.colcon_core.package_discovery:discover_packages(path) discover
[0.302s] Level 1:colcon.colcon_core.package_discovery:discover_packages(path) using defaults
[0.333s] Level 1:colcon.colcon_core.package_discovery:discover_packages(prefix_path) check parameters
[0.333s] Level 1:colcon.colcon_core.package_discovery:discover_packages(prefix_path) discover
[0.334s] Level 1:colcon.colcon_core.package_discovery:discover_packages(prefix_path) using defaults
[0.334s] Level 5:colcon.colcon_core.verb:set package 'warehouse_exercise' build argument 'cmake_args' from command line to 'None'
[0.334s] Level 5:colcon.colcon_core.verb:set package 'warehouse_exercise' build argument 'cmake_target' from command line to 'None'
[0.334s] Level 5:colcon.colcon_core.verb:set package 'warehouse_exercise' build argument 'cmake_target_skip_unavailable' from command line to 'False'
[0.334s] Level 5:colcon.colcon_core.verb:set package 'warehouse_exercise' build argument 'cmake_clean_cache' from command line to 'False'
[0.334s] Level 5:colcon.colcon_core.verb:set package 'warehouse_exercise' build argument 'cmake_clean_first' from command line to 'False'
[0.335s] Level 5:colcon.colcon_core.verb:set package 'warehouse_exercise' build argument 'cmake_force_configure' from command line to 'False'
[0.335s] Level 5:colcon.colcon_core.verb:set package 'warehouse_exercise' build argument 'ament_cmake_args' from command line to 'None'
[0.335s] Level 5:colcon.colcon_core.verb:set package 'warehouse_exercise' build argument 'catkin_cmake_args' from command line to 'None'
[0.335s] Level 5:colcon.colcon_core.verb:set package 'warehouse_exercise' build argument 'catkin_skip_building_tests' from command line to 'False'
[0.335s] DEBUG:colcon.colcon_core.verb:Building package 'warehouse_exercise' with the following arguments: {'ament_cmake_args': None, 'build_base': '/home/usuario/Descargas/ros2_ws/src/build/warehouse_exercise', 'catkin_cmake_args': None, 'catkin_skip_building_tests': False, 'cmake_args': None, 'cmake_clean_cache': False, 'cmake_clean_first': False, 'cmake_force_configure': False, 'cmake_target': None, 'cmake_target_skip_unavailable': False, 'install_base': '/home/usuario/Descargas/ros2_ws/src/install/warehouse_exercise', 'merge_install': False, 'path': '/home/usuario/Descargas/ros2_ws/src/warehouse_exercise', 'symlink_install': False, 'test_result_base': None}
[0.335s] INFO:colcon.colcon_core.executor:Executing jobs using 'parallel' executor
[0.335s] DEBUG:colcon.colcon_parallel_executor.executor.parallel:run_until_complete
[0.336s] INFO:colcon.colcon_ros.task.ament_cmake.build:Building ROS package in '/home/usuario/Descargas/ros2_ws/src/warehouse_exercise' with build type 'ament_cmake'
[0.336s] INFO:colcon.colcon_cmake.task.cmake.build:Building CMake package in '/home/usuario/Descargas/ros2_ws/src/warehouse_exercise'
[0.337s] INFO:colcon.colcon_core.plugin_system:Skipping extension 'colcon_core.shell.bat': Not used on non-Windows systems
[0.337s] INFO:colcon.colcon_core.shell:Skip shell extension 'powershell' for command environment: Not usable outside of PowerShell
[0.338s] DEBUG:colcon.colcon_core.shell:Skip shell extension 'dsv' for command environment
[0.362s] DEBUG:colcon.colcon_core.event_handler.log_command:Invoking command in '/home/usuario/Descargas/ros2_ws/src/build/warehouse_exercise': /usr/bin/cmake --build /home/usuario/Descargas/ros2_ws/src/build/warehouse_exercise -- -j6 -l6
[0.439s] DEBUG:colcon.colcon_core.event_handler.log_command:Invoked command in '/home/usuario/Descargas/ros2_ws/src/build/warehouse_exercise' returned '0': /usr/bin/cmake --build /home/usuario/Descargas/ros2_ws/src/build/warehouse_exercise -- -j6 -l6
[0.456s] DEBUG:colcon.colcon_core.event_handler.log_command:Invoking command in '/home/usuario/Descargas/ros2_ws/src/build/warehouse_exercise': /usr/bin/cmake --install /home/usuario/Descargas/ros2_ws/src/build/warehouse_exercise
[0.479s] Level 1:colcon.colcon_core.environment:create_environment_scripts_only(warehouse_exercise)
[0.479s] DEBUG:colcon.colcon_core.event_handler.log_command:Invoked command in '/home/usuario/Descargas/ros2_ws/src/build/warehouse_exercise' returned '0': /usr/bin/cmake --install /home/usuario/Descargas/ros2_ws/src/build/warehouse_exercise
[0.481s] Level 1:colcon.colcon_core.environment:checking '/home/usuario/Descargas/ros2_ws/src/install/warehouse_exercise' for CMake module files
[0.481s] Level 1:colcon.colcon_core.environment:checking '/home/usuario/Descargas/ros2_ws/src/install/warehouse_exercise' for CMake config files
[0.482s] Level 1:colcon.colcon_core.shell:create_environment_hook('warehouse_exercise', 'cmake_prefix_path')
[0.482s] INFO:colcon.colcon_core.shell:Creating environment hook '/home/usuario/Descargas/ros2_ws/src/install/warehouse_exercise/share/warehouse_exercise/hook/cmake_prefix_path.ps1'
[0.483s] INFO:colcon.colcon_core.shell:Creating environment descriptor '/home/usuario/Descargas/ros2_ws/src/install/warehouse_exercise/share/warehouse_exercise/hook/cmake_prefix_path.dsv'
[0.484s] INFO:colcon.colcon_core.shell:Creating environment hook '/home/usuario/Descargas/ros2_ws/src/install/warehouse_exercise/share/warehouse_exercise/hook/cmake_prefix_path.sh'
[0.486s] Level 1:colcon.colcon_core.environment:checking '/home/usuario/Descargas/ros2_ws/src/install/warehouse_exercise/bin'
[0.486s] Level 1:colcon.colcon_core.environment:checking '/home/usuario/Descargas/ros2_ws/src/install/warehouse_exercise/lib/pkgconfig/warehouse_exercise.pc'
[0.487s] Level 1:colcon.colcon_core.environment:checking '/home/usuario/Descargas/ros2_ws/src/install/warehouse_exercise/lib/python3.10/site-packages'
[0.487s] Level 1:colcon.colcon_core.environment:checking '/home/usuario/Descargas/ros2_ws/src/install/warehouse_exercise/bin'
[0.488s] INFO:colcon.colcon_core.shell:Creating package script '/home/usuario/Descargas/ros2_ws/src/install/warehouse_exercise/share/warehouse_exercise/package.ps1'
[0.489s] INFO:colcon.colcon_core.shell:Creating package descriptor '/home/usuario/Descargas/ros2_ws/src/install/warehouse_exercise/share/warehouse_exercise/package.dsv'
[0.490s] INFO:colcon.colcon_core.shell:Creating package script '/home/usuario/Descargas/ros2_ws/src/install/warehouse_exercise/share/warehouse_exercise/package.sh'
[0.491s] INFO:colcon.colcon_core.shell:Creating package script '/home/usuario/Descargas/ros2_ws/src/install/warehouse_exercise/share/warehouse_exercise/package.bash'
[0.493s] INFO:colcon.colcon_core.shell:Creating package script '/home/usuario/Descargas/ros2_ws/src/install/warehouse_exercise/share/warehouse_exercise/package.zsh'
[0.494s] Level 1:colcon.colcon_core.environment:create_file_with_runtime_dependencies(/home/usuario/Descargas/ros2_ws/src/install/warehouse_exercise/share/colcon-core/packages/warehouse_exercise)
[0.499s] Level 1:colcon.colcon_core.environment:create_environment_scripts_only(warehouse_exercise)
[0.499s] Level 1:colcon.colcon_core.environment:checking '/home/usuario/Descargas/ros2_ws/src/install/warehouse_exercise' for CMake module files
[0.500s] Level 1:colcon.colcon_core.environment:checking '/home/usuario/Descargas/ros2_ws/src/install/warehouse_exercise' for CMake config files
[0.500s] Level 1:colcon.colcon_core.shell:create_environment_hook('warehouse_exercise', 'cmake_prefix_path')
[0.500s] INFO:colcon.colcon_core.shell:Creating environment hook '/home/usuario/Descargas/ros2_ws/src/install/warehouse_exercise/share/warehouse_exercise/hook/cmake_prefix_path.ps1'
[0.501s] INFO:colcon.colcon_core.shell:Creating environment descriptor '/home/usuario/Descargas/ros2_ws/src/install/warehouse_exercise/share/warehouse_exercise/hook/cmake_prefix_path.dsv'
[0.502s] INFO:colcon.colcon_core.shell:Creating environment hook '/home/usuario/Descargas/ros2_ws/src/install/warehouse_exercise/share/warehouse_exercise/hook/cmake_prefix_path.sh'
[0.503s] Level 1:colcon.colcon_core.environment:checking '/home/usuario/Descargas/ros2_ws/src/install/warehouse_exercise/bin'
[0.503s] Level 1:colcon.colcon_core.environment:checking '/home/usuario/Descargas/ros2_ws/src/install/warehouse_exercise/lib/pkgconfig/warehouse_exercise.pc'
[0.503s] Level 1:colcon.colcon_core.environment:checking '/home/usuario/Descargas/ros2_ws/src/install/warehouse_exercise/lib/python3.10/site-packages'
[0.504s] Level 1:colcon.colcon_core.environment:checking '/home/usuario/Descargas/ros2_ws/src/install/warehouse_exercise/bin'
[0.504s] INFO:colcon.colcon_core.shell:Creating package script '/home/usuario/Descargas/ros2_ws/src/install/warehouse_exercise/share/warehouse_exercise/package.ps1'
[0.505s] INFO:colcon.colcon_core.shell:Creating package descriptor '/home/usuario/Descargas/ros2_ws/src/install/warehouse_exercise/share/warehouse_exercise/package.dsv'
[0.506s] INFO:colcon.colcon_core.shell:Creating package script '/home/usuario/Descargas/ros2_ws/src/install/warehouse_exercise/share/warehouse_exercise/package.sh'
[0.507s] INFO:colcon.colcon_core.shell:Creating package script '/home/usuario/Descargas/ros2_ws/src/install/warehouse_exercise/share/warehouse_exercise/package.bash'
[0.508s] INFO:colcon.colcon_core.shell:Creating package script '/home/usuario/Descargas/ros2_ws/src/install/warehouse_exercise/share/warehouse_exercise/package.zsh'
[0.509s] Level 1:colcon.colcon_core.environment:create_file_with_runtime_dependencies(/home/usuario/Descargas/ros2_ws/src/install/warehouse_exercise/share/colcon-core/packages/warehouse_exercise)
[0.510s] DEBUG:colcon.colcon_parallel_executor.executor.parallel:closing loop
[0.510s] DEBUG:colcon.colcon_parallel_executor.executor.parallel:loop closed
[0.510s] DEBUG:colcon.colcon_parallel_executor.executor.parallel:run_until_complete finished with '0'
[0.510s] DEBUG:colcon.colcon_core.event_reactor:joining thread
[0.515s] INFO:colcon.colcon_core.plugin_system:Skipping extension 'colcon_notification.desktop_notification.terminal_notifier': Not used on non-Darwin systems
[0.516s] INFO:colcon.colcon_core.plugin_system:Skipping extension 'colcon_notification.desktop_notification.win32': Not used on non-Windows systems
[0.516s] INFO:colcon.colcon_notification.desktop_notification:Sending desktop notification using 'notify2'
[0.522s] DEBUG:colcon.colcon_core.event_reactor:joined thread
[0.522s] INFO:colcon.colcon_core.shell:Creating prefix script '/home/usuario/Descargas/ros2_ws/src/install/local_setup.ps1'
[0.524s] INFO:colcon.colcon_core.shell:Creating prefix util module '/home/usuario/Descargas/ros2_ws/src/install/_local_setup_util_ps1.py'
[0.526s] INFO:colcon.colcon_core.shell:Creating prefix chain script '/home/usuario/Descargas/ros2_ws/src/install/setup.ps1'
[0.527s] INFO:colcon.colcon_core.shell:Creating prefix script '/home/usuario/Descargas/ros2_ws/src/install/local_setup.sh'
[0.529s] INFO:colcon.colcon_core.shell:Creating prefix util module '/home/usuario/Descargas/ros2_ws/src/install/_local_setup_util_sh.py'
[0.530s] INFO:colcon.colcon_core.shell:Creating prefix chain script '/home/usuario/Descargas/ros2_ws/src/install/setup.sh'
[0.531s] INFO:colcon.colcon_core.shell:Creating prefix script '/home/usuario/Descargas/ros2_ws/src/install/local_setup.bash'
[0.532s] INFO:colcon.colcon_core.shell:Creating prefix chain script '/home/usuario/Descargas/ros2_ws/src/install/setup.bash'
[0.533s] INFO:colcon.colcon_core.shell:Creating prefix script '/home/usuario/Descargas/ros2_ws/src/install/local_setup.zsh'
[0.534s] INFO:colcon.colcon_core.shell:Creating prefix chain script '/home/usuario/Descargas/ros2_ws/src/install/setup.zsh'
