-- Found ament_cmake: 1.3.12 (/opt/ros/humble/share/ament_cmake/cmake)
-- Found rclcpp: 16.0.15 (/opt/ros/humble/share/rclcpp/cmake)
-- Found rosidl_generator_c: 3.1.7 (/opt/ros/humble/share/rosidl_generator_c/cmake)
-- Found rosidl_adapter: 3.1.7 (/opt/ros/humble/share/rosidl_adapter/cmake)
-- Found rosidl_generator_cpp: 3.1.7 (/opt/ros/humble/share/rosidl_generator_cpp/cmake)
-- Using all available rosidl_typesupport_c: rosidl_typesupport_fastrtps_c;rosidl_typesupport_introspection_c
-- Using all available rosidl_typesupport_cpp: rosidl_typesupport_fastrtps_cpp;rosidl_typesupport_introspection_cpp
-- Found rmw_implementation_cmake: 6.1.2 (/opt/ros/humble/share/rmw_implementation_cmake/cmake)
-- Found rmw_fastrtps_cpp: 6.2.9 (/opt/ros/humble/share/rmw_fastrtps_cpp/cmake)
-- Using RMW implementation 'rmw_fastrtps_cpp' as default
-- Found geometry_msgs: 4.9.0 (/opt/ros/humble/share/geometry_msgs/cmake)
-- Found ament_lint_auto: 0.12.14 (/opt/ros/humble/share/ament_lint_auto/cmake)
-- Added test 'cppcheck' to perform static code analysis on C / C++ code
-- Configured cppcheck include dirs: 
-- Configured cppcheck exclude dirs and/or files: 
-- Added test 'lint_cmake' to check CMake code style
-- Added test 'uncrustify' to check C / C++ code style
-- Configured uncrustify additional arguments: 
-- Added test 'xmllint' to check XML markup files
-- Configuring done
-- Generating done
-- Build files have been written to: /home/usuario/Documentos/GitHub/IR2121/Patrolling/build/patrolling
[ 50%] [32mBuilding CXX object CMakeFiles/publisher.dir/src/publisher.cpp.o[0m
[01m[K/home/usuario/Documentos/GitHub/IR2121/Patrolling/src/patrolling/src/publisher.cpp:[m[K In function ‘[01m[Kint main(int, char**)[m[K’:
[01m[K/home/usuario/Documentos/GitHub/IR2121/Patrolling/src/patrolling/src/publisher.cpp:11:45:[m[K [01;31m[Kerror: [m[K‘[01m[Kgeometry_msgs_msgs[m[K’ was not declared in this scope; did you mean ‘[01m[Kgeometry_msgs[m[K’?
   11 |     auto publisher = node->create_publisher<[01;31m[Kgeometry_msgs_msgs[m[K::msg::PoseStamped<("goal_pose", 10);
      |                                             [01;31m[K^~~~~~~~~~~~~~~~~~[m[K
      |                                             [32m[Kgeometry_msgs[m[K
[01m[K/home/usuario/Documentos/GitHub/IR2121/Patrolling/src/patrolling/src/publisher.cpp:11:28:[m[K [01;31m[Kerror: [m[Kparse error in template argument list
   11 |     auto publisher = node->[01;31m[Kcreate_publisher<geometry_msgs_msgs::msg::PoseStamped<("goal_pose", 10)[m[K;
      |                            [01;31m[K^~~~~~~~~~~~~~~~~~~~~~~~~~~~~~~~~~~~~~~~~~~~~~~~~~~~~~~~~~~~~~~~~~~~~~~[m[K
[01m[K/home/usuario/Documentos/GitHub/IR2121/Patrolling/src/patrolling/src/publisher.cpp:11:28:[m[K [01;31m[Kerror: [m[Kunable to deduce ‘[01m[Kauto[m[K’ from ‘[01m[K((std::__shared_ptr_access<rclcpp::Node, __gnu_cxx::_S_atomic, false, false>*)(& node))->std::__shared_ptr_access<rclcpp::Node, __gnu_cxx::_S_atomic, false, false>::operator->()->create_publisher<<expression error> >[m[K’
[01m[K/home/usuario/Documentos/GitHub/IR2121/Patrolling/src/patrolling/src/publisher.cpp:11:28:[m[K [01;36m[Knote: [m[K  couldn’t deduce template parameter ‘[01m[Kauto[m[K’
gmake[2]: *** [CMakeFiles/publisher.dir/build.make:76: CMakeFiles/publisher.dir/src/publisher.cpp.o] Error 1
gmake[1]: *** [CMakeFiles/Makefile2:137: CMakeFiles/publisher.dir/all] Error 2
gmake: *** [Makefile:146: all] Error 2
