[0.023s] Invoking command in '/home/usuario/Documentos/GitHub/IR2121/Patrolling/build/patrolling': CMAKE_PREFIX_PATH=/opt/ros/humble /usr/bin/cmake /home/usuario/Documentos/GitHub/IR2121/Patrolling/src/patrolling -DCMAKE_INSTALL_PREFIX=/home/usuario/Documentos/GitHub/IR2121/Patrolling/install/patrolling
[0.051s] -- Found ament_cmake: 1.3.12 (/opt/ros/humble/share/ament_cmake/cmake)
[0.162s] -- Found rclcpp: 16.0.15 (/opt/ros/humble/share/rclcpp/cmake)
[0.188s] -- Found rosidl_generator_c: 3.1.7 (/opt/ros/humble/share/rosidl_generator_c/cmake)
[0.190s] -- Found rosidl_adapter: 3.1.7 (/opt/ros/humble/share/rosidl_adapter/cmake)
[0.194s] -- Found rosidl_generator_cpp: 3.1.7 (/opt/ros/humble/share/rosidl_generator_cpp/cmake)
[0.201s] -- Using all available rosidl_typesupport_c: rosidl_typesupport_fastrtps_c;rosidl_typesupport_introspection_c
[0.210s] -- Using all available rosidl_typesupport_cpp: rosidl_typesupport_fastrtps_cpp;rosidl_typesupport_introspection_cpp
[0.233s] -- Found rmw_implementation_cmake: 6.1.2 (/opt/ros/humble/share/rmw_implementation_cmake/cmake)
[0.234s] -- Found rmw_fastrtps_cpp: 6.2.9 (/opt/ros/humble/share/rmw_fastrtps_cpp/cmake)
[0.353s] -- Using RMW implementation 'rmw_fastrtps_cpp' as default
[0.388s] -- Found geometry_msgs: 4.9.0 (/opt/ros/humble/share/geometry_msgs/cmake)
[0.399s] -- Found ament_lint_auto: 0.12.14 (/opt/ros/humble/share/ament_lint_auto/cmake)
[0.532s] -- Added test 'cppcheck' to perform static code analysis on C / C++ code
[0.532s] -- Configured cppcheck include dirs: 
[0.532s] -- Configured cppcheck exclude dirs and/or files: 
[0.532s] -- Added test 'lint_cmake' to check CMake code style
[0.533s] -- Added test 'uncrustify' to check C / C++ code style
[0.533s] -- Configured uncrustify additional arguments: 
[0.534s] -- Added test 'xmllint' to check XML markup files
[0.553s] -- Configuring done
[0.568s] -- Generating done
[0.624s] -- Build files have been written to: /home/usuario/Documentos/GitHub/IR2121/Patrolling/build/patrolling
[0.631s] Invoked command in '/home/usuario/Documentos/GitHub/IR2121/Patrolling/build/patrolling' returned '0': CMAKE_PREFIX_PATH=/opt/ros/humble /usr/bin/cmake /home/usuario/Documentos/GitHub/IR2121/Patrolling/src/patrolling -DCMAKE_INSTALL_PREFIX=/home/usuario/Documentos/GitHub/IR2121/Patrolling/install/patrolling
[0.638s] Invoking command in '/home/usuario/Documentos/GitHub/IR2121/Patrolling/build/patrolling': CMAKE_PREFIX_PATH=/opt/ros/humble /usr/bin/cmake --build /home/usuario/Documentos/GitHub/IR2121/Patrolling/build/patrolling -- -j6 -l6
[0.789s] [ 50%] [32mBuilding CXX object CMakeFiles/publisher.dir/src/publisher.cpp.o[0m
[2.791s] [01m[K/home/usuario/Documentos/GitHub/IR2121/Patrolling/src/patrolling/src/publisher.cpp:[m[K In function ‘[01m[Kint main(int, char**)[m[K’:
[2.791s] [01m[K/home/usuario/Documentos/GitHub/IR2121/Patrolling/src/patrolling/src/publisher.cpp:11:45:[m[K [01;31m[Kerror: [m[K‘[01m[Kgeometry_msgs_msgs[m[K’ was not declared in this scope; did you mean ‘[01m[Kgeometry_msgs[m[K’?
[2.791s]    11 |     auto publisher = node->create_publisher<[01;31m[Kgeometry_msgs_msgs[m[K::msg::PoseStamped<("goal_pose", 10);
[2.791s]       |                                             [01;31m[K^~~~~~~~~~~~~~~~~~[m[K
[2.791s]       |                                             [32m[Kgeometry_msgs[m[K
[2.791s] [01m[K/home/usuario/Documentos/GitHub/IR2121/Patrolling/src/patrolling/src/publisher.cpp:11:28:[m[K [01;31m[Kerror: [m[Kparse error in template argument list
[2.791s]    11 |     auto publisher = node->[01;31m[Kcreate_publisher<geometry_msgs_msgs::msg::PoseStamped<("goal_pose", 10)[m[K;
[2.791s]       |                            [01;31m[K^~~~~~~~~~~~~~~~~~~~~~~~~~~~~~~~~~~~~~~~~~~~~~~~~~~~~~~~~~~~~~~~~~~~~~~[m[K
[2.791s] [01m[K/home/usuario/Documentos/GitHub/IR2121/Patrolling/src/patrolling/src/publisher.cpp:11:28:[m[K [01;31m[Kerror: [m[Kunable to deduce ‘[01m[Kauto[m[K’ from ‘[01m[K((std::__shared_ptr_access<rclcpp::Node, __gnu_cxx::_S_atomic, false, false>*)(& node))->std::__shared_ptr_access<rclcpp::Node, __gnu_cxx::_S_atomic, false, false>::operator->()->create_publisher<<expression error> >[m[K’
[2.792s] [01m[K/home/usuario/Documentos/GitHub/IR2121/Patrolling/src/patrolling/src/publisher.cpp:11:28:[m[K [01;36m[Knote: [m[K  couldn’t deduce template parameter ‘[01m[Kauto[m[K’
[3.164s] gmake[2]: *** [CMakeFiles/publisher.dir/build.make:76: CMakeFiles/publisher.dir/src/publisher.cpp.o] Error 1
[3.165s] gmake[1]: *** [CMakeFiles/Makefile2:137: CMakeFiles/publisher.dir/all] Error 2
[3.165s] gmake: *** [Makefile:146: all] Error 2
[3.167s] Invoked command in '/home/usuario/Documentos/GitHub/IR2121/Patrolling/build/patrolling' returned '2': CMAKE_PREFIX_PATH=/opt/ros/humble /usr/bin/cmake --build /home/usuario/Documentos/GitHub/IR2121/Patrolling/build/patrolling -- -j6 -l6
