[0.158s] DEBUG:colcon:Command line arguments: ['/usr/bin/colcon', 'build']
[0.158s] DEBUG:colcon:Parsed command line arguments: Namespace(log_base=None, log_level=None, verb_name='build', build_base='build', install_base='install', merge_install=False, symlink_install=False, test_result_base=None, continue_on_error=False, executor='parallel', parallel_workers=6, event_handlers=None, ignore_user_meta=False, metas=['./colcon.meta'], base_paths=['.'], packages_ignore=None, packages_ignore_regex=None, paths=None, packages_up_to=None, packages_up_to_regex=None, packages_above=None, packages_above_and_dependencies=None, packages_above_depth=None, packages_select_by_dep=None, packages_skip_by_dep=None, packages_skip_up_to=None, packages_select_build_failed=False, packages_skip_build_finished=False, packages_select_test_failures=False, packages_skip_test_passed=False, packages_select=None, packages_skip=None, packages_select_regex=None, packages_skip_regex=None, packages_start=None, packages_end=None, allow_overriding=[], cmake_args=None, cmake_target=None, cmake_target_skip_unavailable=False, cmake_clean_cache=False, cmake_clean_first=False, cmake_force_configure=False, ament_cmake_args=None, catkin_cmake_args=None, catkin_skip_building_tests=False, mixin_files=None, mixin=None, verb_parser=<colcon_mixin.mixin.mixin_argument.MixinArgumentDecorator object at 0x7c1dd42d1a80>, verb_extension=<colcon_core.verb.build.BuildVerb object at 0x7c1dd43bb5b0>, main=<bound method BuildVerb.main of <colcon_core.verb.build.BuildVerb object at 0x7c1dd43bb5b0>>, mixin_verb=('build',))
[0.357s] Level 1:colcon.colcon_core.package_discovery:discover_packages(colcon_meta) check parameters
[0.357s] Level 1:colcon.colcon_core.package_discovery:discover_packages(recursive) check parameters
[0.357s] Level 1:colcon.colcon_core.package_discovery:discover_packages(ignore) check parameters
[0.357s] Level 1:colcon.colcon_core.package_discovery:discover_packages(path) check parameters
[0.357s] Level 1:colcon.colcon_core.package_discovery:discover_packages(colcon_meta) discover
[0.357s] Level 1:colcon.colcon_core.package_discovery:discover_packages(recursive) discover
[0.357s] INFO:colcon.colcon_core.package_discovery:Crawling recursively for packages in '/home/usuario/Descargas/ros2_ws/src'
[0.357s] Level 1:colcon.colcon_core.package_identification:_identify(.) by extensions ['ignore', 'ignore_ament_install']
[0.357s] Level 1:colcon.colcon_core.package_identification:_identify(.) by extension 'ignore'
[0.357s] Level 1:colcon.colcon_core.package_identification:_identify(.) by extension 'ignore_ament_install'
[0.357s] Level 1:colcon.colcon_core.package_identification:_identify(.) by extensions ['colcon_pkg']
[0.357s] Level 1:colcon.colcon_core.package_identification:_identify(.) by extension 'colcon_pkg'
[0.357s] Level 1:colcon.colcon_core.package_identification:_identify(.) by extensions ['colcon_meta']
[0.357s] Level 1:colcon.colcon_core.package_identification:_identify(.) by extension 'colcon_meta'
[0.358s] Level 1:colcon.colcon_core.package_identification:_identify(.) by extensions ['ros']
[0.358s] Level 1:colcon.colcon_core.package_identification:_identify(.) by extension 'ros'
[0.366s] Level 1:colcon.colcon_core.package_identification:_identify(.) by extensions ['cmake', 'python']
[0.367s] Level 1:colcon.colcon_core.package_identification:_identify(.) by extension 'cmake'
[0.367s] Level 1:colcon.colcon_core.package_identification:_identify(.) by extension 'python'
[0.367s] Level 1:colcon.colcon_core.package_identification:_identify(.) by extensions ['python_setup_py']
[0.367s] Level 1:colcon.colcon_core.package_identification:_identify(.) by extension 'python_setup_py'
[0.367s] Level 1:colcon.colcon_core.package_identification:_identify(build) by extensions ['ignore', 'ignore_ament_install']
[0.367s] Level 1:colcon.colcon_core.package_identification:_identify(build) by extension 'ignore'
[0.367s] Level 1:colcon.colcon_core.package_identification:_identify(build) ignored
[0.367s] Level 1:colcon.colcon_core.package_identification:_identify(install) by extensions ['ignore', 'ignore_ament_install']
[0.367s] Level 1:colcon.colcon_core.package_identification:_identify(install) by extension 'ignore'
[0.367s] Level 1:colcon.colcon_core.package_identification:_identify(install) ignored
[0.367s] Level 1:colcon.colcon_core.package_identification:_identify(log) by extensions ['ignore', 'ignore_ament_install']
[0.367s] Level 1:colcon.colcon_core.package_identification:_identify(log) by extension 'ignore'
[0.367s] Level 1:colcon.colcon_core.package_identification:_identify(log) ignored
[0.367s] Level 1:colcon.colcon_core.package_identification:_identify(warehouse_exercise) by extensions ['ignore', 'ignore_ament_install']
[0.367s] Level 1:colcon.colcon_core.package_identification:_identify(warehouse_exercise) by extension 'ignore'
[0.367s] Level 1:colcon.colcon_core.package_identification:_identify(warehouse_exercise) by extension 'ignore_ament_install'
[0.368s] Level 1:colcon.colcon_core.package_identification:_identify(warehouse_exercise) by extensions ['colcon_pkg']
[0.368s] Level 1:colcon.colcon_core.package_identification:_identify(warehouse_exercise) by extension 'colcon_pkg'
[0.368s] Level 1:colcon.colcon_core.package_identification:_identify(warehouse_exercise) by extensions ['colcon_meta']
[0.368s] Level 1:colcon.colcon_core.package_identification:_identify(warehouse_exercise) by extension 'colcon_meta'
[0.368s] Level 1:colcon.colcon_core.package_identification:_identify(warehouse_exercise) by extensions ['ros']
[0.368s] Level 1:colcon.colcon_core.package_identification:_identify(warehouse_exercise) by extension 'ros'
[0.373s] DEBUG:colcon.colcon_core.package_identification:Package 'warehouse_exercise' with type 'ros.ament_cmake' and name 'warehouse_exercise'
[0.373s] Level 1:colcon.colcon_core.package_discovery:discover_packages(recursive) using defaults
[0.373s] Level 1:colcon.colcon_core.package_discovery:discover_packages(ignore) discover
[0.373s] Level 1:colcon.colcon_core.package_discovery:discover_packages(ignore) using defaults
[0.373s] Level 1:colcon.colcon_core.package_discovery:discover_packages(path) discover
[0.373s] Level 1:colcon.colcon_core.package_discovery:discover_packages(path) using defaults
[0.398s] Level 1:colcon.colcon_core.package_discovery:discover_packages(prefix_path) check parameters
[0.398s] Level 1:colcon.colcon_core.package_discovery:discover_packages(prefix_path) discover
[0.405s] DEBUG:colcon.colcon_installed_package_information.package_discovery:Found 1 installed packages in /home/usuario/Descargas/ros2_ws/src/install
[0.407s] DEBUG:colcon.colcon_installed_package_information.package_discovery:Found 465 installed packages in /opt/ros/humble
[0.409s] Level 1:colcon.colcon_core.package_discovery:discover_packages(prefix_path) using defaults
[0.453s] Level 5:colcon.colcon_core.verb:set package 'warehouse_exercise' build argument 'cmake_args' from command line to 'None'
[0.453s] Level 5:colcon.colcon_core.verb:set package 'warehouse_exercise' build argument 'cmake_target' from command line to 'None'
[0.453s] Level 5:colcon.colcon_core.verb:set package 'warehouse_exercise' build argument 'cmake_target_skip_unavailable' from command line to 'False'
[0.453s] Level 5:colcon.colcon_core.verb:set package 'warehouse_exercise' build argument 'cmake_clean_cache' from command line to 'False'
[0.453s] Level 5:colcon.colcon_core.verb:set package 'warehouse_exercise' build argument 'cmake_clean_first' from command line to 'False'
[0.453s] Level 5:colcon.colcon_core.verb:set package 'warehouse_exercise' build argument 'cmake_force_configure' from command line to 'False'
[0.453s] Level 5:colcon.colcon_core.verb:set package 'warehouse_exercise' build argument 'ament_cmake_args' from command line to 'None'
[0.454s] Level 5:colcon.colcon_core.verb:set package 'warehouse_exercise' build argument 'catkin_cmake_args' from command line to 'None'
[0.454s] Level 5:colcon.colcon_core.verb:set package 'warehouse_exercise' build argument 'catkin_skip_building_tests' from command line to 'False'
[0.454s] DEBUG:colcon.colcon_core.verb:Building package 'warehouse_exercise' with the following arguments: {'ament_cmake_args': None, 'build_base': '/home/usuario/Descargas/ros2_ws/src/build/warehouse_exercise', 'catkin_cmake_args': None, 'catkin_skip_building_tests': False, 'cmake_args': None, 'cmake_clean_cache': False, 'cmake_clean_first': False, 'cmake_force_configure': False, 'cmake_target': None, 'cmake_target_skip_unavailable': False, 'install_base': '/home/usuario/Descargas/ros2_ws/src/install/warehouse_exercise', 'merge_install': False, 'path': '/home/usuario/Descargas/ros2_ws/src/warehouse_exercise', 'symlink_install': False, 'test_result_base': None}
[0.454s] INFO:colcon.colcon_core.executor:Executing jobs using 'parallel' executor
[0.455s] DEBUG:colcon.colcon_parallel_executor.executor.parallel:run_until_complete
[0.455s] INFO:colcon.colcon_ros.task.ament_cmake.build:Building ROS package in '/home/usuario/Descargas/ros2_ws/src/warehouse_exercise' with build type 'ament_cmake'
[0.455s] INFO:colcon.colcon_cmake.task.cmake.build:Building CMake package in '/home/usuario/Descargas/ros2_ws/src/warehouse_exercise'
[0.457s] INFO:colcon.colcon_core.plugin_system:Skipping extension 'colcon_core.shell.bat': Not used on non-Windows systems
[0.457s] INFO:colcon.colcon_core.shell:Skip shell extension 'powershell' for command environment: Not usable outside of PowerShell
[0.457s] DEBUG:colcon.colcon_core.shell:Skip shell extension 'dsv' for command environment
[0.492s] DEBUG:colcon.colcon_core.event_handler.log_command:Invoking command in '/home/usuario/Descargas/ros2_ws/src/build/warehouse_exercise': CMAKE_PREFIX_PATH=${CMAKE_PREFIX_PATH}:/opt/ros/humble /usr/bin/cmake --build /home/usuario/Descargas/ros2_ws/src/build/warehouse_exercise -- -j6 -l6
[0.579s] DEBUG:colcon.colcon_core.event_handler.log_command:Invoked command in '/home/usuario/Descargas/ros2_ws/src/build/warehouse_exercise' returned '0': CMAKE_PREFIX_PATH=${CMAKE_PREFIX_PATH}:/opt/ros/humble /usr/bin/cmake --build /home/usuario/Descargas/ros2_ws/src/build/warehouse_exercise -- -j6 -l6
[0.598s] DEBUG:colcon.colcon_core.event_handler.log_command:Invoking command in '/home/usuario/Descargas/ros2_ws/src/build/warehouse_exercise': CMAKE_PREFIX_PATH=${CMAKE_PREFIX_PATH}:/opt/ros/humble /usr/bin/cmake --install /home/usuario/Descargas/ros2_ws/src/build/warehouse_exercise
[0.630s] Level 1:colcon.colcon_core.environment:create_environment_scripts_only(warehouse_exercise)
[0.631s] DEBUG:colcon.colcon_core.event_handler.log_command:Invoked command in '/home/usuario/Descargas/ros2_ws/src/build/warehouse_exercise' returned '0': CMAKE_PREFIX_PATH=${CMAKE_PREFIX_PATH}:/opt/ros/humble /usr/bin/cmake --install /home/usuario/Descargas/ros2_ws/src/build/warehouse_exercise
[0.632s] Level 1:colcon.colcon_core.environment:checking '/home/usuario/Descargas/ros2_ws/src/install/warehouse_exercise' for CMake module files
[0.633s] Level 1:colcon.colcon_core.environment:checking '/home/usuario/Descargas/ros2_ws/src/install/warehouse_exercise' for CMake config files
[0.633s] Level 1:colcon.colcon_core.shell:create_environment_hook('warehouse_exercise', 'cmake_prefix_path')
[0.633s] INFO:colcon.colcon_core.shell:Creating environment hook '/home/usuario/Descargas/ros2_ws/src/install/warehouse_exercise/share/warehouse_exercise/hook/cmake_prefix_path.ps1'
[0.635s] INFO:colcon.colcon_core.shell:Creating environment descriptor '/home/usuario/Descargas/ros2_ws/src/install/warehouse_exercise/share/warehouse_exercise/hook/cmake_prefix_path.dsv'
[0.636s] INFO:colcon.colcon_core.shell:Creating environment hook '/home/usuario/Descargas/ros2_ws/src/install/warehouse_exercise/share/warehouse_exercise/hook/cmake_prefix_path.sh'
[0.638s] Level 1:colcon.colcon_core.environment:checking '/home/usuario/Descargas/ros2_ws/src/install/warehouse_exercise/bin'
[0.638s] Level 1:colcon.colcon_core.environment:checking '/home/usuario/Descargas/ros2_ws/src/install/warehouse_exercise/lib/pkgconfig/warehouse_exercise.pc'
[0.638s] Level 1:colcon.colcon_core.environment:checking '/home/usuario/Descargas/ros2_ws/src/install/warehouse_exercise/lib/python3.10/site-packages'
[0.638s] Level 1:colcon.colcon_core.environment:checking '/home/usuario/Descargas/ros2_ws/src/install/warehouse_exercise/bin'
[0.638s] INFO:colcon.colcon_core.shell:Creating package script '/home/usuario/Descargas/ros2_ws/src/install/warehouse_exercise/share/warehouse_exercise/package.ps1'
[0.640s] INFO:colcon.colcon_core.shell:Creating package descriptor '/home/usuario/Descargas/ros2_ws/src/install/warehouse_exercise/share/warehouse_exercise/package.dsv'
[0.641s] INFO:colcon.colcon_core.shell:Creating package script '/home/usuario/Descargas/ros2_ws/src/install/warehouse_exercise/share/warehouse_exercise/package.sh'
[0.643s] INFO:colcon.colcon_core.shell:Creating package script '/home/usuario/Descargas/ros2_ws/src/install/warehouse_exercise/share/warehouse_exercise/package.bash'
[0.644s] INFO:colcon.colcon_core.shell:Creating package script '/home/usuario/Descargas/ros2_ws/src/install/warehouse_exercise/share/warehouse_exercise/package.zsh'
[0.645s] Level 1:colcon.colcon_core.environment:create_file_with_runtime_dependencies(/home/usuario/Descargas/ros2_ws/src/install/warehouse_exercise/share/colcon-core/packages/warehouse_exercise)
[0.651s] Level 1:colcon.colcon_core.environment:create_environment_scripts_only(warehouse_exercise)
[0.651s] Level 1:colcon.colcon_core.environment:checking '/home/usuario/Descargas/ros2_ws/src/install/warehouse_exercise' for CMake module files
[0.651s] Level 1:colcon.colcon_core.environment:checking '/home/usuario/Descargas/ros2_ws/src/install/warehouse_exercise' for CMake config files
[0.652s] Level 1:colcon.colcon_core.shell:create_environment_hook('warehouse_exercise', 'cmake_prefix_path')
[0.652s] INFO:colcon.colcon_core.shell:Creating environment hook '/home/usuario/Descargas/ros2_ws/src/install/warehouse_exercise/share/warehouse_exercise/hook/cmake_prefix_path.ps1'
[0.653s] INFO:colcon.colcon_core.shell:Creating environment descriptor '/home/usuario/Descargas/ros2_ws/src/install/warehouse_exercise/share/warehouse_exercise/hook/cmake_prefix_path.dsv'
[0.655s] INFO:colcon.colcon_core.shell:Creating environment hook '/home/usuario/Descargas/ros2_ws/src/install/warehouse_exercise/share/warehouse_exercise/hook/cmake_prefix_path.sh'
[0.656s] Level 1:colcon.colcon_core.environment:checking '/home/usuario/Descargas/ros2_ws/src/install/warehouse_exercise/bin'
[0.656s] Level 1:colcon.colcon_core.environment:checking '/home/usuario/Descargas/ros2_ws/src/install/warehouse_exercise/lib/pkgconfig/warehouse_exercise.pc'
[0.656s] Level 1:colcon.colcon_core.environment:checking '/home/usuario/Descargas/ros2_ws/src/install/warehouse_exercise/lib/python3.10/site-packages'
[0.657s] Level 1:colcon.colcon_core.environment:checking '/home/usuario/Descargas/ros2_ws/src/install/warehouse_exercise/bin'
[0.657s] INFO:colcon.colcon_core.shell:Creating package script '/home/usuario/Descargas/ros2_ws/src/install/warehouse_exercise/share/warehouse_exercise/package.ps1'
[0.658s] INFO:colcon.colcon_core.shell:Creating package descriptor '/home/usuario/Descargas/ros2_ws/src/install/warehouse_exercise/share/warehouse_exercise/package.dsv'
[0.659s] INFO:colcon.colcon_core.shell:Creating package script '/home/usuario/Descargas/ros2_ws/src/install/warehouse_exercise/share/warehouse_exercise/package.sh'
[0.660s] INFO:colcon.colcon_core.shell:Creating package script '/home/usuario/Descargas/ros2_ws/src/install/warehouse_exercise/share/warehouse_exercise/package.bash'
[0.661s] INFO:colcon.colcon_core.shell:Creating package script '/home/usuario/Descargas/ros2_ws/src/install/warehouse_exercise/share/warehouse_exercise/package.zsh'
[0.663s] Level 1:colcon.colcon_core.environment:create_file_with_runtime_dependencies(/home/usuario/Descargas/ros2_ws/src/install/warehouse_exercise/share/colcon-core/packages/warehouse_exercise)
[0.664s] DEBUG:colcon.colcon_parallel_executor.executor.parallel:closing loop
[0.664s] DEBUG:colcon.colcon_parallel_executor.executor.parallel:loop closed
[0.664s] DEBUG:colcon.colcon_parallel_executor.executor.parallel:run_until_complete finished with '0'
[0.664s] DEBUG:colcon.colcon_core.event_reactor:joining thread
[0.670s] INFO:colcon.colcon_core.plugin_system:Skipping extension 'colcon_notification.desktop_notification.terminal_notifier': Not used on non-Darwin systems
[0.670s] INFO:colcon.colcon_core.plugin_system:Skipping extension 'colcon_notification.desktop_notification.win32': Not used on non-Windows systems
[0.670s] INFO:colcon.colcon_notification.desktop_notification:Sending desktop notification using 'notify2'
[0.678s] DEBUG:colcon.colcon_core.event_reactor:joined thread
[0.678s] INFO:colcon.colcon_core.shell:Creating prefix script '/home/usuario/Descargas/ros2_ws/src/install/local_setup.ps1'
[0.680s] INFO:colcon.colcon_core.shell:Creating prefix util module '/home/usuario/Descargas/ros2_ws/src/install/_local_setup_util_ps1.py'
[0.682s] INFO:colcon.colcon_core.shell:Creating prefix chain script '/home/usuario/Descargas/ros2_ws/src/install/setup.ps1'
[0.686s] INFO:colcon.colcon_core.shell:Creating prefix script '/home/usuario/Descargas/ros2_ws/src/install/local_setup.sh'
[0.688s] INFO:colcon.colcon_core.shell:Creating prefix util module '/home/usuario/Descargas/ros2_ws/src/install/_local_setup_util_sh.py'
[0.689s] INFO:colcon.colcon_core.shell:Creating prefix chain script '/home/usuario/Descargas/ros2_ws/src/install/setup.sh'
[0.693s] INFO:colcon.colcon_core.shell:Creating prefix script '/home/usuario/Descargas/ros2_ws/src/install/local_setup.bash'
[0.694s] INFO:colcon.colcon_core.shell:Creating prefix chain script '/home/usuario/Descargas/ros2_ws/src/install/setup.bash'
[0.697s] INFO:colcon.colcon_core.shell:Creating prefix script '/home/usuario/Descargas/ros2_ws/src/install/local_setup.zsh'
[0.699s] INFO:colcon.colcon_core.shell:Creating prefix chain script '/home/usuario/Descargas/ros2_ws/src/install/setup.zsh'
