-- Install configuration: ""
-- Up-to-date: /home/usuario/Descargas/ros2_ws/src/install/warehouse_exercise/share/warehouse_exercise/launch
-- Up-to-date: /home/usuario/Descargas/ros2_ws/src/install/warehouse_exercise/share/warehouse_exercise/launch/navigation2.launch.py
-- Up-to-date: /home/usuario/Descargas/ros2_ws/src/install/warehouse_exercise/share/warehouse_exercise/launch/occupancy_grid.launch.py
-- Up-to-date: /home/usuario/Descargas/ros2_ws/src/install/warehouse_exercise/share/warehouse_exercise/launch/rtabmap.launch.py
-- Up-to-date: /home/usuario/Descargas/ros2_ws/src/install/warehouse_exercise/share/warehouse_exercise/launch/no_roof_small_warehouse.launch.py
-- Up-to-date: /home/usuario/Descargas/ros2_ws/src/install/warehouse_exercise/share/warehouse_exercise/launch/turtlebot3_warehouse.launch.py
-- Up-to-date: /home/usuario/Descargas/ros2_ws/src/install/warehouse_exercise/share/warehouse_exercise/launch/small_warehouse.launch.py
-- Up-to-date: /home/usuario/Descargas/ros2_ws/src/install/warehouse_exercise/share/warehouse_exercise/launch/cartographer.launch.py
-- Up-to-date: /home/usuario/Descargas/ros2_ws/src/install/warehouse_exercise/share/warehouse_exercise/launch/slam_toolbox.launch.py
-- Up-to-date: /home/usuario/Descargas/ros2_ws/src/install/warehouse_exercise/share/warehouse_exercise/models
-- Up-to-date: /home/usuario/Descargas/ros2_ws/src/install/warehouse_exercise/share/warehouse_exercise/models/aws_robomaker_warehouse_RoofB_01
-- Up-to-date: /home/usuario/Descargas/ros2_ws/src/install/warehouse_exercise/share/warehouse_exercise/models/aws_robomaker_warehouse_RoofB_01/meshes
-- Up-to-date: /home/usuario/Descargas/ros2_ws/src/install/warehouse_exercise/share/warehouse_exercise/models/aws_robomaker_warehouse_RoofB_01/meshes/aws_robomaker_warehouse_RoofB_01_collision.DAE
-- Up-to-date: /home/usuario/Descargas/ros2_ws/src/install/warehouse_exercise/share/warehouse_exercise/models/aws_robomaker_warehouse_RoofB_01/meshes/aws_robomaker_warehouse_RoofB_01_visual.DAE
-- Up-to-date: /home/usuario/Descargas/ros2_ws/src/install/warehouse_exercise/share/warehouse_exercise/models/aws_robomaker_warehouse_RoofB_01/materials
-- Up-to-date: /home/usuario/Descargas/ros2_ws/src/install/warehouse_exercise/share/warehouse_exercise/models/aws_robomaker_warehouse_RoofB_01/materials/textures
-- Up-to-date: /home/usuario/Descargas/ros2_ws/src/install/warehouse_exercise/share/warehouse_exercise/models/aws_robomaker_warehouse_RoofB_01/materials/textures/aws_robomaker_warehouse_RoofB_01.png
-- Up-to-date: /home/usuario/Descargas/ros2_ws/src/install/warehouse_exercise/share/warehouse_exercise/models/aws_robomaker_warehouse_RoofB_01/model.config
-- Up-to-date: /home/usuario/Descargas/ros2_ws/src/install/warehouse_exercise/share/warehouse_exercise/models/aws_robomaker_warehouse_RoofB_01/model.sdf
-- Up-to-date: /home/usuario/Descargas/ros2_ws/src/install/warehouse_exercise/share/warehouse_exercise/models/aws_robomaker_warehouse_ShelfE_01
-- Up-to-date: /home/usuario/Descargas/ros2_ws/src/install/warehouse_exercise/share/warehouse_exercise/models/aws_robomaker_warehouse_ShelfE_01/meshes
-- Up-to-date: /home/usuario/Descargas/ros2_ws/src/install/warehouse_exercise/share/warehouse_exercise/models/aws_robomaker_warehouse_ShelfE_01/meshes/aws_robomaker_warehouse_ShelfE_01_collision.DAE
-- Up-to-date: /home/usuario/Descargas/ros2_ws/src/install/warehouse_exercise/share/warehouse_exercise/models/aws_robomaker_warehouse_ShelfE_01/meshes/aws_robomaker_warehouse_ShelfE_01_visual.DAE
-- Up-to-date: /home/usuario/Descargas/ros2_ws/src/install/warehouse_exercise/share/warehouse_exercise/models/aws_robomaker_warehouse_ShelfE_01/materials
-- Up-to-date: /home/usuario/Descargas/ros2_ws/src/install/warehouse_exercise/share/warehouse_exercise/models/aws_robomaker_warehouse_ShelfE_01/materials/.DS_Store
-- Up-to-date: /home/usuario/Descargas/ros2_ws/src/install/warehouse_exercise/share/warehouse_exercise/models/aws_robomaker_warehouse_ShelfE_01/materials/textures
-- Up-to-date: /home/usuario/Descargas/ros2_ws/src/install/warehouse_exercise/share/warehouse_exercise/models/aws_robomaker_warehouse_ShelfE_01/materials/textures/aws_robomaker_warehouse_ShelfE_03.png
-- Up-to-date: /home/usuario/Descargas/ros2_ws/src/install/warehouse_exercise/share/warehouse_exercise/models/aws_robomaker_warehouse_ShelfE_01/materials/textures/aws_robomaker_warehouse_ShelfE_01.png
-- Up-to-date: /home/usuario/Descargas/ros2_ws/src/install/warehouse_exercise/share/warehouse_exercise/models/aws_robomaker_warehouse_ShelfE_01/materials/textures/aws_robomaker_warehouse_ShelfE_04.png
-- Up-to-date: /home/usuario/Descargas/ros2_ws/src/install/warehouse_exercise/share/warehouse_exercise/models/aws_robomaker_warehouse_ShelfE_01/materials/textures/aws_robomaker_warehouse_ShelfE_02.png
-- Up-to-date: /home/usuario/Descargas/ros2_ws/src/install/warehouse_exercise/share/warehouse_exercise/models/aws_robomaker_warehouse_ShelfE_01/.DS_Store
-- Up-to-date: /home/usuario/Descargas/ros2_ws/src/install/warehouse_exercise/share/warehouse_exercise/models/aws_robomaker_warehouse_ShelfE_01/model.config
-- Up-to-date: /home/usuario/Descargas/ros2_ws/src/install/warehouse_exercise/share/warehouse_exercise/models/aws_robomaker_warehouse_ShelfE_01/model.sdf
-- Up-to-date: /home/usuario/Descargas/ros2_ws/src/install/warehouse_exercise/share/warehouse_exercise/models/aws_robomaker_warehouse_ShelfD_01
-- Up-to-date: /home/usuario/Descargas/ros2_ws/src/install/warehouse_exercise/share/warehouse_exercise/models/aws_robomaker_warehouse_ShelfD_01/meshes
-- Up-to-date: /home/usuario/Descargas/ros2_ws/src/install/warehouse_exercise/share/warehouse_exercise/models/aws_robomaker_warehouse_ShelfD_01/meshes/aws_robomaker_warehouse_ShelfD_01_visual.DAE
-- Up-to-date: /home/usuario/Descargas/ros2_ws/src/install/warehouse_exercise/share/warehouse_exercise/models/aws_robomaker_warehouse_ShelfD_01/meshes/aws_robomaker_warehouse_ShelfD_01_collision.DAE
-- Up-to-date: /home/usuario/Descargas/ros2_ws/src/install/warehouse_exercise/share/warehouse_exercise/models/aws_robomaker_warehouse_ShelfD_01/materials
-- Up-to-date: /home/usuario/Descargas/ros2_ws/src/install/warehouse_exercise/share/warehouse_exercise/models/aws_robomaker_warehouse_ShelfD_01/materials/textures
-- Up-to-date: /home/usuario/Descargas/ros2_ws/src/install/warehouse_exercise/share/warehouse_exercise/models/aws_robomaker_warehouse_ShelfD_01/materials/textures/aws_robomaker_warehouse_ShelfD_01.png
-- Up-to-date: /home/usuario/Descargas/ros2_ws/src/install/warehouse_exercise/share/warehouse_exercise/models/aws_robomaker_warehouse_ShelfD_01/materials/textures/aws_robomaker_warehouse_ShelfD_03.png
-- Up-to-date: /home/usuario/Descargas/ros2_ws/src/install/warehouse_exercise/share/warehouse_exercise/models/aws_robomaker_warehouse_ShelfD_01/materials/textures/aws_robomaker_warehouse_ShelfD_02.png
-- Up-to-date: /home/usuario/Descargas/ros2_ws/src/install/warehouse_exercise/share/warehouse_exercise/models/aws_robomaker_warehouse_ShelfD_01/materials/textures/aws_robomaker_warehouse_ShelfD_04.png
-- Up-to-date: /home/usuario/Descargas/ros2_ws/src/install/warehouse_exercise/share/warehouse_exercise/models/aws_robomaker_warehouse_ShelfD_01/model.config
-- Up-to-date: /home/usuario/Descargas/ros2_ws/src/install/warehouse_exercise/share/warehouse_exercise/models/aws_robomaker_warehouse_ShelfD_01/model.sdf
-- Up-to-date: /home/usuario/Descargas/ros2_ws/src/install/warehouse_exercise/share/warehouse_exercise/models/aws_robomaker_warehouse_GroundB_01
-- Up-to-date: /home/usuario/Descargas/ros2_ws/src/install/warehouse_exercise/share/warehouse_exercise/models/aws_robomaker_warehouse_GroundB_01/meshes
-- Up-to-date: /home/usuario/Descargas/ros2_ws/src/install/warehouse_exercise/share/warehouse_exercise/models/aws_robomaker_warehouse_GroundB_01/meshes/aws_robomaker_warehouse_GroundB_01_visual.DAE
-- Up-to-date: /home/usuario/Descargas/ros2_ws/src/install/warehouse_exercise/share/warehouse_exercise/models/aws_robomaker_warehouse_GroundB_01/meshes/aws_robomaker_warehouse_GroundB_01_collision.DAE
-- Up-to-date: /home/usuario/Descargas/ros2_ws/src/install/warehouse_exercise/share/warehouse_exercise/models/aws_robomaker_warehouse_GroundB_01/materials
-- Up-to-date: /home/usuario/Descargas/ros2_ws/src/install/warehouse_exercise/share/warehouse_exercise/models/aws_robomaker_warehouse_GroundB_01/materials/textures
-- Up-to-date: /home/usuario/Descargas/ros2_ws/src/install/warehouse_exercise/share/warehouse_exercise/models/aws_robomaker_warehouse_GroundB_01/materials/textures/aws_robomaker_warehouse_GroundB_01.png
-- Up-to-date: /home/usuario/Descargas/ros2_ws/src/install/warehouse_exercise/share/warehouse_exercise/models/aws_robomaker_warehouse_GroundB_01/materials/textures/aws_robomaker_warehouse_GroundB_02.png
-- Up-to-date: /home/usuario/Descargas/ros2_ws/src/install/warehouse_exercise/share/warehouse_exercise/models/aws_robomaker_warehouse_GroundB_01/model.config
-- Up-to-date: /home/usuario/Descargas/ros2_ws/src/install/warehouse_exercise/share/warehouse_exercise/models/aws_robomaker_warehouse_GroundB_01/model.sdf
-- Up-to-date: /home/usuario/Descargas/ros2_ws/src/install/warehouse_exercise/share/warehouse_exercise/models/aws_robomaker_warehouse_ClutteringA_01
-- Up-to-date: /home/usuario/Descargas/ros2_ws/src/install/warehouse_exercise/share/warehouse_exercise/models/aws_robomaker_warehouse_ClutteringA_01/meshes
-- Up-to-date: /home/usuario/Descargas/ros2_ws/src/install/warehouse_exercise/share/warehouse_exercise/models/aws_robomaker_warehouse_ClutteringA_01/meshes/aws_robomaker_warehouse_ClutteringA_01_visual.DAE
-- Up-to-date: /home/usuario/Descargas/ros2_ws/src/install/warehouse_exercise/share/warehouse_exercise/models/aws_robomaker_warehouse_ClutteringA_01/meshes/aws_robomaker_warehouse_ClutteringA_01_collision.DAE
-- Up-to-date: /home/usuario/Descargas/ros2_ws/src/install/warehouse_exercise/share/warehouse_exercise/models/aws_robomaker_warehouse_ClutteringA_01/materials
-- Up-to-date: /home/usuario/Descargas/ros2_ws/src/install/warehouse_exercise/share/warehouse_exercise/models/aws_robomaker_warehouse_ClutteringA_01/materials/.DS_Store
-- Up-to-date: /home/usuario/Descargas/ros2_ws/src/install/warehouse_exercise/share/warehouse_exercise/models/aws_robomaker_warehouse_ClutteringA_01/materials/textures
-- Up-to-date: /home/usuario/Descargas/ros2_ws/src/install/warehouse_exercise/share/warehouse_exercise/models/aws_robomaker_warehouse_ClutteringA_01/materials/textures/aws_robomaker_warehouse_ClutteringA_02.png
-- Up-to-date: /home/usuario/Descargas/ros2_ws/src/install/warehouse_exercise/share/warehouse_exercise/models/aws_robomaker_warehouse_ClutteringA_01/materials/textures/aws_robomaker_warehouse_ClutteringA_03.png
-- Up-to-date: /home/usuario/Descargas/ros2_ws/src/install/warehouse_exercise/share/warehouse_exercise/models/aws_robomaker_warehouse_ClutteringA_01/materials/textures/aws_robomaker_warehouse_ClutteringA_01.png
-- Up-to-date: /home/usuario/Descargas/ros2_ws/src/install/warehouse_exercise/share/warehouse_exercise/models/aws_robomaker_warehouse_ClutteringA_01/materials/textures/.DS_Store
-- Up-to-date: /home/usuario/Descargas/ros2_ws/src/install/warehouse_exercise/share/warehouse_exercise/models/aws_robomaker_warehouse_ClutteringA_01/.DS_Store
-- Up-to-date: /home/usuario/Descargas/ros2_ws/src/install/warehouse_exercise/share/warehouse_exercise/models/aws_robomaker_warehouse_ClutteringA_01/model.config
-- Up-to-date: /home/usuario/Descargas/ros2_ws/src/install/warehouse_exercise/share/warehouse_exercise/models/aws_robomaker_warehouse_ClutteringA_01/model.sdf
-- Up-to-date: /home/usuario/Descargas/ros2_ws/src/install/warehouse_exercise/share/warehouse_exercise/models/aws_robomaker_warehouse_ClutteringD_01
-- Up-to-date: /home/usuario/Descargas/ros2_ws/src/install/warehouse_exercise/share/warehouse_exercise/models/aws_robomaker_warehouse_ClutteringD_01/meshes
-- Up-to-date: /home/usuario/Descargas/ros2_ws/src/install/warehouse_exercise/share/warehouse_exercise/models/aws_robomaker_warehouse_ClutteringD_01/meshes/aws_robomaker_warehouse_ClutteringD_01_visual.DAE
-- Up-to-date: /home/usuario/Descargas/ros2_ws/src/install/warehouse_exercise/share/warehouse_exercise/models/aws_robomaker_warehouse_ClutteringD_01/meshes/aws_robomaker_warehouse_ClutteringD_01_collision.DAE
-- Up-to-date: /home/usuario/Descargas/ros2_ws/src/install/warehouse_exercise/share/warehouse_exercise/models/aws_robomaker_warehouse_ClutteringD_01/materials
-- Up-to-date: /home/usuario/Descargas/ros2_ws/src/install/warehouse_exercise/share/warehouse_exercise/models/aws_robomaker_warehouse_ClutteringD_01/materials/textures
-- Up-to-date: /home/usuario/Descargas/ros2_ws/src/install/warehouse_exercise/share/warehouse_exercise/models/aws_robomaker_warehouse_ClutteringD_01/materials/textures/aws_robomaker_warehouse_ClutteringD_02.png
-- Up-to-date: /home/usuario/Descargas/ros2_ws/src/install/warehouse_exercise/share/warehouse_exercise/models/aws_robomaker_warehouse_ClutteringD_01/materials/textures/aws_robomaker_warehouse_ClutteringD_01.png
-- Up-to-date: /home/usuario/Descargas/ros2_ws/src/install/warehouse_exercise/share/warehouse_exercise/models/aws_robomaker_warehouse_ClutteringD_01/model.config
-- Up-to-date: /home/usuario/Descargas/ros2_ws/src/install/warehouse_exercise/share/warehouse_exercise/models/aws_robomaker_warehouse_ClutteringD_01/model.sdf
-- Up-to-date: /home/usuario/Descargas/ros2_ws/src/install/warehouse_exercise/share/warehouse_exercise/models/aws_robomaker_warehouse_WallB_01
-- Up-to-date: /home/usuario/Descargas/ros2_ws/src/install/warehouse_exercise/share/warehouse_exercise/models/aws_robomaker_warehouse_WallB_01/meshes
-- Up-to-date: /home/usuario/Descargas/ros2_ws/src/install/warehouse_exercise/share/warehouse_exercise/models/aws_robomaker_warehouse_WallB_01/meshes/aws_robomaker_warehouse_WallB_01_collision.DAE
-- Up-to-date: /home/usuario/Descargas/ros2_ws/src/install/warehouse_exercise/share/warehouse_exercise/models/aws_robomaker_warehouse_WallB_01/meshes/aws_robomaker_warehouse_WallB_01_visual.DAE
-- Up-to-date: /home/usuario/Descargas/ros2_ws/src/install/warehouse_exercise/share/warehouse_exercise/models/aws_robomaker_warehouse_WallB_01/materials
-- Up-to-date: /home/usuario/Descargas/ros2_ws/src/install/warehouse_exercise/share/warehouse_exercise/models/aws_robomaker_warehouse_WallB_01/materials/textures
-- Up-to-date: /home/usuario/Descargas/ros2_ws/src/install/warehouse_exercise/share/warehouse_exercise/models/aws_robomaker_warehouse_WallB_01/materials/textures/aws_robomaker_warehouse_WallB_01.png
-- Up-to-date: /home/usuario/Descargas/ros2_ws/src/install/warehouse_exercise/share/warehouse_exercise/models/aws_robomaker_warehouse_WallB_01/model.config
-- Up-to-date: /home/usuario/Descargas/ros2_ws/src/install/warehouse_exercise/share/warehouse_exercise/models/aws_robomaker_warehouse_WallB_01/model.sdf
-- Up-to-date: /home/usuario/Descargas/ros2_ws/src/install/warehouse_exercise/share/warehouse_exercise/models/.DS_Store
-- Up-to-date: /home/usuario/Descargas/ros2_ws/src/install/warehouse_exercise/share/warehouse_exercise/models/aws_robomaker_warehouse_Lamp_01
-- Up-to-date: /home/usuario/Descargas/ros2_ws/src/install/warehouse_exercise/share/warehouse_exercise/models/aws_robomaker_warehouse_Lamp_01/meshes
-- Up-to-date: /home/usuario/Descargas/ros2_ws/src/install/warehouse_exercise/share/warehouse_exercise/models/aws_robomaker_warehouse_Lamp_01/meshes/aws_robomaker_warehouse_Lamp_01_visual.DAE
-- Up-to-date: /home/usuario/Descargas/ros2_ws/src/install/warehouse_exercise/share/warehouse_exercise/models/aws_robomaker_warehouse_Lamp_01/meshes/aws_robomaker_warehouse_Lamp_01_collision.DAE
-- Up-to-date: /home/usuario/Descargas/ros2_ws/src/install/warehouse_exercise/share/warehouse_exercise/models/aws_robomaker_warehouse_Lamp_01/materials
-- Up-to-date: /home/usuario/Descargas/ros2_ws/src/install/warehouse_exercise/share/warehouse_exercise/models/aws_robomaker_warehouse_Lamp_01/materials/textures
-- Up-to-date: /home/usuario/Descargas/ros2_ws/src/install/warehouse_exercise/share/warehouse_exercise/models/aws_robomaker_warehouse_Lamp_01/materials/textures/aws_robomaker_warehouse_Lamp_01.png
-- Up-to-date: /home/usuario/Descargas/ros2_ws/src/install/warehouse_exercise/share/warehouse_exercise/models/aws_robomaker_warehouse_Lamp_01/model.config
-- Up-to-date: /home/usuario/Descargas/ros2_ws/src/install/warehouse_exercise/share/warehouse_exercise/models/aws_robomaker_warehouse_Lamp_01/model.sdf
-- Up-to-date: /home/usuario/Descargas/ros2_ws/src/install/warehouse_exercise/share/warehouse_exercise/models/aws_robomaker_warehouse_ClutteringC_01
-- Up-to-date: /home/usuario/Descargas/ros2_ws/src/install/warehouse_exercise/share/warehouse_exercise/models/aws_robomaker_warehouse_ClutteringC_01/meshes
-- Up-to-date: /home/usuario/Descargas/ros2_ws/src/install/warehouse_exercise/share/warehouse_exercise/models/aws_robomaker_warehouse_ClutteringC_01/meshes/aws_robomaker_warehouse_ClutteringC_01_visual.DAE
-- Up-to-date: /home/usuario/Descargas/ros2_ws/src/install/warehouse_exercise/share/warehouse_exercise/models/aws_robomaker_warehouse_ClutteringC_01/meshes/aws_robomaker_warehouse_ClutteringC_01_collision.DAE
-- Up-to-date: /home/usuario/Descargas/ros2_ws/src/install/warehouse_exercise/share/warehouse_exercise/models/aws_robomaker_warehouse_ClutteringC_01/materials
-- Up-to-date: /home/usuario/Descargas/ros2_ws/src/install/warehouse_exercise/share/warehouse_exercise/models/aws_robomaker_warehouse_ClutteringC_01/materials/textures
-- Up-to-date: /home/usuario/Descargas/ros2_ws/src/install/warehouse_exercise/share/warehouse_exercise/models/aws_robomaker_warehouse_ClutteringC_01/materials/textures/aws_robomaker_warehouse_ClutteringC_02.png
-- Up-to-date: /home/usuario/Descargas/ros2_ws/src/install/warehouse_exercise/share/warehouse_exercise/models/aws_robomaker_warehouse_ClutteringC_01/materials/textures/aws_robomaker_warehouse_ClutteringC_01.png
-- Up-to-date: /home/usuario/Descargas/ros2_ws/src/install/warehouse_exercise/share/warehouse_exercise/models/aws_robomaker_warehouse_ClutteringC_01/model.config
-- Up-to-date: /home/usuario/Descargas/ros2_ws/src/install/warehouse_exercise/share/warehouse_exercise/models/aws_robomaker_warehouse_ClutteringC_01/model.sdf
-- Up-to-date: /home/usuario/Descargas/ros2_ws/src/install/warehouse_exercise/share/warehouse_exercise/models/aws_robomaker_warehouse_PalletJackB_01
-- Up-to-date: /home/usuario/Descargas/ros2_ws/src/install/warehouse_exercise/share/warehouse_exercise/models/aws_robomaker_warehouse_PalletJackB_01/meshes
-- Up-to-date: /home/usuario/Descargas/ros2_ws/src/install/warehouse_exercise/share/warehouse_exercise/models/aws_robomaker_warehouse_PalletJackB_01/meshes/aws_robomaker_warehouse_PalletJackB_01_collision.DAE
-- Up-to-date: /home/usuario/Descargas/ros2_ws/src/install/warehouse_exercise/share/warehouse_exercise/models/aws_robomaker_warehouse_PalletJackB_01/meshes/aws_robomaker_warehouse_PalletJackB_01_visual.DAE
-- Up-to-date: /home/usuario/Descargas/ros2_ws/src/install/warehouse_exercise/share/warehouse_exercise/models/aws_robomaker_warehouse_PalletJackB_01/materials
-- Up-to-date: /home/usuario/Descargas/ros2_ws/src/install/warehouse_exercise/share/warehouse_exercise/models/aws_robomaker_warehouse_PalletJackB_01/materials/.DS_Store
-- Up-to-date: /home/usuario/Descargas/ros2_ws/src/install/warehouse_exercise/share/warehouse_exercise/models/aws_robomaker_warehouse_PalletJackB_01/materials/textures
-- Up-to-date: /home/usuario/Descargas/ros2_ws/src/install/warehouse_exercise/share/warehouse_exercise/models/aws_robomaker_warehouse_PalletJackB_01/materials/textures/aws_robomaker_warehouse_PalletJackB_02.png
-- Up-to-date: /home/usuario/Descargas/ros2_ws/src/install/warehouse_exercise/share/warehouse_exercise/models/aws_robomaker_warehouse_PalletJackB_01/materials/textures/aws_robomaker_warehouse_PalletJackB_01.png
-- Up-to-date: /home/usuario/Descargas/ros2_ws/src/install/warehouse_exercise/share/warehouse_exercise/models/aws_robomaker_warehouse_PalletJackB_01/.DS_Store
-- Up-to-date: /home/usuario/Descargas/ros2_ws/src/install/warehouse_exercise/share/warehouse_exercise/models/aws_robomaker_warehouse_PalletJackB_01/model.config
-- Up-to-date: /home/usuario/Descargas/ros2_ws/src/install/warehouse_exercise/share/warehouse_exercise/models/aws_robomaker_warehouse_PalletJackB_01/model.sdf
-- Up-to-date: /home/usuario/Descargas/ros2_ws/src/install/warehouse_exercise/share/warehouse_exercise/models/aws_robomaker_warehouse_Bucket_01
-- Up-to-date: /home/usuario/Descargas/ros2_ws/src/install/warehouse_exercise/share/warehouse_exercise/models/aws_robomaker_warehouse_Bucket_01/meshes
-- Up-to-date: /home/usuario/Descargas/ros2_ws/src/install/warehouse_exercise/share/warehouse_exercise/models/aws_robomaker_warehouse_Bucket_01/meshes/aws_robomaker_warehouse_Bucket_01_visual.DAE
-- Up-to-date: /home/usuario/Descargas/ros2_ws/src/install/warehouse_exercise/share/warehouse_exercise/models/aws_robomaker_warehouse_Bucket_01/meshes/aws_robomaker_warehouse_Bucket_01_collision.DAE
-- Up-to-date: /home/usuario/Descargas/ros2_ws/src/install/warehouse_exercise/share/warehouse_exercise/models/aws_robomaker_warehouse_Bucket_01/materials
-- Up-to-date: /home/usuario/Descargas/ros2_ws/src/install/warehouse_exercise/share/warehouse_exercise/models/aws_robomaker_warehouse_Bucket_01/materials/.DS_Store
-- Up-to-date: /home/usuario/Descargas/ros2_ws/src/install/warehouse_exercise/share/warehouse_exercise/models/aws_robomaker_warehouse_Bucket_01/materials/textures
-- Up-to-date: /home/usuario/Descargas/ros2_ws/src/install/warehouse_exercise/share/warehouse_exercise/models/aws_robomaker_warehouse_Bucket_01/materials/textures/aws_robomaker_warehouse_Bucket_01.png
-- Up-to-date: /home/usuario/Descargas/ros2_ws/src/install/warehouse_exercise/share/warehouse_exercise/models/aws_robomaker_warehouse_Bucket_01/.DS_Store
-- Up-to-date: /home/usuario/Descargas/ros2_ws/src/install/warehouse_exercise/share/warehouse_exercise/models/aws_robomaker_warehouse_Bucket_01/model.config
-- Up-to-date: /home/usuario/Descargas/ros2_ws/src/install/warehouse_exercise/share/warehouse_exercise/models/aws_robomaker_warehouse_Bucket_01/model.sdf
-- Up-to-date: /home/usuario/Descargas/ros2_ws/src/install/warehouse_exercise/share/warehouse_exercise/models/aws_robomaker_warehouse_DeskC_01
-- Up-to-date: /home/usuario/Descargas/ros2_ws/src/install/warehouse_exercise/share/warehouse_exercise/models/aws_robomaker_warehouse_DeskC_01/meshes
-- Up-to-date: /home/usuario/Descargas/ros2_ws/src/install/warehouse_exercise/share/warehouse_exercise/models/aws_robomaker_warehouse_DeskC_01/meshes/aws_robomaker_warehouse_DeskC_01_collision.DAE
-- Up-to-date: /home/usuario/Descargas/ros2_ws/src/install/warehouse_exercise/share/warehouse_exercise/models/aws_robomaker_warehouse_DeskC_01/meshes/aws_robomaker_warehouse_DeskC_01_visual.DAE
-- Up-to-date: /home/usuario/Descargas/ros2_ws/src/install/warehouse_exercise/share/warehouse_exercise/models/aws_robomaker_warehouse_DeskC_01/materials
-- Up-to-date: /home/usuario/Descargas/ros2_ws/src/install/warehouse_exercise/share/warehouse_exercise/models/aws_robomaker_warehouse_DeskC_01/materials/.DS_Store
-- Up-to-date: /home/usuario/Descargas/ros2_ws/src/install/warehouse_exercise/share/warehouse_exercise/models/aws_robomaker_warehouse_DeskC_01/materials/textures
-- Up-to-date: /home/usuario/Descargas/ros2_ws/src/install/warehouse_exercise/share/warehouse_exercise/models/aws_robomaker_warehouse_DeskC_01/materials/textures/aws_robomaker_warehouse_DeskC_03.png
-- Up-to-date: /home/usuario/Descargas/ros2_ws/src/install/warehouse_exercise/share/warehouse_exercise/models/aws_robomaker_warehouse_DeskC_01/materials/textures/aws_robomaker_warehouse_DeskC_01.png
-- Up-to-date: /home/usuario/Descargas/ros2_ws/src/install/warehouse_exercise/share/warehouse_exercise/models/aws_robomaker_warehouse_DeskC_01/materials/textures/aws_robomaker_warehouse_DeskC_02.png
-- Up-to-date: /home/usuario/Descargas/ros2_ws/src/install/warehouse_exercise/share/warehouse_exercise/models/aws_robomaker_warehouse_DeskC_01/materials/textures/aws_robomaker_warehouse_DeskC_03.psd
-- Up-to-date: /home/usuario/Descargas/ros2_ws/src/install/warehouse_exercise/share/warehouse_exercise/models/aws_robomaker_warehouse_DeskC_01/materials/textures/aws_robomaker_warehouse_DeskC_04.png
-- Up-to-date: /home/usuario/Descargas/ros2_ws/src/install/warehouse_exercise/share/warehouse_exercise/models/aws_robomaker_warehouse_DeskC_01/model.config
-- Up-to-date: /home/usuario/Descargas/ros2_ws/src/install/warehouse_exercise/share/warehouse_exercise/models/aws_robomaker_warehouse_DeskC_01/model.sdf
-- Up-to-date: /home/usuario/Descargas/ros2_ws/src/install/warehouse_exercise/share/warehouse_exercise/models/aws_robomaker_warehouse_ShelfF_01
-- Up-to-date: /home/usuario/Descargas/ros2_ws/src/install/warehouse_exercise/share/warehouse_exercise/models/aws_robomaker_warehouse_ShelfF_01/meshes
-- Up-to-date: /home/usuario/Descargas/ros2_ws/src/install/warehouse_exercise/share/warehouse_exercise/models/aws_robomaker_warehouse_ShelfF_01/meshes/aws_robomaker_warehouse_ShelfF_01_collision.DAE
-- Up-to-date: /home/usuario/Descargas/ros2_ws/src/install/warehouse_exercise/share/warehouse_exercise/models/aws_robomaker_warehouse_ShelfF_01/meshes/aws_robomaker_warehouse_ShelfF_01_visual.DAE
-- Up-to-date: /home/usuario/Descargas/ros2_ws/src/install/warehouse_exercise/share/warehouse_exercise/models/aws_robomaker_warehouse_ShelfF_01/materials
-- Up-to-date: /home/usuario/Descargas/ros2_ws/src/install/warehouse_exercise/share/warehouse_exercise/models/aws_robomaker_warehouse_ShelfF_01/materials/textures
-- Up-to-date: /home/usuario/Descargas/ros2_ws/src/install/warehouse_exercise/share/warehouse_exercise/models/aws_robomaker_warehouse_ShelfF_01/materials/textures/aws_robomaker_warehouse_ShelfF_03.png
-- Up-to-date: /home/usuario/Descargas/ros2_ws/src/install/warehouse_exercise/share/warehouse_exercise/models/aws_robomaker_warehouse_ShelfF_01/materials/textures/aws_robomaker_warehouse_ShelfF_01.png
-- Up-to-date: /home/usuario/Descargas/ros2_ws/src/install/warehouse_exercise/share/warehouse_exercise/models/aws_robomaker_warehouse_ShelfF_01/materials/textures/aws_robomaker_warehouse_ShelfF_02.png
-- Up-to-date: /home/usuario/Descargas/ros2_ws/src/install/warehouse_exercise/share/warehouse_exercise/models/aws_robomaker_warehouse_ShelfF_01/model.config
-- Up-to-date: /home/usuario/Descargas/ros2_ws/src/install/warehouse_exercise/share/warehouse_exercise/models/aws_robomaker_warehouse_ShelfF_01/model.sdf
-- Up-to-date: /home/usuario/Descargas/ros2_ws/src/install/warehouse_exercise/share/warehouse_exercise/models/aws_robomaker_warehouse_TrashCanC_01
-- Up-to-date: /home/usuario/Descargas/ros2_ws/src/install/warehouse_exercise/share/warehouse_exercise/models/aws_robomaker_warehouse_TrashCanC_01/meshes
-- Up-to-date: /home/usuario/Descargas/ros2_ws/src/install/warehouse_exercise/share/warehouse_exercise/models/aws_robomaker_warehouse_TrashCanC_01/meshes/aws_robomaker_warehouse_TrashCanC_01_collision.DAE
-- Up-to-date: /home/usuario/Descargas/ros2_ws/src/install/warehouse_exercise/share/warehouse_exercise/models/aws_robomaker_warehouse_TrashCanC_01/meshes/aws_robomaker_warehouse_TrashCanC_01_visual.DAE
-- Up-to-date: /home/usuario/Descargas/ros2_ws/src/install/warehouse_exercise/share/warehouse_exercise/models/aws_robomaker_warehouse_TrashCanC_01/materials
-- Up-to-date: /home/usuario/Descargas/ros2_ws/src/install/warehouse_exercise/share/warehouse_exercise/models/aws_robomaker_warehouse_TrashCanC_01/materials/textures
-- Up-to-date: /home/usuario/Descargas/ros2_ws/src/install/warehouse_exercise/share/warehouse_exercise/models/aws_robomaker_warehouse_TrashCanC_01/materials/textures/aws_robomaker_warehouse_TrashCanC_01.png
-- Up-to-date: /home/usuario/Descargas/ros2_ws/src/install/warehouse_exercise/share/warehouse_exercise/models/aws_robomaker_warehouse_TrashCanC_01/model.config
-- Up-to-date: /home/usuario/Descargas/ros2_ws/src/install/warehouse_exercise/share/warehouse_exercise/models/aws_robomaker_warehouse_TrashCanC_01/model.sdf
-- Up-to-date: /home/usuario/Descargas/ros2_ws/src/install/warehouse_exercise/share/warehouse_exercise/worlds
-- Up-to-date: /home/usuario/Descargas/ros2_ws/src/install/warehouse_exercise/share/warehouse_exercise/worlds/no_roof_small_warehouse
-- Up-to-date: /home/usuario/Descargas/ros2_ws/src/install/warehouse_exercise/share/warehouse_exercise/worlds/no_roof_small_warehouse/no_roof_small_warehouse.world
-- Up-to-date: /home/usuario/Descargas/ros2_ws/src/install/warehouse_exercise/share/warehouse_exercise/worlds/small_warehouse
-- Up-to-date: /home/usuario/Descargas/ros2_ws/src/install/warehouse_exercise/share/warehouse_exercise/worlds/small_warehouse/small_warehouse.world
-- Up-to-date: /home/usuario/Descargas/ros2_ws/src/install/warehouse_exercise/share/warehouse_exercise/maps
-- Up-to-date: /home/usuario/Descargas/ros2_ws/src/install/warehouse_exercise/share/warehouse_exercise/maps/.DS_Store
-- Up-to-date: /home/usuario/Descargas/ros2_ws/src/install/warehouse_exercise/share/warehouse_exercise/rviz
-- Installing: /home/usuario/Descargas/ros2_ws/src/install/warehouse_exercise/share/warehouse_exercise/rviz/slam.rviz
-- Installing: /home/usuario/Descargas/ros2_ws/src/install/warehouse_exercise/share/warehouse_exercise/rviz/teleop.rviz
-- Up-to-date: /home/usuario/Descargas/ros2_ws/src/install/warehouse_exercise/share/warehouse_exercise/rviz/tb3_navigation2.rviz
-- Up-to-date: /home/usuario/Descargas/ros2_ws/src/install/warehouse_exercise/share/warehouse_exercise/param
-- Up-to-date: /home/usuario/Descargas/ros2_ws/src/install/warehouse_exercise/share/warehouse_exercise/param/burger.yaml
-- Up-to-date: /home/usuario/Descargas/ros2_ws/src/install/warehouse_exercise/share/warehouse_exercise/param/waffle_pi.yaml
-- Up-to-date: /home/usuario/Descargas/ros2_ws/src/install/warehouse_exercise/share/warehouse_exercise/param/waffle.yaml
-- Up-to-date: /home/usuario/Descargas/ros2_ws/src/install/warehouse_exercise/share/warehouse_exercise/environment/aws_robomaker_small_warehouse_world.dsv
-- Up-to-date: /home/usuario/Descargas/ros2_ws/src/install/warehouse_exercise/share/ament_index/resource_index/package_run_dependencies/warehouse_exercise
-- Up-to-date: /home/usuario/Descargas/ros2_ws/src/install/warehouse_exercise/share/ament_index/resource_index/parent_prefix_path/warehouse_exercise
-- Up-to-date: /home/usuario/Descargas/ros2_ws/src/install/warehouse_exercise/share/warehouse_exercise/environment/ament_prefix_path.sh
-- Up-to-date: /home/usuario/Descargas/ros2_ws/src/install/warehouse_exercise/share/warehouse_exercise/environment/ament_prefix_path.dsv
-- Up-to-date: /home/usuario/Descargas/ros2_ws/src/install/warehouse_exercise/share/warehouse_exercise/environment/path.sh
-- Up-to-date: /home/usuario/Descargas/ros2_ws/src/install/warehouse_exercise/share/warehouse_exercise/environment/path.dsv
-- Up-to-date: /home/usuario/Descargas/ros2_ws/src/install/warehouse_exercise/share/warehouse_exercise/local_setup.bash
-- Up-to-date: /home/usuario/Descargas/ros2_ws/src/install/warehouse_exercise/share/warehouse_exercise/local_setup.sh
-- Up-to-date: /home/usuario/Descargas/ros2_ws/src/install/warehouse_exercise/share/warehouse_exercise/local_setup.zsh
-- Up-to-date: /home/usuario/Descargas/ros2_ws/src/install/warehouse_exercise/share/warehouse_exercise/local_setup.dsv
-- Installing: /home/usuario/Descargas/ros2_ws/src/install/warehouse_exercise/share/warehouse_exercise/package.dsv
-- Up-to-date: /home/usuario/Descargas/ros2_ws/src/install/warehouse_exercise/share/ament_index/resource_index/packages/warehouse_exercise
-- Up-to-date: /home/usuario/Descargas/ros2_ws/src/install/warehouse_exercise/share/warehouse_exercise/cmake/ament_cmake_export_dependencies-extras.cmake
-- Up-to-date: /home/usuario/Descargas/ros2_ws/src/install/warehouse_exercise/share/warehouse_exercise/cmake/warehouse_exerciseConfig.cmake
-- Up-to-date: /home/usuario/Descargas/ros2_ws/src/install/warehouse_exercise/share/warehouse_exercise/cmake/warehouse_exerciseConfig-version.cmake
-- Up-to-date: /home/usuario/Descargas/ros2_ws/src/install/warehouse_exercise/share/warehouse_exercise/package.xml
