[0.137s] DEBUG:colcon:Command line arguments: ['/usr/bin/colcon', 'build']
[0.138s] DEBUG:colcon:Parsed command line arguments: Namespace(log_base=None, log_level=None, verb_name='build', build_base='build', install_base='install', merge_install=False, symlink_install=False, test_result_base=None, continue_on_error=False, executor='parallel', parallel_workers=6, event_handlers=None, ignore_user_meta=False, metas=['./colcon.meta'], base_paths=['.'], packages_ignore=None, packages_ignore_regex=None, paths=None, packages_up_to=None, packages_up_to_regex=None, packages_above=None, packages_above_and_dependencies=None, packages_above_depth=None, packages_select_by_dep=None, packages_skip_by_dep=None, packages_skip_up_to=None, packages_select_build_failed=False, packages_skip_build_finished=False, packages_select_test_failures=False, packages_skip_test_passed=False, packages_select=None, packages_skip=None, packages_select_regex=None, packages_skip_regex=None, packages_start=None, packages_end=None, allow_overriding=[], cmake_args=None, cmake_target=None, cmake_target_skip_unavailable=False, cmake_clean_cache=False, cmake_clean_first=False, cmake_force_configure=False, ament_cmake_args=None, catkin_cmake_args=None, catkin_skip_building_tests=False, mixin_files=None, mixin=None, verb_parser=<colcon_mixin.mixin.mixin_argument.MixinArgumentDecorator object at 0x7f82d6da4640>, verb_extension=<colcon_core.verb.build.BuildVerb object at 0x7f82d6eae050>, main=<bound method BuildVerb.main of <colcon_core.verb.build.BuildVerb object at 0x7f82d6eae050>>, mixin_verb=('build',))
[0.278s] Level 1:colcon.colcon_core.package_discovery:discover_packages(colcon_meta) check parameters
[0.278s] Level 1:colcon.colcon_core.package_discovery:discover_packages(recursive) check parameters
[0.278s] Level 1:colcon.colcon_core.package_discovery:discover_packages(ignore) check parameters
[0.278s] Level 1:colcon.colcon_core.package_discovery:discover_packages(path) check parameters
[0.278s] Level 1:colcon.colcon_core.package_discovery:discover_packages(colcon_meta) discover
[0.278s] Level 1:colcon.colcon_core.package_discovery:discover_packages(recursive) discover
[0.278s] INFO:colcon.colcon_core.package_discovery:Crawling recursively for packages in '/home/usuario/Descargas/ros2_ws/src/warehouse_exercise'
[0.279s] Level 1:colcon.colcon_core.package_identification:_identify(.) by extensions ['ignore', 'ignore_ament_install']
[0.279s] Level 1:colcon.colcon_core.package_identification:_identify(.) by extension 'ignore'
[0.279s] Level 1:colcon.colcon_core.package_identification:_identify(.) by extension 'ignore_ament_install'
[0.279s] Level 1:colcon.colcon_core.package_identification:_identify(.) by extensions ['colcon_pkg']
[0.279s] Level 1:colcon.colcon_core.package_identification:_identify(.) by extension 'colcon_pkg'
[0.279s] Level 1:colcon.colcon_core.package_identification:_identify(.) by extensions ['colcon_meta']
[0.279s] Level 1:colcon.colcon_core.package_identification:_identify(.) by extension 'colcon_meta'
[0.279s] Level 1:colcon.colcon_core.package_identification:_identify(.) by extensions ['ros']
[0.279s] Level 1:colcon.colcon_core.package_identification:_identify(.) by extension 'ros'
[0.297s] DEBUG:colcon.colcon_core.package_identification:Package '.' with type 'ros.ament_cmake' and name 'warehouse_exercise'
[0.297s] Level 1:colcon.colcon_core.package_discovery:discover_packages(recursive) using defaults
[0.297s] Level 1:colcon.colcon_core.package_discovery:discover_packages(ignore) discover
[0.297s] Level 1:colcon.colcon_core.package_discovery:discover_packages(ignore) using defaults
[0.298s] Level 1:colcon.colcon_core.package_discovery:discover_packages(path) discover
[0.298s] Level 1:colcon.colcon_core.package_discovery:discover_packages(path) using defaults
[0.329s] Level 1:colcon.colcon_core.package_discovery:discover_packages(prefix_path) check parameters
[0.329s] Level 1:colcon.colcon_core.package_discovery:discover_packages(prefix_path) discover
[0.330s] Level 1:colcon.colcon_core.package_discovery:discover_packages(prefix_path) using defaults
[0.330s] Level 5:colcon.colcon_core.verb:set package 'warehouse_exercise' build argument 'cmake_args' from command line to 'None'
[0.331s] Level 5:colcon.colcon_core.verb:set package 'warehouse_exercise' build argument 'cmake_target' from command line to 'None'
[0.331s] Level 5:colcon.colcon_core.verb:set package 'warehouse_exercise' build argument 'cmake_target_skip_unavailable' from command line to 'False'
[0.331s] Level 5:colcon.colcon_core.verb:set package 'warehouse_exercise' build argument 'cmake_clean_cache' from command line to 'False'
[0.331s] Level 5:colcon.colcon_core.verb:set package 'warehouse_exercise' build argument 'cmake_clean_first' from command line to 'False'
[0.331s] Level 5:colcon.colcon_core.verb:set package 'warehouse_exercise' build argument 'cmake_force_configure' from command line to 'False'
[0.331s] Level 5:colcon.colcon_core.verb:set package 'warehouse_exercise' build argument 'ament_cmake_args' from command line to 'None'
[0.331s] Level 5:colcon.colcon_core.verb:set package 'warehouse_exercise' build argument 'catkin_cmake_args' from command line to 'None'
[0.331s] Level 5:colcon.colcon_core.verb:set package 'warehouse_exercise' build argument 'catkin_skip_building_tests' from command line to 'False'
[0.331s] DEBUG:colcon.colcon_core.verb:Building package 'warehouse_exercise' with the following arguments: {'ament_cmake_args': None, 'build_base': '/home/usuario/Descargas/ros2_ws/src/warehouse_exercise/build/warehouse_exercise', 'catkin_cmake_args': None, 'catkin_skip_building_tests': False, 'cmake_args': None, 'cmake_clean_cache': False, 'cmake_clean_first': False, 'cmake_force_configure': False, 'cmake_target': None, 'cmake_target_skip_unavailable': False, 'install_base': '/home/usuario/Descargas/ros2_ws/src/warehouse_exercise/install/warehouse_exercise', 'merge_install': False, 'path': '/home/usuario/Descargas/ros2_ws/src/warehouse_exercise', 'symlink_install': False, 'test_result_base': None}
[0.331s] INFO:colcon.colcon_core.executor:Executing jobs using 'parallel' executor
[0.331s] DEBUG:colcon.colcon_parallel_executor.executor.parallel:run_until_complete
[0.332s] INFO:colcon.colcon_ros.task.ament_cmake.build:Building ROS package in '/home/usuario/Descargas/ros2_ws/src/warehouse_exercise' with build type 'ament_cmake'
[0.332s] INFO:colcon.colcon_cmake.task.cmake.build:Building CMake package in '/home/usuario/Descargas/ros2_ws/src/warehouse_exercise'
[0.333s] INFO:colcon.colcon_core.plugin_system:Skipping extension 'colcon_core.shell.bat': Not used on non-Windows systems
[0.334s] INFO:colcon.colcon_core.shell:Skip shell extension 'powershell' for command environment: Not usable outside of PowerShell
[0.334s] DEBUG:colcon.colcon_core.shell:Skip shell extension 'dsv' for command environment
[0.342s] DEBUG:colcon.colcon_core.event_handler.log_command:Invoking command in '/home/usuario/Descargas/ros2_ws/src/warehouse_exercise/build/warehouse_exercise': /usr/bin/cmake /home/usuario/Descargas/ros2_ws/src/warehouse_exercise -DCMAKE_INSTALL_PREFIX=/home/usuario/Descargas/ros2_ws/src/warehouse_exercise/install/warehouse_exercise
[1.010s] DEBUG:colcon.colcon_core.event_handler.log_command:Invoked command in '/home/usuario/Descargas/ros2_ws/src/warehouse_exercise/build/warehouse_exercise' returned '1': /usr/bin/cmake /home/usuario/Descargas/ros2_ws/src/warehouse_exercise -DCMAKE_INSTALL_PREFIX=/home/usuario/Descargas/ros2_ws/src/warehouse_exercise/install/warehouse_exercise
[1.042s] Level 1:colcon.colcon_core.environment:create_environment_scripts_only(warehouse_exercise)
[1.044s] Level 1:colcon.colcon_core.environment:checking '/home/usuario/Descargas/ros2_ws/src/warehouse_exercise/install/warehouse_exercise' for CMake module files
[1.044s] Level 1:colcon.colcon_core.environment:checking '/home/usuario/Descargas/ros2_ws/src/warehouse_exercise/install/warehouse_exercise' for CMake config files
[1.044s] Level 1:colcon.colcon_core.environment:checking '/home/usuario/Descargas/ros2_ws/src/warehouse_exercise/install/warehouse_exercise/bin'
[1.044s] Level 1:colcon.colcon_core.environment:checking '/home/usuario/Descargas/ros2_ws/src/warehouse_exercise/install/warehouse_exercise/lib/pkgconfig/warehouse_exercise.pc'
[1.046s] Level 1:colcon.colcon_core.environment:checking '/home/usuario/Descargas/ros2_ws/src/warehouse_exercise/install/warehouse_exercise/lib/python3.10/site-packages'
[1.046s] Level 1:colcon.colcon_core.environment:checking '/home/usuario/Descargas/ros2_ws/src/warehouse_exercise/install/warehouse_exercise/bin'
[1.046s] INFO:colcon.colcon_core.shell:Creating package script '/home/usuario/Descargas/ros2_ws/src/warehouse_exercise/install/warehouse_exercise/share/warehouse_exercise/package.ps1'
[1.047s] INFO:colcon.colcon_core.shell:Creating package descriptor '/home/usuario/Descargas/ros2_ws/src/warehouse_exercise/install/warehouse_exercise/share/warehouse_exercise/package.dsv'
[1.048s] INFO:colcon.colcon_core.shell:Creating package script '/home/usuario/Descargas/ros2_ws/src/warehouse_exercise/install/warehouse_exercise/share/warehouse_exercise/package.sh'
[1.048s] INFO:colcon.colcon_core.shell:Creating package script '/home/usuario/Descargas/ros2_ws/src/warehouse_exercise/install/warehouse_exercise/share/warehouse_exercise/package.bash'
[1.049s] INFO:colcon.colcon_core.shell:Creating package script '/home/usuario/Descargas/ros2_ws/src/warehouse_exercise/install/warehouse_exercise/share/warehouse_exercise/package.zsh'
[1.050s] Level 1:colcon.colcon_core.environment:create_file_with_runtime_dependencies(/home/usuario/Descargas/ros2_ws/src/warehouse_exercise/install/warehouse_exercise/share/colcon-core/packages/warehouse_exercise)
[1.060s] DEBUG:colcon.colcon_parallel_executor.executor.parallel:closing loop
[1.060s] DEBUG:colcon.colcon_parallel_executor.executor.parallel:loop closed
[1.060s] DEBUG:colcon.colcon_parallel_executor.executor.parallel:run_until_complete finished with '1'
[1.061s] DEBUG:colcon.colcon_core.event_reactor:joining thread
[1.066s] INFO:colcon.colcon_core.plugin_system:Skipping extension 'colcon_notification.desktop_notification.terminal_notifier': Not used on non-Darwin systems
[1.066s] INFO:colcon.colcon_core.plugin_system:Skipping extension 'colcon_notification.desktop_notification.win32': Not used on non-Windows systems
[1.066s] INFO:colcon.colcon_notification.desktop_notification:Sending desktop notification using 'notify2'
[1.074s] DEBUG:colcon.colcon_core.event_reactor:joined thread
[1.074s] INFO:colcon.colcon_core.shell:Creating prefix script '/home/usuario/Descargas/ros2_ws/src/warehouse_exercise/install/local_setup.ps1'
[1.075s] INFO:colcon.colcon_core.shell:Creating prefix util module '/home/usuario/Descargas/ros2_ws/src/warehouse_exercise/install/_local_setup_util_ps1.py'
[1.076s] INFO:colcon.colcon_core.shell:Creating prefix chain script '/home/usuario/Descargas/ros2_ws/src/warehouse_exercise/install/setup.ps1'
[1.077s] INFO:colcon.colcon_core.shell:Creating prefix script '/home/usuario/Descargas/ros2_ws/src/warehouse_exercise/install/local_setup.sh'
[1.078s] INFO:colcon.colcon_core.shell:Creating prefix util module '/home/usuario/Descargas/ros2_ws/src/warehouse_exercise/install/_local_setup_util_sh.py'
[1.078s] INFO:colcon.colcon_core.shell:Creating prefix chain script '/home/usuario/Descargas/ros2_ws/src/warehouse_exercise/install/setup.sh'
[1.079s] INFO:colcon.colcon_core.shell:Creating prefix script '/home/usuario/Descargas/ros2_ws/src/warehouse_exercise/install/local_setup.bash'
[1.080s] INFO:colcon.colcon_core.shell:Creating prefix chain script '/home/usuario/Descargas/ros2_ws/src/warehouse_exercise/install/setup.bash'
[1.081s] INFO:colcon.colcon_core.shell:Creating prefix script '/home/usuario/Descargas/ros2_ws/src/warehouse_exercise/install/local_setup.zsh'
[1.081s] INFO:colcon.colcon_core.shell:Creating prefix chain script '/home/usuario/Descargas/ros2_ws/src/warehouse_exercise/install/setup.zsh'
