[0.030s] Invoking command in '/home/usuario/Descargas/ros2_ws/build/warehouse_exercise': CMAKE_PREFIX_PATH=${CMAKE_PREFIX_PATH}:/opt/ros/humble /usr/bin/cmake /home/usuario/Descargas/ros2_ws/src/warehouse_exercise -DCMAKE_INSTALL_PREFIX=/home/usuario/Descargas/ros2_ws/install/warehouse_exercise
[0.059s] -- Found ament_cmake: 1.3.12 (/opt/ros/humble/share/ament_cmake/cmake)
[0.180s] -- Found Python3: /usr/bin/python3 (found version "3.10.12") found components: Interpreter 
[0.290s] -- Found gazebo_ros: 3.9.0 (/opt/ros/humble/share/gazebo_ros/cmake)
[0.357s] -- Found rosidl_generator_c: 3.1.7 (/opt/ros/humble/share/rosidl_generator_c/cmake)
[0.363s] -- Found rosidl_adapter: 3.1.7 (/opt/ros/humble/share/rosidl_adapter/cmake)
[0.374s] -- Found rosidl_generator_cpp: 3.1.7 (/opt/ros/humble/share/rosidl_generator_cpp/cmake)
[0.389s] -- Using all available rosidl_typesupport_c: rosidl_typesupport_fastrtps_c;rosidl_typesupport_introspection_c
[0.408s] -- Using all available rosidl_typesupport_cpp: rosidl_typesupport_fastrtps_cpp;rosidl_typesupport_introspection_cpp
[0.463s] -- Found rmw_implementation_cmake: 6.1.2 (/opt/ros/humble/share/rmw_implementation_cmake/cmake)
[0.466s] -- Found rmw_fastrtps_cpp: 6.2.9 (/opt/ros/humble/share/rmw_fastrtps_cpp/cmake)
[0.582s] -- Found OpenSSL: /usr/lib/x86_64-linux-gnu/libcrypto.so (found version "3.0.2")  
[0.617s] -- Found FastRTPS: /opt/ros/humble/include  
[0.668s] -- Using RMW implementation 'rmw_fastrtps_cpp' as default
[0.702s] -- Looking for pthread.h
[1.016s] -- Looking for pthread.h - found
[1.025s] -- Performing Test CMAKE_HAVE_LIBC_PTHREAD
[1.340s] -- Performing Test CMAKE_HAVE_LIBC_PTHREAD - Success
[1.350s] -- Found Threads: TRUE  
[1.428s] -- Found PkgConfig: /usr/bin/pkg-config (found version "0.29.2") 
[1.429s] -- Checking for module 'bullet>=2.82'
[1.442s] --   Found bullet, version 3.05
[1.576s] -- Found fcl: /usr/include (found suitable version "0.7.0", minimum required is "0.5.0") 
[1.629s] -- Found assimp: /usr/include (found version "5.2.0") 
[1.669s] -- Found DART: /usr/include (Required is at least version "6.6") found components: dart 
[1.707s] -- Found Boost: /usr/lib/x86_64-linux-gnu/cmake/Boost-1.74.0/BoostConfig.cmake (found suitable version "1.74.0", minimum required is "1.40.0") found components: thread system filesystem program_options regex iostreams date_time 
[1.745s] -- Found Protobuf: /usr/lib/x86_64-linux-gnu/libprotobuf.so (found version "3.12.4") 
[1.757s] -- Looking for ignition-math6 -- found version 6.15.1
[1.800s] -- Searching for dependencies of ignition-math6
[1.802s] -- Looking for OGRE...
[1.803s] -- OGRE_PREFIX_WATCH changed.
[1.807s] -- Checking for module 'OGRE'
[1.820s] --   Found OGRE, version 1.9.0
[1.857s] -- Found Ogre Ghadamon (1.9.0)
[1.868s] -- Found OGRE: optimized;/usr/lib/x86_64-linux-gnu/libOgreMain.so;debug;/usr/lib/x86_64-linux-gnu/libOgreMain.so
[1.876s] -- Looking for OGRE_Paging...
[1.882s] -- Found OGRE_Paging: optimized;/usr/lib/x86_64-linux-gnu/libOgrePaging.so;debug;/usr/lib/x86_64-linux-gnu/libOgrePaging.so
[1.882s] -- Looking for OGRE_Terrain...
[1.887s] -- Found OGRE_Terrain: optimized;/usr/lib/x86_64-linux-gnu/libOgreTerrain.so;debug;/usr/lib/x86_64-linux-gnu/libOgreTerrain.so
[1.887s] -- Looking for OGRE_Property...
[1.893s] -- Found OGRE_Property: optimized;/usr/lib/x86_64-linux-gnu/libOgreProperty.so;debug;/usr/lib/x86_64-linux-gnu/libOgreProperty.so
[1.893s] -- Looking for OGRE_RTShaderSystem...
[1.898s] -- Found OGRE_RTShaderSystem: optimized;/usr/lib/x86_64-linux-gnu/libOgreRTShaderSystem.so;debug;/usr/lib/x86_64-linux-gnu/libOgreRTShaderSystem.so
[1.898s] -- Looking for OGRE_Volume...
[1.904s] -- Found OGRE_Volume: optimized;/usr/lib/x86_64-linux-gnu/libOgreVolume.so;debug;/usr/lib/x86_64-linux-gnu/libOgreVolume.so
[1.904s] -- Looking for OGRE_Overlay...
[1.909s] -- Found OGRE_Overlay: optimized;/usr/lib/x86_64-linux-gnu/libOgreOverlay.so;debug;/usr/lib/x86_64-linux-gnu/libOgreOverlay.so
[2.038s] -- Looking for ignition-math6 -- found version 6.15.1
[2.045s] -- Looking for ignition-transport8 -- found version 8.2.1
[2.045s] -- Searching for dependencies of ignition-transport8
[2.074s] -- Found Protobuf: /usr/lib/x86_64-linux-gnu/libprotobuf.so (found suitable version "3.12.4", minimum required is "3") 
[2.091s] -- Config-file not installed for ZeroMQ -- checking for pkg-config
[2.095s] -- Checking for module 'libzmq >= 4'
[2.112s] --   Found libzmq , version 4.3.4
[2.152s] -- Found ZeroMQ: TRUE (Required is at least version "4") 
[2.158s] -- Checking for module 'uuid'
[2.171s] --   Found uuid, version 2.37.2
[2.206s] -- Found UUID: TRUE  
[2.212s] -- Looking for ignition-msgs5 -- found version 5.8.1
[2.212s] -- Searching for dependencies of ignition-msgs5
[2.236s] -- Looking for ignition-math6 -- found version 6.15.1
[2.241s] -- Checking for module 'tinyxml2'
[2.255s] --   Found tinyxml2, version 9.0.0
[2.292s] -- Looking for ignition-msgs5 -- found version 5.8.1
[2.298s] -- Looking for ignition-common3 -- found version 3.14.0
[2.298s] -- Searching for dependencies of ignition-common3
[2.299s] -- Looking for dlfcn.h - found
[2.300s] -- Looking for libdl - found
[2.301s] -- Found DL: TRUE  
[2.316s] -- Found tinyobjloader: /usr/lib/x86_64-linux-gnu/cmake/tinyobjloader/tinyobjloader-config.cmake (found version "2.0.0") 
[2.317s] -- Searching for <ignition-common3> component [graphics]
[2.323s] -- Looking for ignition-common3-graphics -- found version 3.14.0
[2.323s] -- Searching for dependencies of ignition-common3-graphics
[2.323s] -- Looking for ignition-math6 -- found version 6.15.1
[2.330s] -- Looking for ignition-fuel_tools4 -- found version 4.4.0
[2.330s] -- Searching for dependencies of ignition-fuel_tools4
[2.417s] -- Found CURL: /usr/lib/x86_64-linux-gnu/libcurl.so (found version "7.81.0")  
[2.431s] -- Checking for module 'jsoncpp'
[2.444s] --   Found jsoncpp, version 1.9.5
[2.480s] -- Found JSONCPP: TRUE  
[2.486s] -- Checking for module 'libzip'
[2.500s] --   Found libzip, version 1.7.3
[2.535s] -- Found ZIP: TRUE  
[2.535s] -- Looking for ignition-common3 -- found version 3.14.0
[2.536s] -- Looking for ignition-math6 -- found version 6.15.1
[2.536s] -- Looking for ignition-msgs5 -- found version 5.8.1
[2.544s] -- Gazebo version: 11.10
[2.544s] -- Checking for module 'tbb'
[2.558s] --   Found tbb, version 2021.5.0
[2.740s] -- Configuring done
[2.750s] -- Generating done
[2.812s] -- Build files have been written to: /home/usuario/Descargas/ros2_ws/build/warehouse_exercise
[2.821s] Invoked command in '/home/usuario/Descargas/ros2_ws/build/warehouse_exercise' returned '0': CMAKE_PREFIX_PATH=${CMAKE_PREFIX_PATH}:/opt/ros/humble /usr/bin/cmake /home/usuario/Descargas/ros2_ws/src/warehouse_exercise -DCMAKE_INSTALL_PREFIX=/home/usuario/Descargas/ros2_ws/install/warehouse_exercise
[2.829s] Invoking command in '/home/usuario/Descargas/ros2_ws/build/warehouse_exercise': CMAKE_PREFIX_PATH=${CMAKE_PREFIX_PATH}:/opt/ros/humble /usr/bin/cmake --build /home/usuario/Descargas/ros2_ws/build/warehouse_exercise -- -j6 -l6
[2.930s] Invoked command in '/home/usuario/Descargas/ros2_ws/build/warehouse_exercise' returned '0': CMAKE_PREFIX_PATH=${CMAKE_PREFIX_PATH}:/opt/ros/humble /usr/bin/cmake --build /home/usuario/Descargas/ros2_ws/build/warehouse_exercise -- -j6 -l6
[2.953s] Invoking command in '/home/usuario/Descargas/ros2_ws/build/warehouse_exercise': CMAKE_PREFIX_PATH=${CMAKE_PREFIX_PATH}:/opt/ros/humble /usr/bin/cmake --install /home/usuario/Descargas/ros2_ws/build/warehouse_exercise
[2.971s] -- Install configuration: ""
[2.971s] -- Installing: /home/usuario/Descargas/ros2_ws/install/warehouse_exercise/share/warehouse_exercise/launch
[2.971s] -- Installing: /home/usuario/Descargas/ros2_ws/install/warehouse_exercise/share/warehouse_exercise/launch/navigation2.launch.py
[2.979s] -- Installing: /home/usuario/Descargas/ros2_ws/install/warehouse_exercise/share/warehouse_exercise/launch/occupancy_grid.launch.py
[2.987s] -- Installing: /home/usuario/Descargas/ros2_ws/install/warehouse_exercise/share/warehouse_exercise/launch/rtabmap.launch.py
[2.995s] -- Installing: /home/usuario/Descargas/ros2_ws/install/warehouse_exercise/share/warehouse_exercise/launch/no_roof_small_warehouse.launch.py
[3.003s] -- Installing: /home/usuario/Descargas/ros2_ws/install/warehouse_exercise/share/warehouse_exercise/launch/turtlebot3_warehouse.launch.py
[3.010s] -- Installing: /home/usuario/Descargas/ros2_ws/install/warehouse_exercise/share/warehouse_exercise/launch/small_warehouse.launch.py
[3.018s] -- Installing: /home/usuario/Descargas/ros2_ws/install/warehouse_exercise/share/warehouse_exercise/launch/cartographer.launch.py
[3.026s] -- Installing: /home/usuario/Descargas/ros2_ws/install/warehouse_exercise/share/warehouse_exercise/launch/slam_toolbox.launch.py
[3.034s] -- Installing: /home/usuario/Descargas/ros2_ws/install/warehouse_exercise/share/warehouse_exercise/models
[3.034s] -- Installing: /home/usuario/Descargas/ros2_ws/install/warehouse_exercise/share/warehouse_exercise/models/aws_robomaker_warehouse_RoofB_01
[3.034s] -- Installing: /home/usuario/Descargas/ros2_ws/install/warehouse_exercise/share/warehouse_exercise/models/aws_robomaker_warehouse_RoofB_01/meshes
[3.034s] -- Installing: /home/usuario/Descargas/ros2_ws/install/warehouse_exercise/share/warehouse_exercise/models/aws_robomaker_warehouse_RoofB_01/meshes/aws_robomaker_warehouse_RoofB_01_collision.DAE
[3.043s] -- Installing: /home/usuario/Descargas/ros2_ws/install/warehouse_exercise/share/warehouse_exercise/models/aws_robomaker_warehouse_RoofB_01/meshes/aws_robomaker_warehouse_RoofB_01_visual.DAE
[3.099s] -- Installing: /home/usuario/Descargas/ros2_ws/install/warehouse_exercise/share/warehouse_exercise/models/aws_robomaker_warehouse_RoofB_01/materials
[3.099s] -- Installing: /home/usuario/Descargas/ros2_ws/install/warehouse_exercise/share/warehouse_exercise/models/aws_robomaker_warehouse_RoofB_01/materials/textures
[3.099s] -- Installing: /home/usuario/Descargas/ros2_ws/install/warehouse_exercise/share/warehouse_exercise/models/aws_robomaker_warehouse_RoofB_01/materials/textures/aws_robomaker_warehouse_RoofB_01.png
[3.108s] -- Installing: /home/usuario/Descargas/ros2_ws/install/warehouse_exercise/share/warehouse_exercise/models/aws_robomaker_warehouse_RoofB_01/model.config
[3.115s] -- Installing: /home/usuario/Descargas/ros2_ws/install/warehouse_exercise/share/warehouse_exercise/models/aws_robomaker_warehouse_RoofB_01/model.sdf
[3.123s] -- Installing: /home/usuario/Descargas/ros2_ws/install/warehouse_exercise/share/warehouse_exercise/models/aws_robomaker_warehouse_ShelfE_01
[3.123s] -- Installing: /home/usuario/Descargas/ros2_ws/install/warehouse_exercise/share/warehouse_exercise/models/aws_robomaker_warehouse_ShelfE_01/meshes
[3.123s] -- Installing: /home/usuario/Descargas/ros2_ws/install/warehouse_exercise/share/warehouse_exercise/models/aws_robomaker_warehouse_ShelfE_01/meshes/aws_robomaker_warehouse_ShelfE_01_collision.DAE
[3.133s] -- Installing: /home/usuario/Descargas/ros2_ws/install/warehouse_exercise/share/warehouse_exercise/models/aws_robomaker_warehouse_ShelfE_01/meshes/aws_robomaker_warehouse_ShelfE_01_visual.DAE
[3.162s] -- Installing: /home/usuario/Descargas/ros2_ws/install/warehouse_exercise/share/warehouse_exercise/models/aws_robomaker_warehouse_ShelfE_01/materials
[3.162s] -- Installing: /home/usuario/Descargas/ros2_ws/install/warehouse_exercise/share/warehouse_exercise/models/aws_robomaker_warehouse_ShelfE_01/materials/.DS_Store
[3.168s] -- Installing: /home/usuario/Descargas/ros2_ws/install/warehouse_exercise/share/warehouse_exercise/models/aws_robomaker_warehouse_ShelfE_01/materials/textures
[3.168s] -- Installing: /home/usuario/Descargas/ros2_ws/install/warehouse_exercise/share/warehouse_exercise/models/aws_robomaker_warehouse_ShelfE_01/materials/textures/aws_robomaker_warehouse_ShelfE_03.png
[3.200s] -- Installing: /home/usuario/Descargas/ros2_ws/install/warehouse_exercise/share/warehouse_exercise/models/aws_robomaker_warehouse_ShelfE_01/materials/textures/aws_robomaker_warehouse_ShelfE_01.png
[3.206s] -- Installing: /home/usuario/Descargas/ros2_ws/install/warehouse_exercise/share/warehouse_exercise/models/aws_robomaker_warehouse_ShelfE_01/materials/textures/aws_robomaker_warehouse_ShelfE_04.png
[3.274s] -- Installing: /home/usuario/Descargas/ros2_ws/install/warehouse_exercise/share/warehouse_exercise/models/aws_robomaker_warehouse_ShelfE_01/materials/textures/aws_robomaker_warehouse_ShelfE_02.png
[3.312s] -- Installing: /home/usuario/Descargas/ros2_ws/install/warehouse_exercise/share/warehouse_exercise/models/aws_robomaker_warehouse_ShelfE_01/.DS_Store
[3.318s] -- Installing: /home/usuario/Descargas/ros2_ws/install/warehouse_exercise/share/warehouse_exercise/models/aws_robomaker_warehouse_ShelfE_01/model.config
[3.326s] -- Installing: /home/usuario/Descargas/ros2_ws/install/warehouse_exercise/share/warehouse_exercise/models/aws_robomaker_warehouse_ShelfE_01/model.sdf
[3.334s] -- Installing: /home/usuario/Descargas/ros2_ws/install/warehouse_exercise/share/warehouse_exercise/models/aws_robomaker_warehouse_ShelfD_01
[3.334s] -- Installing: /home/usuario/Descargas/ros2_ws/install/warehouse_exercise/share/warehouse_exercise/models/aws_robomaker_warehouse_ShelfD_01/meshes
[3.334s] -- Installing: /home/usuario/Descargas/ros2_ws/install/warehouse_exercise/share/warehouse_exercise/models/aws_robomaker_warehouse_ShelfD_01/meshes/aws_robomaker_warehouse_ShelfD_01_visual.DAE
[3.365s] -- Installing: /home/usuario/Descargas/ros2_ws/install/warehouse_exercise/share/warehouse_exercise/models/aws_robomaker_warehouse_ShelfD_01/meshes/aws_robomaker_warehouse_ShelfD_01_collision.DAE
[3.375s] -- Installing: /home/usuario/Descargas/ros2_ws/install/warehouse_exercise/share/warehouse_exercise/models/aws_robomaker_warehouse_ShelfD_01/materials
[3.375s] -- Installing: /home/usuario/Descargas/ros2_ws/install/warehouse_exercise/share/warehouse_exercise/models/aws_robomaker_warehouse_ShelfD_01/materials/textures
[3.375s] -- Installing: /home/usuario/Descargas/ros2_ws/install/warehouse_exercise/share/warehouse_exercise/models/aws_robomaker_warehouse_ShelfD_01/materials/textures/aws_robomaker_warehouse_ShelfD_01.png
[3.377s] -- Installing: /home/usuario/Descargas/ros2_ws/install/warehouse_exercise/share/warehouse_exercise/models/aws_robomaker_warehouse_ShelfD_01/materials/textures/aws_robomaker_warehouse_ShelfD_03.png
[3.401s] -- Installing: /home/usuario/Descargas/ros2_ws/install/warehouse_exercise/share/warehouse_exercise/models/aws_robomaker_warehouse_ShelfD_01/materials/textures/aws_robomaker_warehouse_ShelfD_02.png
[3.421s] -- Installing: /home/usuario/Descargas/ros2_ws/install/warehouse_exercise/share/warehouse_exercise/models/aws_robomaker_warehouse_ShelfD_01/materials/textures/aws_robomaker_warehouse_ShelfD_04.png
[3.472s] -- Installing: /home/usuario/Descargas/ros2_ws/install/warehouse_exercise/share/warehouse_exercise/models/aws_robomaker_warehouse_ShelfD_01/model.config
[3.480s] -- Installing: /home/usuario/Descargas/ros2_ws/install/warehouse_exercise/share/warehouse_exercise/models/aws_robomaker_warehouse_ShelfD_01/model.sdf
[3.488s] -- Installing: /home/usuario/Descargas/ros2_ws/install/warehouse_exercise/share/warehouse_exercise/models/aws_robomaker_warehouse_GroundB_01
[3.488s] -- Installing: /home/usuario/Descargas/ros2_ws/install/warehouse_exercise/share/warehouse_exercise/models/aws_robomaker_warehouse_GroundB_01/meshes
[3.488s] -- Installing: /home/usuario/Descargas/ros2_ws/install/warehouse_exercise/share/warehouse_exercise/models/aws_robomaker_warehouse_GroundB_01/meshes/aws_robomaker_warehouse_GroundB_01_visual.DAE
[3.500s] -- Installing: /home/usuario/Descargas/ros2_ws/install/warehouse_exercise/share/warehouse_exercise/models/aws_robomaker_warehouse_GroundB_01/meshes/aws_robomaker_warehouse_GroundB_01_collision.DAE
[3.508s] -- Installing: /home/usuario/Descargas/ros2_ws/install/warehouse_exercise/share/warehouse_exercise/models/aws_robomaker_warehouse_GroundB_01/materials
[3.509s] -- Installing: /home/usuario/Descargas/ros2_ws/install/warehouse_exercise/share/warehouse_exercise/models/aws_robomaker_warehouse_GroundB_01/materials/textures
[3.509s] -- Installing: /home/usuario/Descargas/ros2_ws/install/warehouse_exercise/share/warehouse_exercise/models/aws_robomaker_warehouse_GroundB_01/materials/textures/aws_robomaker_warehouse_GroundB_01.png
[4.361s] -- Installing: /home/usuario/Descargas/ros2_ws/install/warehouse_exercise/share/warehouse_exercise/models/aws_robomaker_warehouse_GroundB_01/materials/textures/aws_robomaker_warehouse_GroundB_02.png
[4.378s] -- Installing: /home/usuario/Descargas/ros2_ws/install/warehouse_exercise/share/warehouse_exercise/models/aws_robomaker_warehouse_GroundB_01/model.config
[4.385s] -- Installing: /home/usuario/Descargas/ros2_ws/install/warehouse_exercise/share/warehouse_exercise/models/aws_robomaker_warehouse_GroundB_01/model.sdf
[4.392s] -- Installing: /home/usuario/Descargas/ros2_ws/install/warehouse_exercise/share/warehouse_exercise/models/aws_robomaker_warehouse_ClutteringA_01
[4.392s] -- Installing: /home/usuario/Descargas/ros2_ws/install/warehouse_exercise/share/warehouse_exercise/models/aws_robomaker_warehouse_ClutteringA_01/meshes
[4.392s] -- Installing: /home/usuario/Descargas/ros2_ws/install/warehouse_exercise/share/warehouse_exercise/models/aws_robomaker_warehouse_ClutteringA_01/meshes/aws_robomaker_warehouse_ClutteringA_01_visual.DAE
[4.410s] -- Installing: /home/usuario/Descargas/ros2_ws/install/warehouse_exercise/share/warehouse_exercise/models/aws_robomaker_warehouse_ClutteringA_01/meshes/aws_robomaker_warehouse_ClutteringA_01_collision.DAE
[4.420s] -- Installing: /home/usuario/Descargas/ros2_ws/install/warehouse_exercise/share/warehouse_exercise/models/aws_robomaker_warehouse_ClutteringA_01/materials
[4.420s] -- Installing: /home/usuario/Descargas/ros2_ws/install/warehouse_exercise/share/warehouse_exercise/models/aws_robomaker_warehouse_ClutteringA_01/materials/.DS_Store
[4.426s] -- Installing: /home/usuario/Descargas/ros2_ws/install/warehouse_exercise/share/warehouse_exercise/models/aws_robomaker_warehouse_ClutteringA_01/materials/textures
[4.426s] -- Installing: /home/usuario/Descargas/ros2_ws/install/warehouse_exercise/share/warehouse_exercise/models/aws_robomaker_warehouse_ClutteringA_01/materials/textures/aws_robomaker_warehouse_ClutteringA_02.png
[4.446s] -- Installing: /home/usuario/Descargas/ros2_ws/install/warehouse_exercise/share/warehouse_exercise/models/aws_robomaker_warehouse_ClutteringA_01/materials/textures/aws_robomaker_warehouse_ClutteringA_03.png
[4.516s] -- Installing: /home/usuario/Descargas/ros2_ws/install/warehouse_exercise/share/warehouse_exercise/models/aws_robomaker_warehouse_ClutteringA_01/materials/textures/aws_robomaker_warehouse_ClutteringA_01.png
[4.541s] -- Installing: /home/usuario/Descargas/ros2_ws/install/warehouse_exercise/share/warehouse_exercise/models/aws_robomaker_warehouse_ClutteringA_01/materials/textures/.DS_Store
[4.548s] -- Installing: /home/usuario/Descargas/ros2_ws/install/warehouse_exercise/share/warehouse_exercise/models/aws_robomaker_warehouse_ClutteringA_01/.DS_Store
[4.553s] -- Installing: /home/usuario/Descargas/ros2_ws/install/warehouse_exercise/share/warehouse_exercise/models/aws_robomaker_warehouse_ClutteringA_01/model.config
[4.560s] -- Installing: /home/usuario/Descargas/ros2_ws/install/warehouse_exercise/share/warehouse_exercise/models/aws_robomaker_warehouse_ClutteringA_01/model.sdf
[4.567s] -- Installing: /home/usuario/Descargas/ros2_ws/install/warehouse_exercise/share/warehouse_exercise/models/aws_robomaker_warehouse_ClutteringD_01
[4.567s] -- Installing: /home/usuario/Descargas/ros2_ws/install/warehouse_exercise/share/warehouse_exercise/models/aws_robomaker_warehouse_ClutteringD_01/meshes
[4.567s] -- Installing: /home/usuario/Descargas/ros2_ws/install/warehouse_exercise/share/warehouse_exercise/models/aws_robomaker_warehouse_ClutteringD_01/meshes/aws_robomaker_warehouse_ClutteringD_01_visual.DAE
[4.581s] -- Installing: /home/usuario/Descargas/ros2_ws/install/warehouse_exercise/share/warehouse_exercise/models/aws_robomaker_warehouse_ClutteringD_01/meshes/aws_robomaker_warehouse_ClutteringD_01_collision.DAE
[4.588s] -- Installing: /home/usuario/Descargas/ros2_ws/install/warehouse_exercise/share/warehouse_exercise/models/aws_robomaker_warehouse_ClutteringD_01/materials
[4.588s] -- Installing: /home/usuario/Descargas/ros2_ws/install/warehouse_exercise/share/warehouse_exercise/models/aws_robomaker_warehouse_ClutteringD_01/materials/textures
[4.588s] -- Installing: /home/usuario/Descargas/ros2_ws/install/warehouse_exercise/share/warehouse_exercise/models/aws_robomaker_warehouse_ClutteringD_01/materials/textures/aws_robomaker_warehouse_ClutteringD_02.png
[4.608s] -- Installing: /home/usuario/Descargas/ros2_ws/install/warehouse_exercise/share/warehouse_exercise/models/aws_robomaker_warehouse_ClutteringD_01/materials/textures/aws_robomaker_warehouse_ClutteringD_01.png
[4.633s] -- Installing: /home/usuario/Descargas/ros2_ws/install/warehouse_exercise/share/warehouse_exercise/models/aws_robomaker_warehouse_ClutteringD_01/model.config
[4.640s] -- Installing: /home/usuario/Descargas/ros2_ws/install/warehouse_exercise/share/warehouse_exercise/models/aws_robomaker_warehouse_ClutteringD_01/model.sdf
[4.647s] -- Installing: /home/usuario/Descargas/ros2_ws/install/warehouse_exercise/share/warehouse_exercise/models/aws_robomaker_warehouse_WallB_01
[4.647s] -- Installing: /home/usuario/Descargas/ros2_ws/install/warehouse_exercise/share/warehouse_exercise/models/aws_robomaker_warehouse_WallB_01/meshes
[4.647s] -- Installing: /home/usuario/Descargas/ros2_ws/install/warehouse_exercise/share/warehouse_exercise/models/aws_robomaker_warehouse_WallB_01/meshes/aws_robomaker_warehouse_WallB_01_collision.DAE
[4.656s] -- Installing: /home/usuario/Descargas/ros2_ws/install/warehouse_exercise/share/warehouse_exercise/models/aws_robomaker_warehouse_WallB_01/meshes/aws_robomaker_warehouse_WallB_01_visual.DAE
[4.664s] -- Installing: /home/usuario/Descargas/ros2_ws/install/warehouse_exercise/share/warehouse_exercise/models/aws_robomaker_warehouse_WallB_01/materials
[4.664s] -- Installing: /home/usuario/Descargas/ros2_ws/install/warehouse_exercise/share/warehouse_exercise/models/aws_robomaker_warehouse_WallB_01/materials/textures
[4.664s] -- Installing: /home/usuario/Descargas/ros2_ws/install/warehouse_exercise/share/warehouse_exercise/models/aws_robomaker_warehouse_WallB_01/materials/textures/aws_robomaker_warehouse_WallB_01.png
[4.719s] -- Installing: /home/usuario/Descargas/ros2_ws/install/warehouse_exercise/share/warehouse_exercise/models/aws_robomaker_warehouse_WallB_01/model.config
[4.726s] -- Installing: /home/usuario/Descargas/ros2_ws/install/warehouse_exercise/share/warehouse_exercise/models/aws_robomaker_warehouse_WallB_01/model.sdf
[4.734s] -- Installing: /home/usuario/Descargas/ros2_ws/install/warehouse_exercise/share/warehouse_exercise/models/.DS_Store
[4.740s] -- Installing: /home/usuario/Descargas/ros2_ws/install/warehouse_exercise/share/warehouse_exercise/models/aws_robomaker_warehouse_Lamp_01
[4.740s] -- Installing: /home/usuario/Descargas/ros2_ws/install/warehouse_exercise/share/warehouse_exercise/models/aws_robomaker_warehouse_Lamp_01/meshes
[4.740s] -- Installing: /home/usuario/Descargas/ros2_ws/install/warehouse_exercise/share/warehouse_exercise/models/aws_robomaker_warehouse_Lamp_01/meshes/aws_robomaker_warehouse_Lamp_01_visual.DAE
[4.753s] -- Installing: /home/usuario/Descargas/ros2_ws/install/warehouse_exercise/share/warehouse_exercise/models/aws_robomaker_warehouse_Lamp_01/meshes/aws_robomaker_warehouse_Lamp_01_collision.DAE
[4.760s] -- Installing: /home/usuario/Descargas/ros2_ws/install/warehouse_exercise/share/warehouse_exercise/models/aws_robomaker_warehouse_Lamp_01/materials
[4.760s] -- Installing: /home/usuario/Descargas/ros2_ws/install/warehouse_exercise/share/warehouse_exercise/models/aws_robomaker_warehouse_Lamp_01/materials/textures
[4.760s] -- Installing: /home/usuario/Descargas/ros2_ws/install/warehouse_exercise/share/warehouse_exercise/models/aws_robomaker_warehouse_Lamp_01/materials/textures/aws_robomaker_warehouse_Lamp_01.png
[4.764s] -- Installing: /home/usuario/Descargas/ros2_ws/install/warehouse_exercise/share/warehouse_exercise/models/aws_robomaker_warehouse_Lamp_01/model.config
[4.770s] -- Installing: /home/usuario/Descargas/ros2_ws/install/warehouse_exercise/share/warehouse_exercise/models/aws_robomaker_warehouse_Lamp_01/model.sdf
[4.777s] -- Installing: /home/usuario/Descargas/ros2_ws/install/warehouse_exercise/share/warehouse_exercise/models/aws_robomaker_warehouse_ClutteringC_01
[4.777s] -- Installing: /home/usuario/Descargas/ros2_ws/install/warehouse_exercise/share/warehouse_exercise/models/aws_robomaker_warehouse_ClutteringC_01/meshes
[4.777s] -- Installing: /home/usuario/Descargas/ros2_ws/install/warehouse_exercise/share/warehouse_exercise/models/aws_robomaker_warehouse_ClutteringC_01/meshes/aws_robomaker_warehouse_ClutteringC_01_visual.DAE
[4.794s] -- Installing: /home/usuario/Descargas/ros2_ws/install/warehouse_exercise/share/warehouse_exercise/models/aws_robomaker_warehouse_ClutteringC_01/meshes/aws_robomaker_warehouse_ClutteringC_01_collision.DAE
[4.801s] -- Installing: /home/usuario/Descargas/ros2_ws/install/warehouse_exercise/share/warehouse_exercise/models/aws_robomaker_warehouse_ClutteringC_01/materials
[4.801s] -- Installing: /home/usuario/Descargas/ros2_ws/install/warehouse_exercise/share/warehouse_exercise/models/aws_robomaker_warehouse_ClutteringC_01/materials/textures
[4.801s] -- Installing: /home/usuario/Descargas/ros2_ws/install/warehouse_exercise/share/warehouse_exercise/models/aws_robomaker_warehouse_ClutteringC_01/materials/textures/aws_robomaker_warehouse_ClutteringC_02.png
[4.821s] -- Installing: /home/usuario/Descargas/ros2_ws/install/warehouse_exercise/share/warehouse_exercise/models/aws_robomaker_warehouse_ClutteringC_01/materials/textures/aws_robomaker_warehouse_ClutteringC_01.png
[4.845s] -- Installing: /home/usuario/Descargas/ros2_ws/install/warehouse_exercise/share/warehouse_exercise/models/aws_robomaker_warehouse_ClutteringC_01/model.config
[4.853s] -- Installing: /home/usuario/Descargas/ros2_ws/install/warehouse_exercise/share/warehouse_exercise/models/aws_robomaker_warehouse_ClutteringC_01/model.sdf
[4.860s] -- Installing: /home/usuario/Descargas/ros2_ws/install/warehouse_exercise/share/warehouse_exercise/models/aws_robomaker_warehouse_PalletJackB_01
[4.860s] -- Installing: /home/usuario/Descargas/ros2_ws/install/warehouse_exercise/share/warehouse_exercise/models/aws_robomaker_warehouse_PalletJackB_01/meshes
[4.860s] -- Installing: /home/usuario/Descargas/ros2_ws/install/warehouse_exercise/share/warehouse_exercise/models/aws_robomaker_warehouse_PalletJackB_01/meshes/aws_robomaker_warehouse_PalletJackB_01_collision.DAE
[4.889s] -- Installing: /home/usuario/Descargas/ros2_ws/install/warehouse_exercise/share/warehouse_exercise/models/aws_robomaker_warehouse_PalletJackB_01/meshes/aws_robomaker_warehouse_PalletJackB_01_visual.DAE
[5.051s] -- Installing: /home/usuario/Descargas/ros2_ws/install/warehouse_exercise/share/warehouse_exercise/models/aws_robomaker_warehouse_PalletJackB_01/materials
[5.051s] -- Installing: /home/usuario/Descargas/ros2_ws/install/warehouse_exercise/share/warehouse_exercise/models/aws_robomaker_warehouse_PalletJackB_01/materials/.DS_Store
[5.054s] -- Installing: /home/usuario/Descargas/ros2_ws/install/warehouse_exercise/share/warehouse_exercise/models/aws_robomaker_warehouse_PalletJackB_01/materials/textures
[5.055s] -- Installing: /home/usuario/Descargas/ros2_ws/install/warehouse_exercise/share/warehouse_exercise/models/aws_robomaker_warehouse_PalletJackB_01/materials/textures/aws_robomaker_warehouse_PalletJackB_02.png
[5.080s] -- Installing: /home/usuario/Descargas/ros2_ws/install/warehouse_exercise/share/warehouse_exercise/models/aws_robomaker_warehouse_PalletJackB_01/materials/textures/aws_robomaker_warehouse_PalletJackB_01.png
[5.253s] -- Installing: /home/usuario/Descargas/ros2_ws/install/warehouse_exercise/share/warehouse_exercise/models/aws_robomaker_warehouse_PalletJackB_01/.DS_Store
[5.260s] -- Installing: /home/usuario/Descargas/ros2_ws/install/warehouse_exercise/share/warehouse_exercise/models/aws_robomaker_warehouse_PalletJackB_01/model.config
[5.268s] -- Installing: /home/usuario/Descargas/ros2_ws/install/warehouse_exercise/share/warehouse_exercise/models/aws_robomaker_warehouse_PalletJackB_01/model.sdf
[5.275s] -- Installing: /home/usuario/Descargas/ros2_ws/install/warehouse_exercise/share/warehouse_exercise/models/aws_robomaker_warehouse_Bucket_01
[5.275s] -- Installing: /home/usuario/Descargas/ros2_ws/install/warehouse_exercise/share/warehouse_exercise/models/aws_robomaker_warehouse_Bucket_01/meshes
[5.275s] -- Installing: /home/usuario/Descargas/ros2_ws/install/warehouse_exercise/share/warehouse_exercise/models/aws_robomaker_warehouse_Bucket_01/meshes/aws_robomaker_warehouse_Bucket_01_visual.DAE
[5.287s] -- Installing: /home/usuario/Descargas/ros2_ws/install/warehouse_exercise/share/warehouse_exercise/models/aws_robomaker_warehouse_Bucket_01/meshes/aws_robomaker_warehouse_Bucket_01_collision.DAE
[5.296s] -- Installing: /home/usuario/Descargas/ros2_ws/install/warehouse_exercise/share/warehouse_exercise/models/aws_robomaker_warehouse_Bucket_01/materials
[5.296s] -- Installing: /home/usuario/Descargas/ros2_ws/install/warehouse_exercise/share/warehouse_exercise/models/aws_robomaker_warehouse_Bucket_01/materials/.DS_Store
[5.299s] -- Installing: /home/usuario/Descargas/ros2_ws/install/warehouse_exercise/share/warehouse_exercise/models/aws_robomaker_warehouse_Bucket_01/materials/textures
[5.299s] -- Installing: /home/usuario/Descargas/ros2_ws/install/warehouse_exercise/share/warehouse_exercise/models/aws_robomaker_warehouse_Bucket_01/materials/textures/aws_robomaker_warehouse_Bucket_01.png
[5.343s] -- Installing: /home/usuario/Descargas/ros2_ws/install/warehouse_exercise/share/warehouse_exercise/models/aws_robomaker_warehouse_Bucket_01/.DS_Store
[5.349s] -- Installing: /home/usuario/Descargas/ros2_ws/install/warehouse_exercise/share/warehouse_exercise/models/aws_robomaker_warehouse_Bucket_01/model.config
[5.356s] -- Installing: /home/usuario/Descargas/ros2_ws/install/warehouse_exercise/share/warehouse_exercise/models/aws_robomaker_warehouse_Bucket_01/model.sdf
[5.363s] -- Installing: /home/usuario/Descargas/ros2_ws/install/warehouse_exercise/share/warehouse_exercise/models/aws_robomaker_warehouse_DeskC_01
[5.363s] -- Installing: /home/usuario/Descargas/ros2_ws/install/warehouse_exercise/share/warehouse_exercise/models/aws_robomaker_warehouse_DeskC_01/meshes
[5.363s] -- Installing: /home/usuario/Descargas/ros2_ws/install/warehouse_exercise/share/warehouse_exercise/models/aws_robomaker_warehouse_DeskC_01/meshes/aws_robomaker_warehouse_DeskC_01_collision.DAE
[5.378s] -- Installing: /home/usuario/Descargas/ros2_ws/install/warehouse_exercise/share/warehouse_exercise/models/aws_robomaker_warehouse_DeskC_01/meshes/aws_robomaker_warehouse_DeskC_01_visual.DAE
[5.415s] -- Installing: /home/usuario/Descargas/ros2_ws/install/warehouse_exercise/share/warehouse_exercise/models/aws_robomaker_warehouse_DeskC_01/materials
[5.415s] -- Installing: /home/usuario/Descargas/ros2_ws/install/warehouse_exercise/share/warehouse_exercise/models/aws_robomaker_warehouse_DeskC_01/materials/.DS_Store
[5.421s] -- Installing: /home/usuario/Descargas/ros2_ws/install/warehouse_exercise/share/warehouse_exercise/models/aws_robomaker_warehouse_DeskC_01/materials/textures
[5.421s] -- Installing: /home/usuario/Descargas/ros2_ws/install/warehouse_exercise/share/warehouse_exercise/models/aws_robomaker_warehouse_DeskC_01/materials/textures/aws_robomaker_warehouse_DeskC_03.png
[5.442s] -- Installing: /home/usuario/Descargas/ros2_ws/install/warehouse_exercise/share/warehouse_exercise/models/aws_robomaker_warehouse_DeskC_01/materials/textures/aws_robomaker_warehouse_DeskC_01.png
[5.618s] -- Installing: /home/usuario/Descargas/ros2_ws/install/warehouse_exercise/share/warehouse_exercise/models/aws_robomaker_warehouse_DeskC_01/materials/textures/aws_robomaker_warehouse_DeskC_02.png
[5.642s] -- Installing: /home/usuario/Descargas/ros2_ws/install/warehouse_exercise/share/warehouse_exercise/models/aws_robomaker_warehouse_DeskC_01/materials/textures/aws_robomaker_warehouse_DeskC_03.psd
[6.570s] -- Installing: /home/usuario/Descargas/ros2_ws/install/warehouse_exercise/share/warehouse_exercise/models/aws_robomaker_warehouse_DeskC_01/materials/textures/aws_robomaker_warehouse_DeskC_04.png
[6.585s] -- Installing: /home/usuario/Descargas/ros2_ws/install/warehouse_exercise/share/warehouse_exercise/models/aws_robomaker_warehouse_DeskC_01/model.config
[6.592s] -- Installing: /home/usuario/Descargas/ros2_ws/install/warehouse_exercise/share/warehouse_exercise/models/aws_robomaker_warehouse_DeskC_01/model.sdf
[6.599s] -- Installing: /home/usuario/Descargas/ros2_ws/install/warehouse_exercise/share/warehouse_exercise/models/aws_robomaker_warehouse_ShelfF_01
[6.599s] -- Installing: /home/usuario/Descargas/ros2_ws/install/warehouse_exercise/share/warehouse_exercise/models/aws_robomaker_warehouse_ShelfF_01/meshes
[6.599s] -- Installing: /home/usuario/Descargas/ros2_ws/install/warehouse_exercise/share/warehouse_exercise/models/aws_robomaker_warehouse_ShelfF_01/meshes/aws_robomaker_warehouse_ShelfF_01_collision.DAE
[6.610s] -- Installing: /home/usuario/Descargas/ros2_ws/install/warehouse_exercise/share/warehouse_exercise/models/aws_robomaker_warehouse_ShelfF_01/meshes/aws_robomaker_warehouse_ShelfF_01_visual.DAE
[6.760s] -- Installing: /home/usuario/Descargas/ros2_ws/install/warehouse_exercise/share/warehouse_exercise/models/aws_robomaker_warehouse_ShelfF_01/materials
[6.760s] -- Installing: /home/usuario/Descargas/ros2_ws/install/warehouse_exercise/share/warehouse_exercise/models/aws_robomaker_warehouse_ShelfF_01/materials/textures
[6.760s] -- Installing: /home/usuario/Descargas/ros2_ws/install/warehouse_exercise/share/warehouse_exercise/models/aws_robomaker_warehouse_ShelfF_01/materials/textures/aws_robomaker_warehouse_ShelfF_03.png
[6.787s] -- Installing: /home/usuario/Descargas/ros2_ws/install/warehouse_exercise/share/warehouse_exercise/models/aws_robomaker_warehouse_ShelfF_01/materials/textures/aws_robomaker_warehouse_ShelfF_01.png
[6.795s] -- Installing: /home/usuario/Descargas/ros2_ws/install/warehouse_exercise/share/warehouse_exercise/models/aws_robomaker_warehouse_ShelfF_01/materials/textures/aws_robomaker_warehouse_ShelfF_02.png
[6.819s] -- Installing: /home/usuario/Descargas/ros2_ws/install/warehouse_exercise/share/warehouse_exercise/models/aws_robomaker_warehouse_ShelfF_01/model.config
[6.826s] -- Installing: /home/usuario/Descargas/ros2_ws/install/warehouse_exercise/share/warehouse_exercise/models/aws_robomaker_warehouse_ShelfF_01/model.sdf
[6.833s] -- Installing: /home/usuario/Descargas/ros2_ws/install/warehouse_exercise/share/warehouse_exercise/models/aws_robomaker_warehouse_TrashCanC_01
[6.833s] -- Installing: /home/usuario/Descargas/ros2_ws/install/warehouse_exercise/share/warehouse_exercise/models/aws_robomaker_warehouse_TrashCanC_01/meshes
[6.833s] -- Installing: /home/usuario/Descargas/ros2_ws/install/warehouse_exercise/share/warehouse_exercise/models/aws_robomaker_warehouse_TrashCanC_01/meshes/aws_robomaker_warehouse_TrashCanC_01_collision.DAE
[6.844s] -- Installing: /home/usuario/Descargas/ros2_ws/install/warehouse_exercise/share/warehouse_exercise/models/aws_robomaker_warehouse_TrashCanC_01/meshes/aws_robomaker_warehouse_TrashCanC_01_visual.DAE
[6.885s] -- Installing: /home/usuario/Descargas/ros2_ws/install/warehouse_exercise/share/warehouse_exercise/models/aws_robomaker_warehouse_TrashCanC_01/materials
[6.885s] -- Installing: /home/usuario/Descargas/ros2_ws/install/warehouse_exercise/share/warehouse_exercise/models/aws_robomaker_warehouse_TrashCanC_01/materials/textures
[6.885s] -- Installing: /home/usuario/Descargas/ros2_ws/install/warehouse_exercise/share/warehouse_exercise/models/aws_robomaker_warehouse_TrashCanC_01/materials/textures/aws_robomaker_warehouse_TrashCanC_01.png
[6.916s] -- Installing: /home/usuario/Descargas/ros2_ws/install/warehouse_exercise/share/warehouse_exercise/models/aws_robomaker_warehouse_TrashCanC_01/model.config
[6.924s] -- Installing: /home/usuario/Descargas/ros2_ws/install/warehouse_exercise/share/warehouse_exercise/models/aws_robomaker_warehouse_TrashCanC_01/model.sdf
[6.930s] -- Installing: /home/usuario/Descargas/ros2_ws/install/warehouse_exercise/share/warehouse_exercise/worlds
[6.931s] -- Installing: /home/usuario/Descargas/ros2_ws/install/warehouse_exercise/share/warehouse_exercise/worlds/no_roof_small_warehouse
[6.931s] -- Installing: /home/usuario/Descargas/ros2_ws/install/warehouse_exercise/share/warehouse_exercise/worlds/no_roof_small_warehouse/no_roof_small_warehouse.world
[6.938s] -- Installing: /home/usuario/Descargas/ros2_ws/install/warehouse_exercise/share/warehouse_exercise/worlds/small_warehouse
[6.938s] -- Installing: /home/usuario/Descargas/ros2_ws/install/warehouse_exercise/share/warehouse_exercise/worlds/small_warehouse/small_warehouse.world
[6.946s] -- Installing: /home/usuario/Descargas/ros2_ws/install/warehouse_exercise/share/warehouse_exercise/maps
[6.946s] -- Installing: /home/usuario/Descargas/ros2_ws/install/warehouse_exercise/share/warehouse_exercise/maps/.DS_Store
[6.952s] -- Installing: /home/usuario/Descargas/ros2_ws/install/warehouse_exercise/share/warehouse_exercise/rviz
[6.952s] -- Installing: /home/usuario/Descargas/ros2_ws/install/warehouse_exercise/share/warehouse_exercise/rviz/tb3_navigation2.rviz
[6.962s] -- Installing: /home/usuario/Descargas/ros2_ws/install/warehouse_exercise/share/warehouse_exercise/param
[6.962s] -- Installing: /home/usuario/Descargas/ros2_ws/install/warehouse_exercise/share/warehouse_exercise/param/burger.yaml
[6.966s] -- Installing: /home/usuario/Descargas/ros2_ws/install/warehouse_exercise/share/warehouse_exercise/param/waffle_pi.yaml
[6.970s] -- Installing: /home/usuario/Descargas/ros2_ws/install/warehouse_exercise/share/warehouse_exercise/param/waffle.yaml
[6.974s] -- Installing: /home/usuario/Descargas/ros2_ws/install/warehouse_exercise/share/warehouse_exercise/environment/aws_robomaker_small_warehouse_world.dsv
[6.977s] -- Installing: /home/usuario/Descargas/ros2_ws/install/warehouse_exercise/share/ament_index/resource_index/package_run_dependencies/warehouse_exercise
[6.980s] -- Installing: /home/usuario/Descargas/ros2_ws/install/warehouse_exercise/share/ament_index/resource_index/parent_prefix_path/warehouse_exercise
[6.986s] -- Installing: /home/usuario/Descargas/ros2_ws/install/warehouse_exercise/share/warehouse_exercise/environment/ament_prefix_path.sh
[6.987s] -- Installing: /home/usuario/Descargas/ros2_ws/install/warehouse_exercise/share/warehouse_exercise/environment/ament_prefix_path.dsv
[6.990s] -- Installing: /home/usuario/Descargas/ros2_ws/install/warehouse_exercise/share/warehouse_exercise/environment/path.sh
[6.990s] -- Installing: /home/usuario/Descargas/ros2_ws/install/warehouse_exercise/share/warehouse_exercise/environment/path.dsv
[6.993s] -- Installing: /home/usuario/Descargas/ros2_ws/install/warehouse_exercise/share/warehouse_exercise/local_setup.bash
[6.996s] -- Installing: /home/usuario/Descargas/ros2_ws/install/warehouse_exercise/share/warehouse_exercise/local_setup.sh
[7.000s] -- Installing: /home/usuario/Descargas/ros2_ws/install/warehouse_exercise/share/warehouse_exercise/local_setup.zsh
[7.003s] -- Installing: /home/usuario/Descargas/ros2_ws/install/warehouse_exercise/share/warehouse_exercise/local_setup.dsv
[7.009s] -- Installing: /home/usuario/Descargas/ros2_ws/install/warehouse_exercise/share/warehouse_exercise/package.dsv
[7.016s] -- Installing: /home/usuario/Descargas/ros2_ws/install/warehouse_exercise/share/ament_index/resource_index/packages/warehouse_exercise
[7.017s] -- Installing: /home/usuario/Descargas/ros2_ws/install/warehouse_exercise/share/warehouse_exercise/cmake/ament_cmake_export_dependencies-extras.cmake
[7.020s] -- Installing: /home/usuario/Descargas/ros2_ws/install/warehouse_exercise/share/warehouse_exercise/cmake/warehouse_exerciseConfig.cmake
[7.023s] -- Installing: /home/usuario/Descargas/ros2_ws/install/warehouse_exercise/share/warehouse_exercise/cmake/warehouse_exerciseConfig-version.cmake
[7.026s] -- Installing: /home/usuario/Descargas/ros2_ws/install/warehouse_exercise/share/warehouse_exercise/package.xml
[7.031s] Invoked command in '/home/usuario/Descargas/ros2_ws/build/warehouse_exercise' returned '0': CMAKE_PREFIX_PATH=${CMAKE_PREFIX_PATH}:/opt/ros/humble /usr/bin/cmake --install /home/usuario/Descargas/ros2_ws/build/warehouse_exercise
