[0.031s] Invoking command in '/home/usuario/Documentos/GitHub/IR2121/Patrolling/build/patrolling': CMAKE_PREFIX_PATH=/opt/ros/humble /usr/bin/cmake /home/usuario/Documentos/GitHub/IR2121/Patrolling/src/patrolling -DCMAKE_INSTALL_PREFIX=/home/usuario/Documentos/GitHub/IR2121/Patrolling/install/patrolling
[0.059s] -- Found ament_cmake: 1.3.12 (/opt/ros/humble/share/ament_cmake/cmake)
[0.185s] -- Found rclcpp: 16.0.15 (/opt/ros/humble/share/rclcpp/cmake)
[0.210s] -- Found rosidl_generator_c: 3.1.7 (/opt/ros/humble/share/rosidl_generator_c/cmake)
[0.212s] -- Found rosidl_adapter: 3.1.7 (/opt/ros/humble/share/rosidl_adapter/cmake)
[0.216s] -- Found rosidl_generator_cpp: 3.1.7 (/opt/ros/humble/share/rosidl_generator_cpp/cmake)
[0.223s] -- Using all available rosidl_typesupport_c: rosidl_typesupport_fastrtps_c;rosidl_typesupport_introspection_c
[0.232s] -- Using all available rosidl_typesupport_cpp: rosidl_typesupport_fastrtps_cpp;rosidl_typesupport_introspection_cpp
[0.255s] -- Found rmw_implementation_cmake: 6.1.2 (/opt/ros/humble/share/rmw_implementation_cmake/cmake)
[0.256s] -- Found rmw_fastrtps_cpp: 6.2.9 (/opt/ros/humble/share/rmw_fastrtps_cpp/cmake)
[0.374s] -- Using RMW implementation 'rmw_fastrtps_cpp' as default
[0.424s] [31mCMake Error at CMakeLists.txt:16 (find_package):
[0.425s]   By not providing "Findpose_stamped.cmake" in CMAKE_MODULE_PATH this project
[0.425s]   has asked CMake to find a package configuration file provided by
[0.425s]   "pose_stamped", but CMake did not find one.
[0.425s] 
[0.425s]   Could not find a package configuration file provided by "pose_stamped" with
[0.425s]   any of the following names:
[0.425s] 
[0.425s]     pose_stampedConfig.cmake
[0.425s]     pose_stamped-config.cmake
[0.425s] 
[0.425s]   Add the installation prefix of "pose_stamped" to CMAKE_PREFIX_PATH or set
[0.425s]   "pose_stamped_DIR" to a directory containing one of the above files.  If
[0.425s]   "pose_stamped" provides a separate development package or SDK, be sure it
[0.425s]   has been installed.
[0.426s] 
[0.426s] [0m
[0.426s] -- Configuring incomplete, errors occurred!
[0.426s] See also "/home/usuario/Documentos/GitHub/IR2121/Patrolling/build/patrolling/CMakeFiles/CMakeOutput.log".
[0.441s] Invoked command in '/home/usuario/Documentos/GitHub/IR2121/Patrolling/build/patrolling' returned '1': CMAKE_PREFIX_PATH=/opt/ros/humble /usr/bin/cmake /home/usuario/Documentos/GitHub/IR2121/Patrolling/src/patrolling -DCMAKE_INSTALL_PREFIX=/home/usuario/Documentos/GitHub/IR2121/Patrolling/install/patrolling
