[0.023s] Invoking command in '/home/usuario/Descargas/ros2_ws/build/room_exercise': CMAKE_PREFIX_PATH=/opt/ros/humble /usr/bin/cmake /home/usuario/Descargas/ros2_ws/room_exercise -DCMAKE_INSTALL_PREFIX=/home/usuario/Descargas/ros2_ws/install/room_exercise
[0.351s] -- The C compiler identification is GNU 10.5.0
[0.627s] -- The CXX compiler identification is GNU 10.5.0
[0.652s] -- Detecting C compiler ABI info
[0.979s] -- Detecting C compiler ABI info - done
[1.005s] -- Check for working C compiler: /usr/bin/cc - skipped
[1.006s] -- Detecting C compile features
[1.006s] -- Detecting C compile features - done
[1.021s] -- Detecting CXX compiler ABI info
[1.298s] -- Detecting CXX compiler ABI info - done
[1.329s] -- Check for working CXX compiler: /usr/bin/c++ - skipped
[1.329s] -- Detecting CXX compile features
[1.330s] -- Detecting CXX compile features - done
[1.347s] -- Found ament_cmake: 1.3.12 (/opt/ros/humble/share/ament_cmake/cmake)
[1.472s] -- Found Python3: /usr/bin/python3 (found version "3.10.12") found components: Interpreter 
[1.595s] -- Found ament_lint_auto: 0.12.14 (/opt/ros/humble/share/ament_lint_auto/cmake)
[1.720s] -- Configuring done
[1.726s] -- Generating done
[1.770s] -- Build files have been written to: /home/usuario/Descargas/ros2_ws/build/room_exercise
[1.773s] Invoked command in '/home/usuario/Descargas/ros2_ws/build/room_exercise' returned '0': CMAKE_PREFIX_PATH=/opt/ros/humble /usr/bin/cmake /home/usuario/Descargas/ros2_ws/room_exercise -DCMAKE_INSTALL_PREFIX=/home/usuario/Descargas/ros2_ws/install/room_exercise
[1.779s] Invoking command in '/home/usuario/Descargas/ros2_ws/build/room_exercise': CMAKE_PREFIX_PATH=/opt/ros/humble /usr/bin/cmake --build /home/usuario/Descargas/ros2_ws/build/room_exercise -- -j6 -l6
[1.858s] Invoked command in '/home/usuario/Descargas/ros2_ws/build/room_exercise' returned '0': CMAKE_PREFIX_PATH=/opt/ros/humble /usr/bin/cmake --build /home/usuario/Descargas/ros2_ws/build/room_exercise -- -j6 -l6
[1.880s] Invoking command in '/home/usuario/Descargas/ros2_ws/build/room_exercise': CMAKE_PREFIX_PATH=/opt/ros/humble /usr/bin/cmake --install /home/usuario/Descargas/ros2_ws/build/room_exercise
[1.897s] -- Install configuration: ""
[1.897s] -- Installing: /home/usuario/Descargas/ros2_ws/install/room_exercise/share/room_exercise//launch
[1.897s] -- Installing: /home/usuario/Descargas/ros2_ws/install/room_exercise/share/room_exercise//launch/localization.launch.py
[1.905s] -- Installing: /home/usuario/Descargas/ros2_ws/install/room_exercise/share/room_exercise//launch/turtlebot3_room.launch.py
[1.914s] -- Installing: /home/usuario/Descargas/ros2_ws/install/room_exercise/share/room_exercise//launch/navigation2.launch.py
[1.922s] -- Installing: /home/usuario/Descargas/ros2_ws/install/room_exercise/share/room_exercise//worlds
[1.922s] -- Installing: /home/usuario/Descargas/ros2_ws/install/room_exercise/share/room_exercise//worlds/room.world
[1.935s] -- Installing: /home/usuario/Descargas/ros2_ws/install/room_exercise/share/room_exercise//param
[1.935s] -- Installing: /home/usuario/Descargas/ros2_ws/install/room_exercise/share/room_exercise//param/burger.yaml
[1.944s] -- Installing: /home/usuario/Descargas/ros2_ws/install/room_exercise/share/room_exercise//param/waffle_pi.yaml
[1.954s] -- Installing: /home/usuario/Descargas/ros2_ws/install/room_exercise/share/room_exercise//param/waffle.yaml
[1.963s] -- Installing: /home/usuario/Descargas/ros2_ws/install/room_exercise/share/room_exercise//rviz
[1.963s] -- Installing: /home/usuario/Descargas/ros2_ws/install/room_exercise/share/room_exercise//rviz/amcl_default_view.rviz
[1.973s] -- Installing: /home/usuario/Descargas/ros2_ws/install/room_exercise/share/room_exercise//maps
[1.973s] -- Installing: /home/usuario/Descargas/ros2_ws/install/room_exercise/share/room_exercise//maps/map.yaml
[1.980s] -- Installing: /home/usuario/Descargas/ros2_ws/install/room_exercise/share/room_exercise//maps/map_0.05m-px.png
[1.984s] -- Installing: /home/usuario/Descargas/ros2_ws/install/room_exercise/share/ament_index/resource_index/package_run_dependencies/room_exercise
[1.992s] -- Installing: /home/usuario/Descargas/ros2_ws/install/room_exercise/share/ament_index/resource_index/parent_prefix_path/room_exercise
[1.999s] -- Installing: /home/usuario/Descargas/ros2_ws/install/room_exercise/share/room_exercise/environment/ament_prefix_path.sh
[2.000s] -- Installing: /home/usuario/Descargas/ros2_ws/install/room_exercise/share/room_exercise/environment/ament_prefix_path.dsv
[2.007s] -- Installing: /home/usuario/Descargas/ros2_ws/install/room_exercise/share/room_exercise/environment/path.sh
[2.007s] -- Installing: /home/usuario/Descargas/ros2_ws/install/room_exercise/share/room_exercise/environment/path.dsv
[2.015s] -- Installing: /home/usuario/Descargas/ros2_ws/install/room_exercise/share/room_exercise/local_setup.bash
[2.018s] -- Installing: /home/usuario/Descargas/ros2_ws/install/room_exercise/share/room_exercise/local_setup.sh
[2.021s] -- Installing: /home/usuario/Descargas/ros2_ws/install/room_exercise/share/room_exercise/local_setup.zsh
[2.024s] -- Installing: /home/usuario/Descargas/ros2_ws/install/room_exercise/share/room_exercise/local_setup.dsv
[2.031s] -- Installing: /home/usuario/Descargas/ros2_ws/install/room_exercise/share/room_exercise/package.dsv
[2.039s] -- Installing: /home/usuario/Descargas/ros2_ws/install/room_exercise/share/ament_index/resource_index/packages/room_exercise
[2.040s] -- Installing: /home/usuario/Descargas/ros2_ws/install/room_exercise/share/room_exercise/cmake/room_exerciseConfig.cmake
[2.043s] -- Installing: /home/usuario/Descargas/ros2_ws/install/room_exercise/share/room_exercise/cmake/room_exerciseConfig-version.cmake
[2.046s] -- Installing: /home/usuario/Descargas/ros2_ws/install/room_exercise/share/room_exercise/package.xml
[2.051s] Invoked command in '/home/usuario/Descargas/ros2_ws/build/room_exercise' returned '0': CMAKE_PREFIX_PATH=/opt/ros/humble /usr/bin/cmake --install /home/usuario/Descargas/ros2_ws/build/room_exercise
