[0.022s] Invoking command in '/home/usuario/Documentos/GitHub/IR2121/Patrolling/build/patrolling': CMAKE_PREFIX_PATH=/opt/ros/humble /usr/bin/cmake /home/usuario/Documentos/GitHub/IR2121/Patrolling/src/patrolling -DCMAKE_INSTALL_PREFIX=/home/usuario/Documentos/GitHub/IR2121/Patrolling/install/patrolling
[0.050s] -- Found ament_cmake: 1.3.12 (/opt/ros/humble/share/ament_cmake/cmake)
[0.162s] -- Found rclcpp: 16.0.15 (/opt/ros/humble/share/rclcpp/cmake)
[0.188s] -- Found rosidl_generator_c: 3.1.7 (/opt/ros/humble/share/rosidl_generator_c/cmake)
[0.190s] -- Found rosidl_adapter: 3.1.7 (/opt/ros/humble/share/rosidl_adapter/cmake)
[0.194s] -- Found rosidl_generator_cpp: 3.1.7 (/opt/ros/humble/share/rosidl_generator_cpp/cmake)
[0.201s] -- Using all available rosidl_typesupport_c: rosidl_typesupport_fastrtps_c;rosidl_typesupport_introspection_c
[0.210s] -- Using all available rosidl_typesupport_cpp: rosidl_typesupport_fastrtps_cpp;rosidl_typesupport_introspection_cpp
[0.232s] -- Found rmw_implementation_cmake: 6.1.2 (/opt/ros/humble/share/rmw_implementation_cmake/cmake)
[0.233s] -- Found rmw_fastrtps_cpp: 6.2.9 (/opt/ros/humble/share/rmw_fastrtps_cpp/cmake)
[0.351s] -- Using RMW implementation 'rmw_fastrtps_cpp' as default
[0.388s] -- Found geometry_msgs: 4.9.0 (/opt/ros/humble/share/geometry_msgs/cmake)
[0.402s] [31mCMake Error at /opt/ros/humble/share/ament_cmake_target_dependencies/cmake/ament_target_dependencies.cmake:77 (message):
[0.403s]   ament_target_dependencies() the passed package name 'pose_stamped' was not
[0.403s]   found before
[0.403s] Call Stack (most recent call first):
[0.403s]   CMakeLists.txt:20 (ament_target_dependencies)
[0.403s] 
[0.403s] [0m
[0.403s] -- Configuring incomplete, errors occurred!
[0.403s] See also "/home/usuario/Documentos/GitHub/IR2121/Patrolling/build/patrolling/CMakeFiles/CMakeOutput.log".
[0.410s] Invoked command in '/home/usuario/Documentos/GitHub/IR2121/Patrolling/build/patrolling' returned '1': CMAKE_PREFIX_PATH=/opt/ros/humble /usr/bin/cmake /home/usuario/Documentos/GitHub/IR2121/Patrolling/src/patrolling -DCMAKE_INSTALL_PREFIX=/home/usuario/Documentos/GitHub/IR2121/Patrolling/install/patrolling
