[0.010s] Invoking command in '/home/usuario/Descargas/ros2_ws/src/warehouse_exercise/build/warehouse_exercise': /usr/bin/cmake /home/usuario/Descargas/ros2_ws/src/warehouse_exercise -DCMAKE_INSTALL_PREFIX=/home/usuario/Descargas/ros2_ws/src/warehouse_exercise/install/warehouse_exercise
[0.110s] -- The C compiler identification is GNU 10.5.0
[0.214s] -- The CXX compiler identification is GNU 10.5.0
[0.227s] -- Detecting C compiler ABI info
[0.400s] -- Detecting C compiler ABI info - done
[0.426s] -- Check for working C compiler: /usr/bin/cc - skipped
[0.426s] -- Detecting C compile features
[0.427s] -- Detecting C compile features - done
[0.436s] -- Detecting CXX compiler ABI info
[0.617s] -- Detecting CXX compiler ABI info - done
[0.650s] -- Check for working CXX compiler: /usr/bin/c++ - skipped
[0.650s] -- Detecting CXX compile features
[0.650s] -- Detecting CXX compile features - done
[0.674s] [31mCMake Error at CMakeLists.txt:10 (find_package):
[0.674s]   By not providing "Findament_cmake.cmake" in CMAKE_MODULE_PATH this project
[0.674s]   has asked CMake to find a package configuration file provided by
[0.674s]   "ament_cmake", but CMake did not find one.
[0.674s] 
[0.675s]   Could not find a package configuration file provided by "ament_cmake" with
[0.675s]   any of the following names:
[0.675s] 
[0.675s]     ament_cmakeConfig.cmake
[0.675s]     ament_cmake-config.cmake
[0.675s] 
[0.675s]   Add the installation prefix of "ament_cmake" to CMAKE_PREFIX_PATH or set
[0.675s]   "ament_cmake_DIR" to a directory containing one of the above files.  If
[0.675s]   "ament_cmake" provides a separate development package or SDK, be sure it
[0.675s]   has been installed.
[0.675s] 
[0.675s] [0m
[0.675s] -- Configuring incomplete, errors occurred!
[0.675s] See also "/home/usuario/Descargas/ros2_ws/src/warehouse_exercise/build/warehouse_exercise/CMakeFiles/CMakeOutput.log".
[0.678s] Invoked command in '/home/usuario/Descargas/ros2_ws/src/warehouse_exercise/build/warehouse_exercise' returned '1': /usr/bin/cmake /home/usuario/Descargas/ros2_ws/src/warehouse_exercise -DCMAKE_INSTALL_PREFIX=/home/usuario/Descargas/ros2_ws/src/warehouse_exercise/install/warehouse_exercise
