[35m[1mConsolidate compiler generated dependencies of target publisher[0m
[ 50%] [32mBuilding CXX object CMakeFiles/publisher.dir/src/publisher.cpp.o[0m
[100%] [32m[1mLinking CXX executable publisher[0m
[100%] Built target publisher
-- Install configuration: ""
-- Installing: /home/usuario/Documentos/GitHub/IR2121/Patrolling/install/patrolling/lib/patrolling/publisher
-- Set runtime path of "/home/usuario/Documentos/GitHub/IR2121/Patrolling/install/patrolling/lib/patrolling/publisher" to ""
-- Installing: /home/usuario/Documentos/GitHub/IR2121/Patrolling/install/patrolling/share/ament_index/resource_index/package_run_dependencies/patrolling
-- Installing: /home/usuario/Documentos/GitHub/IR2121/Patrolling/install/patrolling/share/ament_index/resource_index/parent_prefix_path/patrolling
-- Installing: /home/usuario/Documentos/GitHub/IR2121/Patrolling/install/patrolling/share/patrolling/environment/ament_prefix_path.sh
-- Installing: /home/usuario/Documentos/GitHub/IR2121/Patrolling/install/patrolling/share/patrolling/environment/ament_prefix_path.dsv
-- Installing: /home/usuario/Documentos/GitHub/IR2121/Patrolling/install/patrolling/share/patrolling/environment/path.sh
-- Installing: /home/usuario/Documentos/GitHub/IR2121/Patrolling/install/patrolling/share/patrolling/environment/path.dsv
-- Installing: /home/usuario/Documentos/GitHub/IR2121/Patrolling/install/patrolling/share/patrolling/local_setup.bash
-- Installing: /home/usuario/Documentos/GitHub/IR2121/Patrolling/install/patrolling/share/patrolling/local_setup.sh
-- Installing: /home/usuario/Documentos/GitHub/IR2121/Patrolling/install/patrolling/share/patrolling/local_setup.zsh
-- Installing: /home/usuario/Documentos/GitHub/IR2121/Patrolling/install/patrolling/share/patrolling/local_setup.dsv
-- Installing: /home/usuario/Documentos/GitHub/IR2121/Patrolling/install/patrolling/share/patrolling/package.dsv
-- Installing: /home/usuario/Documentos/GitHub/IR2121/Patrolling/install/patrolling/share/ament_index/resource_index/packages/patrolling
-- Installing: /home/usuario/Documentos/GitHub/IR2121/Patrolling/install/patrolling/share/patrolling/cmake/patrollingConfig.cmake
-- Installing: /home/usuario/Documentos/GitHub/IR2121/Patrolling/install/patrolling/share/patrolling/cmake/patrollingConfig-version.cmake
-- Installing: /home/usuario/Documentos/GitHub/IR2121/Patrolling/install/patrolling/share/patrolling/package.xml
