[0.034s] Invoking command in '/home/usuario/Documentos/GitHub/IR2121/Patrolling/src/build/patrolling': CMAKE_PREFIX_PATH=${CMAKE_PREFIX_PATH}:/opt/ros/humble /usr/bin/cmake --build /home/usuario/Documentos/GitHub/IR2121/Patrolling/src/build/patrolling -- -j6 -l6
[0.150s] [35m[1mConsolidate compiler generated dependencies of target publisher[0m
[0.224s] [100%] Built target publisher
[0.235s] Invoked command in '/home/usuario/Documentos/GitHub/IR2121/Patrolling/src/build/patrolling' returned '0': CMAKE_PREFIX_PATH=${CMAKE_PREFIX_PATH}:/opt/ros/humble /usr/bin/cmake --build /home/usuario/Documentos/GitHub/IR2121/Patrolling/src/build/patrolling -- -j6 -l6
[0.254s] Invoking command in '/home/usuario/Documentos/GitHub/IR2121/Patrolling/src/build/patrolling': CMAKE_PREFIX_PATH=${CMAKE_PREFIX_PATH}:/opt/ros/humble /usr/bin/cmake --install /home/usuario/Documentos/GitHub/IR2121/Patrolling/src/build/patrolling
[0.265s] -- Install configuration: ""
[0.412s] -- Up-to-date: /home/usuario/Documentos/GitHub/IR2121/Patrolling/src/install/patrolling/lib/patrolling/publisher
[0.560s] -- Up-to-date: /home/usuario/Documentos/GitHub/IR2121/Patrolling/src/install/patrolling/share/ament_index/resource_index/package_run_dependencies/patrolling
[0.560s] -- Up-to-date: /home/usuario/Documentos/GitHub/IR2121/Patrolling/src/install/patrolling/share/ament_index/resource_index/parent_prefix_path/patrolling
[0.560s] -- Up-to-date: /home/usuario/Documentos/GitHub/IR2121/Patrolling/src/install/patrolling/share/patrolling/environment/ament_prefix_path.sh
[0.560s] -- Up-to-date: /home/usuario/Documentos/GitHub/IR2121/Patrolling/src/install/patrolling/share/patrolling/environment/ament_prefix_path.dsv
[0.560s] -- Up-to-date: /home/usuario/Documentos/GitHub/IR2121/Patrolling/src/install/patrolling/share/patrolling/environment/path.sh
[0.561s] -- Up-to-date: /home/usuario/Documentos/GitHub/IR2121/Patrolling/src/install/patrolling/share/patrolling/environment/path.dsv
[0.561s] -- Up-to-date: /home/usuario/Documentos/GitHub/IR2121/Patrolling/src/install/patrolling/share/patrolling/local_setup.bash
[0.561s] -- Up-to-date: /home/usuario/Documentos/GitHub/IR2121/Patrolling/src/install/patrolling/share/patrolling/local_setup.sh
[0.561s] -- Up-to-date: /home/usuario/Documentos/GitHub/IR2121/Patrolling/src/install/patrolling/share/patrolling/local_setup.zsh
[0.561s] -- Up-to-date: /home/usuario/Documentos/GitHub/IR2121/Patrolling/src/install/patrolling/share/patrolling/local_setup.dsv
[0.561s] -- Installing: /home/usuario/Documentos/GitHub/IR2121/Patrolling/src/install/patrolling/share/patrolling/package.dsv
[0.564s] -- Up-to-date: /home/usuario/Documentos/GitHub/IR2121/Patrolling/src/install/patrolling/share/ament_index/resource_index/packages/patrolling
[0.564s] -- Up-to-date: /home/usuario/Documentos/GitHub/IR2121/Patrolling/src/install/patrolling/share/patrolling/cmake/patrollingConfig.cmake
[0.564s] -- Up-to-date: /home/usuario/Documentos/GitHub/IR2121/Patrolling/src/install/patrolling/share/patrolling/cmake/patrollingConfig-version.cmake
[0.564s] -- Up-to-date: /home/usuario/Documentos/GitHub/IR2121/Patrolling/src/install/patrolling/share/patrolling/package.xml
[0.567s] Invoked command in '/home/usuario/Documentos/GitHub/IR2121/Patrolling/src/build/patrolling' returned '0': CMAKE_PREFIX_PATH=${CMAKE_PREFIX_PATH}:/opt/ros/humble /usr/bin/cmake --install /home/usuario/Documentos/GitHub/IR2121/Patrolling/src/build/patrolling
