[0.025s] Invoking command in '/home/usuario/Documentos/GitHub/IR2121/Patrolling/build/patrolling': CMAKE_PREFIX_PATH=/opt/ros/humble /usr/bin/cmake /home/usuario/Documentos/GitHub/IR2121/Patrolling/src/patrolling -DCMAKE_INSTALL_PREFIX=/home/usuario/Documentos/GitHub/IR2121/Patrolling/install/patrolling
[0.061s] -- Found ament_cmake: 1.3.12 (/opt/ros/humble/share/ament_cmake/cmake)
[0.186s] -- Found Python3: /usr/bin/python3 (found version "3.10.12") found components: Interpreter 
[0.313s] -- Found rclcpp: 16.0.15 (/opt/ros/humble/share/rclcpp/cmake)
[0.374s] -- Found rosidl_generator_c: 3.1.7 (/opt/ros/humble/share/rosidl_generator_c/cmake)
[0.381s] -- Found rosidl_adapter: 3.1.7 (/opt/ros/humble/share/rosidl_adapter/cmake)
[0.391s] -- Found rosidl_generator_cpp: 3.1.7 (/opt/ros/humble/share/rosidl_generator_cpp/cmake)
[0.409s] -- Using all available rosidl_typesupport_c: rosidl_typesupport_fastrtps_c;rosidl_typesupport_introspection_c
[0.430s] -- Using all available rosidl_typesupport_cpp: rosidl_typesupport_fastrtps_cpp;rosidl_typesupport_introspection_cpp
[0.484s] -- Found rmw_implementation_cmake: 6.1.2 (/opt/ros/humble/share/rmw_implementation_cmake/cmake)
[0.488s] -- Found rmw_fastrtps_cpp: 6.2.9 (/opt/ros/humble/share/rmw_fastrtps_cpp/cmake)
[0.596s] -- Found OpenSSL: /usr/lib/x86_64-linux-gnu/libcrypto.so (found version "3.0.2")  
[0.630s] -- Found FastRTPS: /opt/ros/humble/include  
[0.682s] -- Using RMW implementation 'rmw_fastrtps_cpp' as default
[0.707s] -- Looking for pthread.h
[1.033s] -- Looking for pthread.h - found
[1.043s] -- Performing Test CMAKE_HAVE_LIBC_PTHREAD
[1.367s] -- Performing Test CMAKE_HAVE_LIBC_PTHREAD - Success
[1.378s] -- Found Threads: TRUE  
[1.457s] [31mCMake Error at CMakeLists.txt:16 (find_package):
[1.457s]   By not providing "Findpose_stamped.cmake" in CMAKE_MODULE_PATH this project
[1.457s]   has asked CMake to find a package configuration file provided by
[1.457s]   "pose_stamped", but CMake did not find one.
[1.457s] 
[1.457s]   Could not find a package configuration file provided by "pose_stamped" with
[1.457s]   any of the following names:
[1.457s] 
[1.457s]     pose_stampedConfig.cmake
[1.457s]     pose_stamped-config.cmake
[1.457s] 
[1.457s]   Add the installation prefix of "pose_stamped" to CMAKE_PREFIX_PATH or set
[1.458s]   "pose_stamped_DIR" to a directory containing one of the above files.  If
[1.458s]   "pose_stamped" provides a separate development package or SDK, be sure it
[1.458s]   has been installed.
[1.458s] 
[1.458s] [0m
[1.458s] -- Configuring incomplete, errors occurred!
[1.458s] See also "/home/usuario/Documentos/GitHub/IR2121/Patrolling/build/patrolling/CMakeFiles/CMakeOutput.log".
[1.465s] Invoked command in '/home/usuario/Documentos/GitHub/IR2121/Patrolling/build/patrolling' returned '1': CMAKE_PREFIX_PATH=/opt/ros/humble /usr/bin/cmake /home/usuario/Documentos/GitHub/IR2121/Patrolling/src/patrolling -DCMAKE_INSTALL_PREFIX=/home/usuario/Documentos/GitHub/IR2121/Patrolling/install/patrolling
